RunId: 20260507-011304
Suite: csredis
Target: http://127.0.0.1:50051
Output: artifacts\chaos-compare\run-20260507-011304\scale-in\csredis\run-20260507-011304

=== Phase: warmup (csredis) ===
dotnet run --project CsredisGrpcStressTests -- --suite csredis --target http://127.0.0.1:50051 --method all --total 500 --concurrency 20 --key-prefix grpc:phased:csredis:warmup:20260507-011304 --pipeline-key-count 3 --expiry-seconds 300
Log: artifacts\chaos-compare\run-20260507-011304\scale-in\csredis\run-20260507-011304\warmup.log
[GrpcStress] suite=csredis, method=all, target=http://127.0.0.1:50051, total=500, concurrency=20
[GrpcStress] Completed
[GrpcStress] Overall Success=500, Failed=0, Duration=47302ms, QPS=10.57
[GrpcStress] Overall Latency(ms): p50=133.28, p95=13390.96, p99=18645.13, max=22669.52
[GrpcStress:cacheshell] Success=100, Failed=0, p95=6771.66ms, p99=15465.88ms
[GrpcStress:get] Success=100, Failed=0, p95=2262.59ms, p99=8538.88ms
[GrpcStress:node] Success=100, Failed=0, p95=18645.13ms, p99=19781.53ms
[GrpcStress:pipeline] Success=100, Failed=0, p95=8649.08ms, p99=16140.34ms
[GrpcStress:slot] Success=100, Failed=0, p95=557.22ms, p99=630.25ms

=== Phase: baseline-get (csredis) ===
dotnet run --project CsredisGrpcStressTests -- --suite csredis --target http://127.0.0.1:50051 --method get --total 5000 --concurrency 100 --key-prefix grpc:phased:csredis:baseline-get:20260507-011304 --pipeline-key-count 3 --expiry-seconds 300
Log: artifacts\chaos-compare\run-20260507-011304\scale-in\csredis\run-20260507-011304\baseline-get.log
[GrpcStress] suite=csredis, method=get, target=http://127.0.0.1:50051, total=5000, concurrency=100
[GrpcStress] Completed
[GrpcStress] Overall Success=5000, Failed=0, Duration=50731ms, QPS=98.56
[GrpcStress] Overall Latency(ms): p50=19.18, p95=6792.32, p99=7721.53, max=8730.30
[GrpcStress:get] Success=5000, Failed=0, p95=6792.32ms, p99=7721.53ms

=== Phase: baseline-pipeline (csredis) ===
dotnet run --project CsredisGrpcStressTests -- --suite csredis --target http://127.0.0.1:50051 --method pipeline --total 5000 --concurrency 100 --key-prefix grpc:phased:csredis:baseline-pipeline:20260507-011304 --pipeline-key-count 3 --expiry-seconds 300
Log: artifacts\chaos-compare\run-20260507-011304\scale-in\csredis\run-20260507-011304\baseline-pipeline.log
[GrpcStress] suite=csredis, method=pipeline, target=http://127.0.0.1:50051, total=5000, concurrency=100
[GrpcStress] Completed
[GrpcStress] Overall Success=4902, Failed=98, Duration=36840ms, QPS=135.72
[GrpcStress] Overall Latency(ms): p50=39.15, p95=3637.66, p99=16097.77, max=17833.14
[GrpcStress:pipeline] Success=4902, Failed=98, p95=3637.66ms, p99=16097.77ms

=== Phase: baseline-cacheshell (csredis) ===
dotnet run --project CsredisGrpcStressTests -- --suite csredis --target http://127.0.0.1:50051 --method cacheshell --total 5000 --concurrency 100 --key-prefix grpc:phased:csredis:baseline-cacheshell:20260507-011304 --pipeline-key-count 3 --expiry-seconds 300
Log: artifacts\chaos-compare\run-20260507-011304\scale-in\csredis\run-20260507-011304\baseline-cacheshell.log
[GrpcStress] suite=csredis, method=cacheshell, target=http://127.0.0.1:50051, total=5000, concurrency=100
[GrpcStress] Completed
[GrpcStress] Overall Success=4918, Failed=82, Duration=35683ms, QPS=140.12
[GrpcStress] Overall Latency(ms): p50=77.05, p95=5629.38, p99=7028.20, max=12578.48
[GrpcStress:cacheshell] Success=4918, Failed=82, p95=5629.38ms, p99=7028.20ms

=== Phase: baseline-slot (csredis) ===
dotnet run --project CsredisGrpcStressTests -- --suite csredis --target http://127.0.0.1:50051 --method slot --total 5000 --concurrency 100 --key-prefix grpc:phased:csredis:baseline-slot:20260507-011304 --pipeline-key-count 3 --expiry-seconds 300
Log: artifacts\chaos-compare\run-20260507-011304\scale-in\csredis\run-20260507-011304\baseline-slot.log
[GrpcStress] suite=csredis, method=slot, target=http://127.0.0.1:50051, total=5000, concurrency=100
[GrpcStress] Completed
[GrpcStress] Overall Success=5000, Failed=0, Duration=2025ms, QPS=2469.09
[GrpcStress] Overall Latency(ms): p50=33.03, p95=128.39, p99=189.54, max=203.58
[GrpcStress:slot] Success=5000, Failed=0, p95=128.39ms, p99=189.54ms

=== Phase: baseline-node (csredis) ===
dotnet run --project CsredisGrpcStressTests -- --suite csredis --target http://127.0.0.1:50051 --method node --total 500 --concurrency 25 --key-prefix grpc:phased:csredis:baseline-node:20260507-011304 --pipeline-key-count 3 --expiry-seconds 300
Log: artifacts\chaos-compare\run-20260507-011304\scale-in\csredis\run-20260507-011304\baseline-node.log
[GrpcStress] suite=csredis, method=node, target=http://127.0.0.1:50051, total=500, concurrency=25
[GrpcStress] Completed
[GrpcStress] Overall Success=500, Failed=0, Duration=39104ms, QPS=12.79
[GrpcStress] Overall Latency(ms): p50=368.18, p95=9170.47, p99=10258.88, max=10445.01
[GrpcStress:node] Success=500, Failed=0, p95=9170.47ms, p99=10258.88ms

=== Phase: mixed (csredis) ===
dotnet run --project CsredisGrpcStressTests -- --suite csredis --target http://127.0.0.1:50051 --method all --total 20000 --concurrency 200 --key-prefix grpc:phased:csredis:mixed:20260507-011304 --pipeline-key-count 3 --expiry-seconds 300
Log: artifacts\chaos-compare\run-20260507-011304\scale-in\csredis\run-20260507-011304\mixed.log
[GrpcStress] suite=csredis, method=all, target=http://127.0.0.1:50051, total=20000, concurrency=200
[GrpcStress] Completed
[GrpcStress] Overall Success=20000, Failed=0, Duration=123510ms, QPS=161.93
[GrpcStress] Overall Latency(ms): p50=27.41, p95=6865.07, p99=8431.96, max=13306.20
[GrpcStress:cacheshell] Success=4000, Failed=0, p95=616.11ms, p99=2250.38ms
[GrpcStress:get] Success=4000, Failed=0, p95=169.25ms, p99=1957.47ms
[GrpcStress:node] Success=4000, Failed=0, p95=8431.96ms, p99=10100.87ms
[GrpcStress:pipeline] Success=4000, Failed=0, p95=937.28ms, p99=4317.12ms
[GrpcStress:slot] Success=4000, Failed=0, p95=116.56ms, p99=1804.91ms

=== Phased Stress Summary (csredis) ===
Summary CSV: artifacts\chaos-compare\run-20260507-011304\scale-in\csredis\run-20260507-011304\summary.csv
