RunId: iter-01
Suite: stackexchange
Target: http://127.0.0.1:50052
Output: artifacts\chaos-10x\batch-real5x10\iter-01\run-iter-01\scale-in\stackexchange\run-iter-01

=== Phase: warmup (stackexchange) ===
dotnet run --project CsredisGrpcStressTests -- --suite stackexchange --target http://127.0.0.1:50052 --method all --total 500 --concurrency 10 --key-prefix grpc:phased:stackexchange:warmup:iter-01 --pipeline-key-count 3 --expiry-seconds 300
Log: artifacts\chaos-10x\batch-real5x10\iter-01\run-iter-01\scale-in\stackexchange\run-iter-01\warmup.log
[GrpcStress] suite=stackexchange, method=all, target=http://127.0.0.1:50052, total=500, concurrency=10
[GrpcStress] Completed
[GrpcStress] Overall Success=400, Failed=100, Duration=1177ms, QPS=424.68
[GrpcStress] Overall Latency(ms): p50=7.70, p95=95.05, p99=133.88, max=135.66
[GrpcStress:cacheshell] Success=0, Failed=100, p95=29.82ms, p99=133.87ms
[GrpcStress:get] Success=100, Failed=0, p95=23.38ms, p99=133.34ms
[GrpcStress:node] Success=100, Failed=0, p95=104.20ms, p99=135.28ms
[GrpcStress:pipeline] Success=100, Failed=0, p95=27.37ms, p99=133.88ms
[GrpcStress:slot] Success=100, Failed=0, p95=11.14ms, p99=133.73ms

=== Phase: baseline-get (stackexchange) ===
dotnet run --project CsredisGrpcStressTests -- --suite stackexchange --target http://127.0.0.1:50052 --method get --total 2000 --concurrency 40 --key-prefix grpc:phased:stackexchange:baseline-get:iter-01 --pipeline-key-count 3 --expiry-seconds 300
Log: artifacts\chaos-10x\batch-real5x10\iter-01\run-iter-01\scale-in\stackexchange\run-iter-01\baseline-get.log
[GrpcStress] suite=stackexchange, method=get, target=http://127.0.0.1:50052, total=2000, concurrency=40
[GrpcStress] Completed
[GrpcStress] Overall Success=2000, Failed=0, Duration=675ms, QPS=2961.24
[GrpcStress] Overall Latency(ms): p50=7.94, p95=26.21, p99=110.61, max=151.68
[GrpcStress:get] Success=2000, Failed=0, p95=26.21ms, p99=110.61ms

=== Phase: baseline-pipeline (stackexchange) ===
dotnet run --project CsredisGrpcStressTests -- --suite stackexchange --target http://127.0.0.1:50052 --method pipeline --total 2000 --concurrency 40 --key-prefix grpc:phased:stackexchange:baseline-pipeline:iter-01 --pipeline-key-count 3 --expiry-seconds 300
Log: artifacts\chaos-10x\batch-real5x10\iter-01\run-iter-01\scale-in\stackexchange\run-iter-01\baseline-pipeline.log
[GrpcStress] suite=stackexchange, method=pipeline, target=http://127.0.0.1:50052, total=2000, concurrency=40
[GrpcStress] Completed
[GrpcStress] Overall Success=2000, Failed=0, Duration=838ms, QPS=2386.06
[GrpcStress] Overall Latency(ms): p50=12.34, p95=29.33, p99=128.28, max=164.74
[GrpcStress:pipeline] Success=2000, Failed=0, p95=29.33ms, p99=128.28ms

=== Phase: baseline-cacheshell (stackexchange) ===
dotnet run --project CsredisGrpcStressTests -- --suite stackexchange --target http://127.0.0.1:50052 --method cacheshell --total 2000 --concurrency 40 --key-prefix grpc:phased:stackexchange:baseline-cacheshell:iter-01 --pipeline-key-count 3 --expiry-seconds 300
Log: artifacts\chaos-10x\batch-real5x10\iter-01\run-iter-01\scale-in\stackexchange\run-iter-01\baseline-cacheshell.log
[GrpcStress] suite=stackexchange, method=cacheshell, target=http://127.0.0.1:50052, total=2000, concurrency=40
[GrpcStress] Completed
[GrpcStress] Overall Success=0, Failed=2000, Duration=833ms, QPS=2401.15
[GrpcStress] Overall Latency(ms): p50=13.27, p95=23.42, p99=119.11, max=158.81
[GrpcStress:cacheshell] Success=0, Failed=2000, p95=23.42ms, p99=119.11ms

=== Phase: baseline-slot (stackexchange) ===
dotnet run --project CsredisGrpcStressTests -- --suite stackexchange --target http://127.0.0.1:50052 --method slot --total 2000 --concurrency 40 --key-prefix grpc:phased:stackexchange:baseline-slot:iter-01 --pipeline-key-count 3 --expiry-seconds 300
Log: artifacts\chaos-10x\batch-real5x10\iter-01\run-iter-01\scale-in\stackexchange\run-iter-01\baseline-slot.log
[GrpcStress] suite=stackexchange, method=slot, target=http://127.0.0.1:50052, total=2000, concurrency=40
[GrpcStress] Completed
[GrpcStress] Overall Success=2000, Failed=0, Duration=357ms, QPS=5601.32
[GrpcStress] Overall Latency(ms): p50=4.04, p95=7.78, p99=102.49, max=142.21
[GrpcStress:slot] Success=2000, Failed=0, p95=7.78ms, p99=102.49ms

=== Phase: baseline-node (stackexchange) ===
dotnet run --project CsredisGrpcStressTests -- --suite stackexchange --target http://127.0.0.1:50052 --method node --total 200 --concurrency 10 --key-prefix grpc:phased:stackexchange:baseline-node:iter-01 --pipeline-key-count 3 --expiry-seconds 300
Log: artifacts\chaos-10x\batch-real5x10\iter-01\run-iter-01\scale-in\stackexchange\run-iter-01\baseline-node.log
[GrpcStress] suite=stackexchange, method=node, target=http://127.0.0.1:50052, total=200, concurrency=10
[GrpcStress] Completed
[GrpcStress] Overall Success=200, Failed=0, Duration=16105ms, QPS=12.42
[GrpcStress] Overall Latency(ms): p50=71.74, p95=7052.67, p99=7185.20, max=7604.59
[GrpcStress:node] Success=200, Failed=0, p95=7052.67ms, p99=7185.20ms

=== Phase: mixed (stackexchange) ===
dotnet run --project CsredisGrpcStressTests -- --suite stackexchange --target http://127.0.0.1:50052 --method all --total 8000 --concurrency 80 --key-prefix grpc:phased:stackexchange:mixed:iter-01 --pipeline-key-count 3 --expiry-seconds 300
Log: artifacts\chaos-10x\batch-real5x10\iter-01\run-iter-01\scale-in\stackexchange\run-iter-01\mixed.log
[GrpcStress] suite=stackexchange, method=all, target=http://127.0.0.1:50052, total=8000, concurrency=80
[GrpcStress] Completed
[GrpcStress] Overall Success=6400, Failed=1600, Duration=15190ms, QPS=526.68
[GrpcStress] Overall Latency(ms): p50=53.92, p95=604.23, p99=975.27, max=1403.65
[GrpcStress:cacheshell] Success=0, Failed=1600, p95=192.35ms, p99=292.70ms
[GrpcStress:get] Success=1600, Failed=0, p95=112.36ms, p99=189.18ms
[GrpcStress:node] Success=1600, Failed=0, p95=975.27ms, p99=1287.32ms
[GrpcStress:pipeline] Success=1600, Failed=0, p95=140.25ms, p99=211.79ms
[GrpcStress:slot] Success=1600, Failed=0, p95=76.03ms, p99=130.16ms

=== Phased Stress Summary (stackexchange) ===
Summary CSV: artifacts\chaos-10x\batch-real5x10\iter-01\run-iter-01\scale-in\stackexchange\run-iter-01\summary.csv
