RunId: iter-03
Suite: csredis
Target: http://127.0.0.1:50051
Output: artifacts\chaos-10x\batch-real5x10\iter-03\run-iter-03\scale-in\csredis\run-iter-03

=== Phase: warmup (csredis) ===
dotnet run --project CsredisGrpcStressTests -- --suite csredis --target http://127.0.0.1:50051 --method all --total 500 --concurrency 10 --key-prefix grpc:phased:csredis:warmup:iter-03 --pipeline-key-count 3 --expiry-seconds 300
Log: artifacts\chaos-10x\batch-real5x10\iter-03\run-iter-03\scale-in\csredis\run-iter-03\warmup.log
[GrpcStress] suite=csredis, method=all, target=http://127.0.0.1:50051, total=500, concurrency=10
[GrpcStress] Completed
[GrpcStress] Overall Success=0, Failed=500, Duration=2074ms, QPS=241.12
[GrpcStress] Overall Latency(ms): p50=0.15, p95=0.24, p99=2061.00, max=2061.08
[GrpcStress:cacheshell] Success=0, Failed=100, p95=0.23ms, p99=2060.99ms
[GrpcStress:get] Success=0, Failed=100, p95=0.25ms, p99=2060.80ms
[GrpcStress:node] Success=0, Failed=100, p95=0.23ms, p99=2060.99ms
[GrpcStress:pipeline] Success=0, Failed=100, p95=0.24ms, p99=2061.00ms
[GrpcStress:slot] Success=0, Failed=100, p95=0.23ms, p99=2061.04ms

=== Phase: baseline-get (csredis) ===
dotnet run --project CsredisGrpcStressTests -- --suite csredis --target http://127.0.0.1:50051 --method get --total 2000 --concurrency 40 --key-prefix grpc:phased:csredis:baseline-get:iter-03 --pipeline-key-count 3 --expiry-seconds 300
Log: artifacts\chaos-10x\batch-real5x10\iter-03\run-iter-03\scale-in\csredis\run-iter-03\baseline-get.log
[GrpcStress] suite=csredis, method=get, target=http://127.0.0.1:50051, total=2000, concurrency=40
[GrpcStress] Completed
[GrpcStress] Overall Success=0, Failed=2000, Duration=2111ms, QPS=947.28
[GrpcStress] Overall Latency(ms): p50=0.15, p95=1.52, p99=2063.91, max=2107.28
[GrpcStress:get] Success=0, Failed=2000, p95=1.52ms, p99=2063.91ms

=== Phase: baseline-pipeline (csredis) ===
dotnet run --project CsredisGrpcStressTests -- --suite csredis --target http://127.0.0.1:50051 --method pipeline --total 2000 --concurrency 40 --key-prefix grpc:phased:csredis:baseline-pipeline:iter-03 --pipeline-key-count 3 --expiry-seconds 300
Log: artifacts\chaos-10x\batch-real5x10\iter-03\run-iter-03\scale-in\csredis\run-iter-03\baseline-pipeline.log
[GrpcStress] suite=csredis, method=pipeline, target=http://127.0.0.1:50051, total=2000, concurrency=40
[GrpcStress] Completed
[GrpcStress] Overall Success=0, Failed=2000, Duration=2121ms, QPS=942.86
[GrpcStress] Overall Latency(ms): p50=0.15, p95=1.60, p99=2068.51, max=2116.23
[GrpcStress:pipeline] Success=0, Failed=2000, p95=1.60ms, p99=2068.51ms

=== Phase: baseline-cacheshell (csredis) ===
dotnet run --project CsredisGrpcStressTests -- --suite csredis --target http://127.0.0.1:50051 --method cacheshell --total 2000 --concurrency 40 --key-prefix grpc:phased:csredis:baseline-cacheshell:iter-03 --pipeline-key-count 3 --expiry-seconds 300
Log: artifacts\chaos-10x\batch-real5x10\iter-03\run-iter-03\scale-in\csredis\run-iter-03\baseline-cacheshell.log
[GrpcStress] suite=csredis, method=cacheshell, target=http://127.0.0.1:50051, total=2000, concurrency=40
[GrpcStress] Completed
[GrpcStress] Overall Success=0, Failed=2000, Duration=2148ms, QPS=931.14
[GrpcStress] Overall Latency(ms): p50=0.15, p95=1.84, p99=2069.02, max=2137.54
[GrpcStress:cacheshell] Success=0, Failed=2000, p95=1.84ms, p99=2069.02ms

=== Phase: baseline-slot (csredis) ===
dotnet run --project CsredisGrpcStressTests -- --suite csredis --target http://127.0.0.1:50051 --method slot --total 2000 --concurrency 40 --key-prefix grpc:phased:csredis:baseline-slot:iter-03 --pipeline-key-count 3 --expiry-seconds 300
Log: artifacts\chaos-10x\batch-real5x10\iter-03\run-iter-03\scale-in\csredis\run-iter-03\baseline-slot.log
[GrpcStress] suite=csredis, method=slot, target=http://127.0.0.1:50051, total=2000, concurrency=40
[GrpcStress] Completed
[GrpcStress] Overall Success=0, Failed=2000, Duration=2107ms, QPS=949.20
[GrpcStress] Overall Latency(ms): p50=0.16, p95=0.96, p99=2059.62, max=2102.09
[GrpcStress:slot] Success=0, Failed=2000, p95=0.96ms, p99=2059.62ms

=== Phase: baseline-node (csredis) ===
dotnet run --project CsredisGrpcStressTests -- --suite csredis --target http://127.0.0.1:50051 --method node --total 200 --concurrency 10 --key-prefix grpc:phased:csredis:baseline-node:iter-03 --pipeline-key-count 3 --expiry-seconds 300
Log: artifacts\chaos-10x\batch-real5x10\iter-03\run-iter-03\scale-in\csredis\run-iter-03\baseline-node.log
[GrpcStress] suite=csredis, method=node, target=http://127.0.0.1:50051, total=200, concurrency=10
[GrpcStress] Completed
[GrpcStress] Overall Success=0, Failed=200, Duration=2071ms, QPS=96.56
[GrpcStress] Overall Latency(ms): p50=0.15, p95=0.47, p99=2063.12, max=2063.14
[GrpcStress:node] Success=0, Failed=200, p95=0.47ms, p99=2063.12ms

=== Phase: mixed (csredis) ===
dotnet run --project CsredisGrpcStressTests -- --suite csredis --target http://127.0.0.1:50051 --method all --total 8000 --concurrency 80 --key-prefix grpc:phased:csredis:mixed:iter-03 --pipeline-key-count 3 --expiry-seconds 300
Log: artifacts\chaos-10x\batch-real5x10\iter-03\run-iter-03\scale-in\csredis\run-iter-03\mixed.log
[GrpcStress] suite=csredis, method=all, target=http://127.0.0.1:50051, total=8000, concurrency=80
[GrpcStress] Completed
[GrpcStress] Overall Success=0, Failed=8000, Duration=2250ms, QPS=3556.13
[GrpcStress] Overall Latency(ms): p50=0.16, p95=1.06, p99=12.16, max=2245.05
[GrpcStress:cacheshell] Success=0, Failed=1600, p95=1.03ms, p99=11.79ms
[GrpcStress:get] Success=0, Failed=1600, p95=1.15ms, p99=12.16ms
[GrpcStress:node] Success=0, Failed=1600, p95=0.94ms, p99=10.85ms
[GrpcStress:pipeline] Success=0, Failed=1600, p95=1.10ms, p99=11.49ms
[GrpcStress:slot] Success=0, Failed=1600, p95=1.09ms, p99=11.37ms

=== Phased Stress Summary (csredis) ===
Summary CSV: artifacts\chaos-10x\batch-real5x10\iter-03\run-iter-03\scale-in\csredis\run-iter-03\summary.csv
