RunId: real-all-restart-apps
Suite: stackexchange
Target: http://127.0.0.1:50052
Output: artifacts\chaos-compare\run-real-all-restart-apps\node-down\stackexchange\run-real-all-restart-apps

=== Phase: warmup (stackexchange) ===
dotnet run --project CsredisGrpcStressTests -- --suite stackexchange --target http://127.0.0.1:50052 --method all --total 500 --concurrency 20 --key-prefix grpc:phased:stackexchange:warmup:real-all-restart-apps --pipeline-key-count 3 --expiry-seconds 300
Log: artifacts\chaos-compare\run-real-all-restart-apps\node-down\stackexchange\run-real-all-restart-apps\warmup.log
[GrpcStress] suite=stackexchange, method=all, target=http://127.0.0.1:50052, total=500, concurrency=20
[GrpcStress] Completed
[GrpcStress] Overall Success=500, Failed=0, Duration=1963ms, QPS=254.69
[GrpcStress] Overall Latency(ms): p50=25.19, p95=327.45, p99=476.62, max=527.40
[GrpcStress:cacheshell] Success=100, Failed=0, p95=138.39ms, p99=285.66ms
[GrpcStress:get] Success=100, Failed=0, p95=89.87ms, p99=230.58ms
[GrpcStress:node] Success=100, Failed=0, p95=476.62ms, p99=518.00ms
[GrpcStress:pipeline] Success=100, Failed=0, p95=92.05ms, p99=242.59ms
[GrpcStress:slot] Success=100, Failed=0, p95=58.15ms, p99=230.81ms

=== Phase: baseline-get (stackexchange) ===
dotnet run --project CsredisGrpcStressTests -- --suite stackexchange --target http://127.0.0.1:50052 --method get --total 5000 --concurrency 100 --key-prefix grpc:phased:stackexchange:baseline-get:real-all-restart-apps --pipeline-key-count 3 --expiry-seconds 300
Log: artifacts\chaos-compare\run-real-all-restart-apps\node-down\stackexchange\run-real-all-restart-apps\baseline-get.log
[GrpcStress] suite=stackexchange, method=get, target=http://127.0.0.1:50052, total=5000, concurrency=100
[GrpcStress] Completed
[GrpcStress] Overall Success=5000, Failed=0, Duration=748ms, QPS=6688.14
[GrpcStress] Overall Latency(ms): p50=10.97, p95=22.20, p99=113.04, max=162.18
[GrpcStress:get] Success=5000, Failed=0, p95=22.20ms, p99=113.04ms

=== Phase: baseline-pipeline (stackexchange) ===
dotnet run --project CsredisGrpcStressTests -- --suite stackexchange --target http://127.0.0.1:50052 --method pipeline --total 5000 --concurrency 100 --key-prefix grpc:phased:stackexchange:baseline-pipeline:real-all-restart-apps --pipeline-key-count 3 --expiry-seconds 300
Log: artifacts\chaos-compare\run-real-all-restart-apps\node-down\stackexchange\run-real-all-restart-apps\baseline-pipeline.log
[GrpcStress] suite=stackexchange, method=pipeline, target=http://127.0.0.1:50052, total=5000, concurrency=100
[GrpcStress] Completed
[GrpcStress] Overall Success=5000, Failed=0, Duration=1205ms, QPS=4147.98
[GrpcStress] Overall Latency(ms): p50=18.19, p95=49.90, p99=134.14, max=180.89
[GrpcStress:pipeline] Success=5000, Failed=0, p95=49.90ms, p99=134.14ms

=== Phase: baseline-cacheshell (stackexchange) ===
dotnet run --project CsredisGrpcStressTests -- --suite stackexchange --target http://127.0.0.1:50052 --method cacheshell --total 5000 --concurrency 100 --key-prefix grpc:phased:stackexchange:baseline-cacheshell:real-all-restart-apps --pipeline-key-count 3 --expiry-seconds 300
Log: artifacts\chaos-compare\run-real-all-restart-apps\node-down\stackexchange\run-real-all-restart-apps\baseline-cacheshell.log
[GrpcStress] suite=stackexchange, method=cacheshell, target=http://127.0.0.1:50052, total=5000, concurrency=100
[GrpcStress] Completed
[GrpcStress] Overall Success=5000, Failed=0, Duration=1687ms, QPS=2963.25
[GrpcStress] Overall Latency(ms): p50=29.46, p95=49.82, p99=135.63, max=186.53
[GrpcStress:cacheshell] Success=5000, Failed=0, p95=49.82ms, p99=135.63ms

=== Phase: baseline-slot (stackexchange) ===
dotnet run --project CsredisGrpcStressTests -- --suite stackexchange --target http://127.0.0.1:50052 --method slot --total 5000 --concurrency 100 --key-prefix grpc:phased:stackexchange:baseline-slot:real-all-restart-apps --pipeline-key-count 3 --expiry-seconds 300
Log: artifacts\chaos-compare\run-real-all-restart-apps\node-down\stackexchange\run-real-all-restart-apps\baseline-slot.log
[GrpcStress] suite=stackexchange, method=slot, target=http://127.0.0.1:50052, total=5000, concurrency=100
[GrpcStress] Completed
[GrpcStress] Overall Success=5000, Failed=0, Duration=600ms, QPS=8331.25
[GrpcStress] Overall Latency(ms): p50=7.79, p95=18.05, p99=123.77, max=169.02
[GrpcStress:slot] Success=5000, Failed=0, p95=18.05ms, p99=123.77ms

=== Phase: baseline-node (stackexchange) ===
dotnet run --project CsredisGrpcStressTests -- --suite stackexchange --target http://127.0.0.1:50052 --method node --total 500 --concurrency 25 --key-prefix grpc:phased:stackexchange:baseline-node:real-all-restart-apps --pipeline-key-count 3 --expiry-seconds 300
Log: artifacts\chaos-compare\run-real-all-restart-apps\node-down\stackexchange\run-real-all-restart-apps\baseline-node.log
[GrpcStress] suite=stackexchange, method=node, target=http://127.0.0.1:50052, total=500, concurrency=25
[GrpcStress] Completed
[GrpcStress] Overall Success=500, Failed=0, Duration=5299ms, QPS=94.35
[GrpcStress] Overall Latency(ms): p50=205.85, p95=648.72, p99=747.86, max=782.29
[GrpcStress:node] Success=500, Failed=0, p95=648.72ms, p99=747.86ms

=== Phase: mixed (stackexchange) ===
dotnet run --project CsredisGrpcStressTests -- --suite stackexchange --target http://127.0.0.1:50052 --method all --total 20000 --concurrency 200 --key-prefix grpc:phased:stackexchange:mixed:real-all-restart-apps --pipeline-key-count 3 --expiry-seconds 300
Log: artifacts\chaos-compare\run-real-all-restart-apps\node-down\stackexchange\run-real-all-restart-apps\mixed.log
[GrpcStress] suite=stackexchange, method=all, target=http://127.0.0.1:50052, total=20000, concurrency=200
[GrpcStress] Completed
[GrpcStress] Overall Success=19999, Failed=1, Duration=88088ms, QPS=227.05
[GrpcStress] Overall Latency(ms): p50=159.00, p95=1653.85, p99=9752.01, max=48955.41
[GrpcStress:cacheshell] Success=3999, Failed=1, p95=1133.39ms, p99=1538.09ms
[GrpcStress:get] Success=4000, Failed=0, p95=343.05ms, p99=501.97ms
[GrpcStress:node] Success=4000, Failed=0, p95=4769.49ms, p99=46227.36ms
[GrpcStress:pipeline] Success=4000, Failed=0, p95=473.75ms, p99=648.03ms
[GrpcStress:slot] Success=4000, Failed=0, p95=237.30ms, p99=368.89ms

=== Phased Stress Summary (stackexchange) ===
Summary CSV: artifacts\chaos-compare\run-real-all-restart-apps\node-down\stackexchange\run-real-all-restart-apps\summary.csv
