RunId: iter-03
Suite: stackexchange
Target: http://127.0.0.1:50052
Output: artifacts\chaos-10x\batch-real5x10\iter-03\run-iter-03\node-down\stackexchange\run-iter-03

=== Phase: warmup (stackexchange) ===
dotnet run --project CsredisGrpcStressTests -- --suite stackexchange --target http://127.0.0.1:50052 --method all --total 500 --concurrency 10 --key-prefix grpc:phased:stackexchange:warmup:iter-03 --pipeline-key-count 3 --expiry-seconds 300
Log: artifacts\chaos-10x\batch-real5x10\iter-03\run-iter-03\node-down\stackexchange\run-iter-03\warmup.log
[GrpcStress] suite=stackexchange, method=all, target=http://127.0.0.1:50052, total=500, concurrency=10
[GrpcStress] Completed
[GrpcStress] Overall Success=391, Failed=109, Duration=1161ms, QPS=430.78
[GrpcStress] Overall Latency(ms): p50=7.05, p95=81.95, p99=151.49, max=154.22
[GrpcStress:cacheshell] Success=0, Failed=100, p95=33.69ms, p99=151.13ms
[GrpcStress:get] Success=100, Failed=0, p95=14.44ms, p99=151.37ms
[GrpcStress:node] Success=100, Failed=0, p95=91.86ms, p99=154.21ms
[GrpcStress:pipeline] Success=91, Failed=9, p95=22.80ms, p99=151.76ms
[GrpcStress:slot] Success=100, Failed=0, p95=15.60ms, p99=151.32ms

=== Phase: baseline-get (stackexchange) ===
dotnet run --project CsredisGrpcStressTests -- --suite stackexchange --target http://127.0.0.1:50052 --method get --total 2000 --concurrency 40 --key-prefix grpc:phased:stackexchange:baseline-get:iter-03 --pipeline-key-count 3 --expiry-seconds 300
Log: artifacts\chaos-10x\batch-real5x10\iter-03\run-iter-03\node-down\stackexchange\run-iter-03\baseline-get.log
[GrpcStress] suite=stackexchange, method=get, target=http://127.0.0.1:50052, total=2000, concurrency=40
[GrpcStress] Completed
[GrpcStress] Overall Success=2000, Failed=0, Duration=624ms, QPS=3203.07
[GrpcStress] Overall Latency(ms): p50=7.11, p95=16.10, p99=123.84, max=177.68
[GrpcStress:get] Success=2000, Failed=0, p95=16.10ms, p99=123.84ms

=== Phase: baseline-pipeline (stackexchange) ===
dotnet run --project CsredisGrpcStressTests -- --suite stackexchange --target http://127.0.0.1:50052 --method pipeline --total 2000 --concurrency 40 --key-prefix grpc:phased:stackexchange:baseline-pipeline:iter-03 --pipeline-key-count 3 --expiry-seconds 300
Log: artifacts\chaos-10x\batch-real5x10\iter-03\run-iter-03\node-down\stackexchange\run-iter-03\baseline-pipeline.log
[GrpcStress] suite=stackexchange, method=pipeline, target=http://127.0.0.1:50052, total=2000, concurrency=40
[GrpcStress] Completed
[GrpcStress] Overall Success=1813, Failed=187, Duration=838ms, QPS=2387.69
[GrpcStress] Overall Latency(ms): p50=12.49, p95=24.20, p99=140.77, max=193.70
[GrpcStress:pipeline] Success=1813, Failed=187, p95=24.20ms, p99=140.77ms

=== Phase: baseline-cacheshell (stackexchange) ===
dotnet run --project CsredisGrpcStressTests -- --suite stackexchange --target http://127.0.0.1:50052 --method cacheshell --total 2000 --concurrency 40 --key-prefix grpc:phased:stackexchange:baseline-cacheshell:iter-03 --pipeline-key-count 3 --expiry-seconds 300
Log: artifacts\chaos-10x\batch-real5x10\iter-03\run-iter-03\node-down\stackexchange\run-iter-03\baseline-cacheshell.log
[GrpcStress] suite=stackexchange, method=cacheshell, target=http://127.0.0.1:50052, total=2000, concurrency=40
[GrpcStress] Completed
[GrpcStress] Overall Success=0, Failed=2000, Duration=802ms, QPS=2493.28
[GrpcStress] Overall Latency(ms): p50=11.92, p95=20.29, p99=149.23, max=196.51
[GrpcStress:cacheshell] Success=0, Failed=2000, p95=20.29ms, p99=149.23ms

=== Phase: baseline-slot (stackexchange) ===
dotnet run --project CsredisGrpcStressTests -- --suite stackexchange --target http://127.0.0.1:50052 --method slot --total 2000 --concurrency 40 --key-prefix grpc:phased:stackexchange:baseline-slot:iter-03 --pipeline-key-count 3 --expiry-seconds 300
Log: artifacts\chaos-10x\batch-real5x10\iter-03\run-iter-03\node-down\stackexchange\run-iter-03\baseline-slot.log
[GrpcStress] suite=stackexchange, method=slot, target=http://127.0.0.1:50052, total=2000, concurrency=40
[GrpcStress] Completed
[GrpcStress] Overall Success=2000, Failed=0, Duration=354ms, QPS=5657.66
[GrpcStress] Overall Latency(ms): p50=3.32, p95=7.95, p99=121.39, max=171.12
[GrpcStress:slot] Success=2000, Failed=0, p95=7.95ms, p99=121.39ms

=== Phase: baseline-node (stackexchange) ===
dotnet run --project CsredisGrpcStressTests -- --suite stackexchange --target http://127.0.0.1:50052 --method node --total 200 --concurrency 10 --key-prefix grpc:phased:stackexchange:baseline-node:iter-03 --pipeline-key-count 3 --expiry-seconds 300
Log: artifacts\chaos-10x\batch-real5x10\iter-03\run-iter-03\node-down\stackexchange\run-iter-03\baseline-node.log
[GrpcStress] suite=stackexchange, method=node, target=http://127.0.0.1:50052, total=200, concurrency=10
[GrpcStress] Completed
[GrpcStress] Overall Success=200, Failed=0, Duration=14755ms, QPS=13.55
[GrpcStress] Overall Latency(ms): p50=102.41, p95=5602.39, p99=7167.69, max=7184.35
[GrpcStress:node] Success=200, Failed=0, p95=5602.39ms, p99=7167.69ms

=== Phase: mixed (stackexchange) ===
dotnet run --project CsredisGrpcStressTests -- --suite stackexchange --target http://127.0.0.1:50052 --method all --total 8000 --concurrency 80 --key-prefix grpc:phased:stackexchange:mixed:iter-03 --pipeline-key-count 3 --expiry-seconds 300
Log: artifacts\chaos-10x\batch-real5x10\iter-03\run-iter-03\node-down\stackexchange\run-iter-03\mixed.log
[GrpcStress] suite=stackexchange, method=all, target=http://127.0.0.1:50052, total=8000, concurrency=80
[GrpcStress] Completed
[GrpcStress] Overall Success=6535, Failed=1465, Duration=13450ms, QPS=594.78
[GrpcStress] Overall Latency(ms): p50=49.87, p95=541.46, p99=761.65, max=1107.66
[GrpcStress:cacheshell] Success=135, Failed=1465, p95=189.83ms, p99=307.49ms
[GrpcStress:get] Success=1600, Failed=0, p95=93.15ms, p99=165.72ms
[GrpcStress:node] Success=1600, Failed=0, p95=761.65ms, p99=979.38ms
[GrpcStress:pipeline] Success=1600, Failed=0, p95=124.60ms, p99=202.26ms
[GrpcStress:slot] Success=1600, Failed=0, p95=61.37ms, p99=131.47ms

=== Phased Stress Summary (stackexchange) ===
Summary CSV: artifacts\chaos-10x\batch-real5x10\iter-03\run-iter-03\node-down\stackexchange\run-iter-03\summary.csv
