RunId: iter-01
Suite: csredis
Target: http://127.0.0.1:50051
Output: artifacts\chaos-10x\batch-one-look-failover\iter-01\run-iter-01\failover\csredis\run-iter-01

=== Phase: warmup (csredis) ===
dotnet run --project CsredisGrpcStressTests -- --suite csredis --target http://127.0.0.1:50051 --method all --total 20 --concurrency 5 --key-prefix grpc:phased:csredis:warmup:iter-01 --pipeline-key-count 3 --expiry-seconds 300
Log: artifacts\chaos-10x\batch-one-look-failover\iter-01\run-iter-01\failover\csredis\run-iter-01\warmup.log
[GrpcStress] suite=csredis, method=all, target=http://127.0.0.1:50051, total=20, concurrency=5
[GrpcStress] Completed
[GrpcStress] Overall Success=20, Failed=0, Duration=204ms, QPS=97.98
[GrpcStress] Overall Latency(ms): p50=10.96, p95=140.52, p99=168.29, max=168.29
[GrpcStress:cacheshell] Success=4, Failed=0, p95=138.91ms, p99=138.91ms
[GrpcStress:get] Success=4, Failed=0, p95=138.88ms, p99=138.88ms
[GrpcStress:node] Success=4, Failed=0, p95=168.29ms, p99=168.29ms
[GrpcStress:pipeline] Success=4, Failed=0, p95=140.52ms, p99=140.52ms
[GrpcStress:slot] Success=4, Failed=0, p95=139.08ms, p99=139.08ms

=== Phase: baseline-get (csredis) ===
dotnet run --project CsredisGrpcStressTests -- --suite csredis --target http://127.0.0.1:50051 --method get --total 100 --concurrency 20 --key-prefix grpc:phased:csredis:baseline-get:iter-01 --pipeline-key-count 3 --expiry-seconds 300
Log: artifacts\chaos-10x\batch-one-look-failover\iter-01\run-iter-01\failover\csredis\run-iter-01\baseline-get.log
[GrpcStress] suite=csredis, method=get, target=http://127.0.0.1:50051, total=100, concurrency=20
[GrpcStress] Completed
[GrpcStress] Overall Success=100, Failed=0, Duration=173ms, QPS=579.49
[GrpcStress] Overall Latency(ms): p50=4.33, p95=152.33, p99=153.54, max=154.00
[GrpcStress:get] Success=100, Failed=0, p95=152.33ms, p99=153.54ms

=== Phase: baseline-pipeline (csredis) ===
dotnet run --project CsredisGrpcStressTests -- --suite csredis --target http://127.0.0.1:50051 --method pipeline --total 100 --concurrency 20 --key-prefix grpc:phased:csredis:baseline-pipeline:iter-01 --pipeline-key-count 3 --expiry-seconds 300
Log: artifacts\chaos-10x\batch-one-look-failover\iter-01\run-iter-01\failover\csredis\run-iter-01\baseline-pipeline.log
[GrpcStress] suite=csredis, method=pipeline, target=http://127.0.0.1:50051, total=100, concurrency=20
[GrpcStress] Completed
[GrpcStress] Overall Success=100, Failed=0, Duration=203ms, QPS=493.70
[GrpcStress] Overall Latency(ms): p50=9.87, p95=163.98, p99=165.89, max=165.94
[GrpcStress:pipeline] Success=100, Failed=0, p95=163.98ms, p99=165.89ms

=== Phase: baseline-cacheshell (csredis) ===
dotnet run --project CsredisGrpcStressTests -- --suite csredis --target http://127.0.0.1:50051 --method cacheshell --total 100 --concurrency 20 --key-prefix grpc:phased:csredis:baseline-cacheshell:iter-01 --pipeline-key-count 3 --expiry-seconds 300
Log: artifacts\chaos-10x\batch-one-look-failover\iter-01\run-iter-01\failover\csredis\run-iter-01\baseline-cacheshell.log
[GrpcStress] suite=csredis, method=cacheshell, target=http://127.0.0.1:50051, total=100, concurrency=20
[GrpcStress] Completed
[GrpcStress] Overall Success=100, Failed=0, Duration=266ms, QPS=375.40
[GrpcStress] Overall Latency(ms): p50=14.24, p95=204.33, p99=206.25, max=206.31
[GrpcStress:cacheshell] Success=100, Failed=0, p95=204.33ms, p99=206.25ms

=== Phase: baseline-slot (csredis) ===
dotnet run --project CsredisGrpcStressTests -- --suite csredis --target http://127.0.0.1:50051 --method slot --total 100 --concurrency 20 --key-prefix grpc:phased:csredis:baseline-slot:iter-01 --pipeline-key-count 3 --expiry-seconds 300
Log: artifacts\chaos-10x\batch-one-look-failover\iter-01\run-iter-01\failover\csredis\run-iter-01\baseline-slot.log
[GrpcStress] suite=csredis, method=slot, target=http://127.0.0.1:50051, total=100, concurrency=20
[GrpcStress] Completed
[GrpcStress] Overall Success=100, Failed=0, Duration=187ms, QPS=533.96
[GrpcStress] Overall Latency(ms): p50=3.65, p95=168.95, p99=169.00, max=169.63
[GrpcStress:slot] Success=100, Failed=0, p95=168.95ms, p99=169.00ms

=== Phase: baseline-node (csredis) ===
dotnet run --project CsredisGrpcStressTests -- --suite csredis --target http://127.0.0.1:50051 --method node --total 100 --concurrency 5 --key-prefix grpc:phased:csredis:baseline-node:iter-01 --pipeline-key-count 3 --expiry-seconds 300
Log: artifacts\chaos-10x\batch-one-look-failover\iter-01\run-iter-01\failover\csredis\run-iter-01\baseline-node.log
[GrpcStress] suite=csredis, method=node, target=http://127.0.0.1:50051, total=100, concurrency=5
[GrpcStress] Completed
[GrpcStress] Overall Success=100, Failed=0, Duration=1520ms, QPS=65.77
[GrpcStress] Overall Latency(ms): p50=67.91, p95=94.01, p99=219.51, max=219.53
[GrpcStress:node] Success=100, Failed=0, p95=94.01ms, p99=219.51ms

=== Phase: mixed (csredis) ===
dotnet run --project CsredisGrpcStressTests -- --suite csredis --target http://127.0.0.1:50051 --method all --total 300 --concurrency 50 --key-prefix grpc:phased:csredis:mixed:iter-01 --pipeline-key-count 3 --expiry-seconds 300
Log: artifacts\chaos-10x\batch-one-look-failover\iter-01\run-iter-01\failover\csredis\run-iter-01\mixed.log
[GrpcStress] suite=csredis, method=all, target=http://127.0.0.1:50051, total=300, concurrency=50
[GrpcStress] Completed
[GrpcStress] Overall Success=209, Failed=91, Duration=20606ms, QPS=14.56
[GrpcStress] Overall Latency(ms): p50=2197.27, p95=10030.04, p99=15122.12, max=15309.81
[GrpcStress:cacheshell] Success=28, Failed=32, p95=15122.08ms, p99=15309.76ms
[GrpcStress:get] Success=38, Failed=22, p95=10018.89ms, p99=15309.81ms
[GrpcStress:node] Success=50, Failed=10, p95=7785.54ms, p99=10752.09ms
[GrpcStress:pipeline] Success=33, Failed=27, p95=10042.66ms, p99=10860.60ms
[GrpcStress:slot] Success=60, Failed=0, p95=3005.14ms, p99=4990.52ms

=== Phased Stress Summary (csredis) ===
Summary CSV: artifacts\chaos-10x\batch-one-look-failover\iter-01\run-iter-01\failover\csredis\run-iter-01\summary.csv
