RunId: iter-02
Suite: csredis
Target: http://127.0.0.1:50051
Output: artifacts\chaos-10x\batch-real5x10\iter-02\run-iter-02\node-down\csredis\run-iter-02

=== Phase: warmup (csredis) ===
dotnet run --project CsredisGrpcStressTests -- --suite csredis --target http://127.0.0.1:50051 --method all --total 500 --concurrency 10 --key-prefix grpc:phased:csredis:warmup:iter-02 --pipeline-key-count 3 --expiry-seconds 300
Log: artifacts\chaos-10x\batch-real5x10\iter-02\run-iter-02\node-down\csredis\run-iter-02\warmup.log
[GrpcStress] suite=csredis, method=all, target=http://127.0.0.1:50051, total=500, concurrency=10
[GrpcStress] Completed
[GrpcStress] Overall Success=0, Failed=500, Duration=2086ms, QPS=239.75
[GrpcStress] Overall Latency(ms): p50=0.14, p95=0.47, p99=2068.22, max=2068.25
[GrpcStress:cacheshell] Success=0, Failed=100, p95=0.30ms, p99=2068.22ms
[GrpcStress:get] Success=0, Failed=100, p95=0.89ms, p99=2067.66ms
[GrpcStress:node] Success=0, Failed=100, p95=0.52ms, p99=2068.07ms
[GrpcStress:pipeline] Success=0, Failed=100, p95=0.32ms, p99=2068.18ms
[GrpcStress:slot] Success=0, Failed=100, p95=0.69ms, p99=2068.23ms

=== Phase: baseline-get (csredis) ===
dotnet run --project CsredisGrpcStressTests -- --suite csredis --target http://127.0.0.1:50051 --method get --total 2000 --concurrency 40 --key-prefix grpc:phased:csredis:baseline-get:iter-02 --pipeline-key-count 3 --expiry-seconds 300
Log: artifacts\chaos-10x\batch-real5x10\iter-02\run-iter-02\node-down\csredis\run-iter-02\baseline-get.log
[GrpcStress] suite=csredis, method=get, target=http://127.0.0.1:50051, total=2000, concurrency=40
[GrpcStress] Completed
[GrpcStress] Overall Success=0, Failed=2000, Duration=2138ms, QPS=935.63
[GrpcStress] Overall Latency(ms): p50=0.17, p95=2.86, p99=2084.34, max=2132.72
[GrpcStress:get] Success=0, Failed=2000, p95=2.86ms, p99=2084.34ms

=== Phase: baseline-pipeline (csredis) ===
dotnet run --project CsredisGrpcStressTests -- --suite csredis --target http://127.0.0.1:50051 --method pipeline --total 2000 --concurrency 40 --key-prefix grpc:phased:csredis:baseline-pipeline:iter-02 --pipeline-key-count 3 --expiry-seconds 300
Log: artifacts\chaos-10x\batch-real5x10\iter-02\run-iter-02\node-down\csredis\run-iter-02\baseline-pipeline.log
[GrpcStress] suite=csredis, method=pipeline, target=http://127.0.0.1:50051, total=2000, concurrency=40
[GrpcStress] Completed
[GrpcStress] Overall Success=0, Failed=2000, Duration=2119ms, QPS=943.91
[GrpcStress] Overall Latency(ms): p50=0.14, p95=1.42, p99=2067.92, max=2113.99
[GrpcStress:pipeline] Success=0, Failed=2000, p95=1.42ms, p99=2067.92ms

=== Phase: baseline-cacheshell (csredis) ===
dotnet run --project CsredisGrpcStressTests -- --suite csredis --target http://127.0.0.1:50051 --method cacheshell --total 2000 --concurrency 40 --key-prefix grpc:phased:csredis:baseline-cacheshell:iter-02 --pipeline-key-count 3 --expiry-seconds 300
Log: artifacts\chaos-10x\batch-real5x10\iter-02\run-iter-02\node-down\csredis\run-iter-02\baseline-cacheshell.log
[GrpcStress] suite=csredis, method=cacheshell, target=http://127.0.0.1:50051, total=2000, concurrency=40
[GrpcStress] Completed
[GrpcStress] Overall Success=0, Failed=2000, Duration=2135ms, QPS=936.78
[GrpcStress] Overall Latency(ms): p50=0.15, p95=2.07, p99=2079.60, max=2131.23
[GrpcStress:cacheshell] Success=0, Failed=2000, p95=2.07ms, p99=2079.60ms

=== Phase: baseline-slot (csredis) ===
dotnet run --project CsredisGrpcStressTests -- --suite csredis --target http://127.0.0.1:50051 --method slot --total 2000 --concurrency 40 --key-prefix grpc:phased:csredis:baseline-slot:iter-02 --pipeline-key-count 3 --expiry-seconds 300
Log: artifacts\chaos-10x\batch-real5x10\iter-02\run-iter-02\node-down\csredis\run-iter-02\baseline-slot.log
[GrpcStress] suite=csredis, method=slot, target=http://127.0.0.1:50051, total=2000, concurrency=40
[GrpcStress] Completed
[GrpcStress] Overall Success=0, Failed=2000, Duration=2116ms, QPS=945.04
[GrpcStress] Overall Latency(ms): p50=0.15, p95=1.32, p99=2066.36, max=2111.53
[GrpcStress:slot] Success=0, Failed=2000, p95=1.32ms, p99=2066.36ms

=== Phase: baseline-node (csredis) ===
dotnet run --project CsredisGrpcStressTests -- --suite csredis --target http://127.0.0.1:50051 --method node --total 200 --concurrency 10 --key-prefix grpc:phased:csredis:baseline-node:iter-02 --pipeline-key-count 3 --expiry-seconds 300
Log: artifacts\chaos-10x\batch-real5x10\iter-02\run-iter-02\node-down\csredis\run-iter-02\baseline-node.log
[GrpcStress] suite=csredis, method=node, target=http://127.0.0.1:50051, total=200, concurrency=10
[GrpcStress] Completed
[GrpcStress] Overall Success=0, Failed=200, Duration=2071ms, QPS=96.56
[GrpcStress] Overall Latency(ms): p50=0.14, p95=0.34, p99=2063.45, max=2063.50
[GrpcStress:node] Success=0, Failed=200, p95=0.34ms, p99=2063.45ms

=== Phase: mixed (csredis) ===
dotnet run --project CsredisGrpcStressTests -- --suite csredis --target http://127.0.0.1:50051 --method all --total 8000 --concurrency 80 --key-prefix grpc:phased:csredis:mixed:iter-02 --pipeline-key-count 3 --expiry-seconds 300
Log: artifacts\chaos-10x\batch-real5x10\iter-02\run-iter-02\node-down\csredis\run-iter-02\mixed.log
[GrpcStress] suite=csredis, method=all, target=http://127.0.0.1:50051, total=8000, concurrency=80
[GrpcStress] Completed
[GrpcStress] Overall Success=0, Failed=8000, Duration=2253ms, QPS=3550.63
[GrpcStress] Overall Latency(ms): p50=0.15, p95=1.21, p99=16.23, max=2244.55
[GrpcStress:cacheshell] Success=0, Failed=1600, p95=1.26ms, p99=8.78ms
[GrpcStress:get] Success=0, Failed=1600, p95=1.45ms, p99=12.74ms
[GrpcStress:node] Success=0, Failed=1600, p95=1.10ms, p99=16.23ms
[GrpcStress:pipeline] Success=0, Failed=1600, p95=1.16ms, p99=11.70ms
[GrpcStress:slot] Success=0, Failed=1600, p95=1.16ms, p99=13.39ms

=== Phased Stress Summary (csredis) ===
Summary CSV: artifacts\chaos-10x\batch-real5x10\iter-02\run-iter-02\node-down\csredis\run-iter-02\summary.csv
