RunId: iter-01
Suite: stackexchange
Target: http://127.0.0.1:50052
Output: artifacts\chaos-10x\batch-real5x10\iter-01\run-iter-01\node-down\stackexchange\run-iter-01

=== Phase: warmup (stackexchange) ===
dotnet run --project CsredisGrpcStressTests -- --suite stackexchange --target http://127.0.0.1:50052 --method all --total 500 --concurrency 10 --key-prefix grpc:phased:stackexchange:warmup:iter-01 --pipeline-key-count 3 --expiry-seconds 300
Log: artifacts\chaos-10x\batch-real5x10\iter-01\run-iter-01\node-down\stackexchange\run-iter-01\warmup.log
[GrpcStress] suite=stackexchange, method=all, target=http://127.0.0.1:50052, total=500, concurrency=10
[GrpcStress] Completed
[GrpcStress] Overall Success=391, Failed=109, Duration=1406ms, QPS=355.69
[GrpcStress] Overall Latency(ms): p50=9.38, p95=113.86, p99=157.85, max=161.36
[GrpcStress:cacheshell] Success=0, Failed=100, p95=35.52ms, p99=157.85ms
[GrpcStress:get] Success=100, Failed=0, p95=27.12ms, p99=156.13ms
[GrpcStress:node] Success=100, Failed=0, p95=136.49ms, p99=156.92ms
[GrpcStress:pipeline] Success=91, Failed=9, p95=30.41ms, p99=158.10ms
[GrpcStress:slot] Success=100, Failed=0, p95=23.50ms, p99=157.52ms

=== Phase: baseline-get (stackexchange) ===
dotnet run --project CsredisGrpcStressTests -- --suite stackexchange --target http://127.0.0.1:50052 --method get --total 2000 --concurrency 40 --key-prefix grpc:phased:stackexchange:baseline-get:iter-01 --pipeline-key-count 3 --expiry-seconds 300
Log: artifacts\chaos-10x\batch-real5x10\iter-01\run-iter-01\node-down\stackexchange\run-iter-01\baseline-get.log
[GrpcStress] suite=stackexchange, method=get, target=http://127.0.0.1:50052, total=2000, concurrency=40
[GrpcStress] Completed
[GrpcStress] Overall Success=2000, Failed=0, Duration=535ms, QPS=3736.03
[GrpcStress] Overall Latency(ms): p50=6.76, p95=16.57, p99=113.93, max=154.58
[GrpcStress:get] Success=2000, Failed=0, p95=16.57ms, p99=113.93ms

=== Phase: baseline-pipeline (stackexchange) ===
dotnet run --project CsredisGrpcStressTests -- --suite stackexchange --target http://127.0.0.1:50052 --method pipeline --total 2000 --concurrency 40 --key-prefix grpc:phased:stackexchange:baseline-pipeline:iter-01 --pipeline-key-count 3 --expiry-seconds 300
Log: artifacts\chaos-10x\batch-real5x10\iter-01\run-iter-01\node-down\stackexchange\run-iter-01\baseline-pipeline.log
[GrpcStress] suite=stackexchange, method=pipeline, target=http://127.0.0.1:50052, total=2000, concurrency=40
[GrpcStress] Completed
[GrpcStress] Overall Success=1851, Failed=149, Duration=990ms, QPS=2019.56
[GrpcStress] Overall Latency(ms): p50=13.78, p95=42.88, p99=127.74, max=173.91
[GrpcStress:pipeline] Success=1851, Failed=149, p95=42.88ms, p99=127.74ms

=== Phase: baseline-cacheshell (stackexchange) ===
dotnet run --project CsredisGrpcStressTests -- --suite stackexchange --target http://127.0.0.1:50052 --method cacheshell --total 2000 --concurrency 40 --key-prefix grpc:phased:stackexchange:baseline-cacheshell:iter-01 --pipeline-key-count 3 --expiry-seconds 300
Log: artifacts\chaos-10x\batch-real5x10\iter-01\run-iter-01\node-down\stackexchange\run-iter-01\baseline-cacheshell.log
[GrpcStress] suite=stackexchange, method=cacheshell, target=http://127.0.0.1:50052, total=2000, concurrency=40
[GrpcStress] Completed
[GrpcStress] Overall Success=0, Failed=2000, Duration=717ms, QPS=2787.57
[GrpcStress] Overall Latency(ms): p50=11.18, p95=19.02, p99=110.88, max=147.29
[GrpcStress:cacheshell] Success=0, Failed=2000, p95=19.02ms, p99=110.88ms

=== Phase: baseline-slot (stackexchange) ===
dotnet run --project CsredisGrpcStressTests -- --suite stackexchange --target http://127.0.0.1:50052 --method slot --total 2000 --concurrency 40 --key-prefix grpc:phased:stackexchange:baseline-slot:iter-01 --pipeline-key-count 3 --expiry-seconds 300
Log: artifacts\chaos-10x\batch-real5x10\iter-01\run-iter-01\node-down\stackexchange\run-iter-01\baseline-slot.log
[GrpcStress] suite=stackexchange, method=slot, target=http://127.0.0.1:50052, total=2000, concurrency=40
[GrpcStress] Completed
[GrpcStress] Overall Success=2000, Failed=0, Duration=392ms, QPS=5096.47
[GrpcStress] Overall Latency(ms): p50=3.81, p95=8.67, p99=132.21, max=179.92
[GrpcStress:slot] Success=2000, Failed=0, p95=8.67ms, p99=132.21ms

=== Phase: baseline-node (stackexchange) ===
dotnet run --project CsredisGrpcStressTests -- --suite stackexchange --target http://127.0.0.1:50052 --method node --total 200 --concurrency 10 --key-prefix grpc:phased:stackexchange:baseline-node:iter-01 --pipeline-key-count 3 --expiry-seconds 300
Log: artifacts\chaos-10x\batch-real5x10\iter-01\run-iter-01\node-down\stackexchange\run-iter-01\baseline-node.log
[GrpcStress] suite=stackexchange, method=node, target=http://127.0.0.1:50052, total=200, concurrency=10
[GrpcStress] Completed
[GrpcStress] Overall Success=200, Failed=0, Duration=16592ms, QPS=12.05
[GrpcStress] Overall Latency(ms): p50=80.96, p95=7047.37, p99=7172.31, max=7172.34
[GrpcStress:node] Success=200, Failed=0, p95=7047.37ms, p99=7172.31ms

=== Phase: mixed (stackexchange) ===
dotnet run --project CsredisGrpcStressTests -- --suite stackexchange --target http://127.0.0.1:50052 --method all --total 8000 --concurrency 80 --key-prefix grpc:phased:stackexchange:mixed:iter-01 --pipeline-key-count 3 --expiry-seconds 300
Log: artifacts\chaos-10x\batch-real5x10\iter-01\run-iter-01\node-down\stackexchange\run-iter-01\mixed.log
[GrpcStress] suite=stackexchange, method=all, target=http://127.0.0.1:50052, total=8000, concurrency=80
[GrpcStress] Completed
[GrpcStress] Overall Success=6549, Failed=1451, Duration=13709ms, QPS=583.54
[GrpcStress] Overall Latency(ms): p50=52.54, p95=528.33, p99=729.37, max=1144.37
[GrpcStress:cacheshell] Success=149, Failed=1451, p95=177.42ms, p99=287.79ms
[GrpcStress:get] Success=1600, Failed=0, p95=94.37ms, p99=130.56ms
[GrpcStress:node] Success=1600, Failed=0, p95=729.37ms, p99=1017.92ms
[GrpcStress:pipeline] Success=1600, Failed=0, p95=118.13ms, p99=180.47ms
[GrpcStress:slot] Success=1600, Failed=0, p95=68.37ms, p99=111.12ms

=== Phased Stress Summary (stackexchange) ===
Summary CSV: artifacts\chaos-10x\batch-real5x10\iter-01\run-iter-01\node-down\stackexchange\run-iter-01\summary.csv
