RunId: 20260507-225815
Suite: csredis
Target: http://127.0.0.1:50051
Output: artifacts\chaos-compare\run-20260507-225815\scale-in\csredis\run-20260507-225815

=== Phase: warmup (csredis) ===
dotnet run --project CsredisGrpcStressTests -- --suite csredis --target http://127.0.0.1:50051 --method all --total 500 --concurrency 20 --key-prefix grpc:phased:csredis:warmup:20260507-225815 --pipeline-key-count 3 --expiry-seconds 300
Log: artifacts\chaos-compare\run-20260507-225815\scale-in\csredis\run-20260507-225815\warmup.log
[GrpcStress] suite=csredis, method=all, target=http://127.0.0.1:50051, total=500, concurrency=20
[GrpcStress] Completed
[GrpcStress] Overall Success=500, Failed=0, Duration=46189ms, QPS=10.83
[GrpcStress] Overall Latency(ms): p50=161.80, p95=9306.65, p99=12341.84, max=13018.25
[GrpcStress:cacheshell] Success=100, Failed=0, p95=1209.32ms, p99=1455.12ms
[GrpcStress:get] Success=100, Failed=0, p95=463.55ms, p99=1215.03ms
[GrpcStress:node] Success=100, Failed=0, p95=12341.84ms, p99=12949.77ms
[GrpcStress:pipeline] Success=100, Failed=0, p95=873.15ms, p99=1940.39ms
[GrpcStress:slot] Success=100, Failed=0, p95=397.42ms, p99=1209.49ms

=== Phase: baseline-get (csredis) ===
dotnet run --project CsredisGrpcStressTests -- --suite csredis --target http://127.0.0.1:50051 --method get --total 5000 --concurrency 100 --key-prefix grpc:phased:csredis:baseline-get:20260507-225815 --pipeline-key-count 3 --expiry-seconds 300
Log: artifacts\chaos-compare\run-20260507-225815\scale-in\csredis\run-20260507-225815\baseline-get.log
[GrpcStress] suite=csredis, method=get, target=http://127.0.0.1:50051, total=5000, concurrency=100
[GrpcStress] Completed
[GrpcStress] Overall Success=5000, Failed=0, Duration=5982ms, QPS=835.78
[GrpcStress] Overall Latency(ms): p50=47.94, p95=250.41, p99=1887.04, max=2055.55
[GrpcStress:get] Success=5000, Failed=0, p95=250.41ms, p99=1887.04ms

=== Phase: baseline-pipeline (csredis) ===
dotnet run --project CsredisGrpcStressTests -- --suite csredis --target http://127.0.0.1:50051 --method pipeline --total 5000 --concurrency 100 --key-prefix grpc:phased:csredis:baseline-pipeline:20260507-225815 --pipeline-key-count 3 --expiry-seconds 300
Log: artifacts\chaos-compare\run-20260507-225815\scale-in\csredis\run-20260507-225815\baseline-pipeline.log
[GrpcStress] suite=csredis, method=pipeline, target=http://127.0.0.1:50051, total=5000, concurrency=100
[GrpcStress] Completed
[GrpcStress] Overall Success=5000, Failed=0, Duration=12988ms, QPS=384.97
[GrpcStress] Overall Latency(ms): p50=105.70, p95=1424.68, p99=2446.25, max=2454.46
[GrpcStress:pipeline] Success=5000, Failed=0, p95=1424.68ms, p99=2446.25ms

=== Phase: baseline-cacheshell (csredis) ===
dotnet run --project CsredisGrpcStressTests -- --suite csredis --target http://127.0.0.1:50051 --method cacheshell --total 5000 --concurrency 100 --key-prefix grpc:phased:csredis:baseline-cacheshell:20260507-225815 --pipeline-key-count 3 --expiry-seconds 300
Log: artifacts\chaos-compare\run-20260507-225815\scale-in\csredis\run-20260507-225815\baseline-cacheshell.log
[GrpcStress] suite=csredis, method=cacheshell, target=http://127.0.0.1:50051, total=5000, concurrency=100
[GrpcStress] Completed
[GrpcStress] Overall Success=5000, Failed=0, Duration=14044ms, QPS=356.03
[GrpcStress] Overall Latency(ms): p50=175.79, p95=777.39, p99=2313.07, max=2917.13
[GrpcStress:cacheshell] Success=5000, Failed=0, p95=777.39ms, p99=2313.07ms

=== Phase: baseline-slot (csredis) ===
dotnet run --project CsredisGrpcStressTests -- --suite csredis --target http://127.0.0.1:50051 --method slot --total 5000 --concurrency 100 --key-prefix grpc:phased:csredis:baseline-slot:20260507-225815 --pipeline-key-count 3 --expiry-seconds 300
Log: artifacts\chaos-compare\run-20260507-225815\scale-in\csredis\run-20260507-225815\baseline-slot.log
[GrpcStress] suite=csredis, method=slot, target=http://127.0.0.1:50051, total=5000, concurrency=100
[GrpcStress] Completed
[GrpcStress] Overall Success=5000, Failed=0, Duration=4444ms, QPS=1125.09
[GrpcStress] Overall Latency(ms): p50=36.51, p95=327.01, p99=1769.74, max=1771.75
[GrpcStress:slot] Success=5000, Failed=0, p95=327.01ms, p99=1769.74ms

=== Phase: baseline-node (csredis) ===
dotnet run --project CsredisGrpcStressTests -- --suite csredis --target http://127.0.0.1:50051 --method node --total 500 --concurrency 25 --key-prefix grpc:phased:csredis:baseline-node:20260507-225815 --pipeline-key-count 3 --expiry-seconds 300
Log: artifacts\chaos-compare\run-20260507-225815\scale-in\csredis\run-20260507-225815\baseline-node.log
[GrpcStress] suite=csredis, method=node, target=http://127.0.0.1:50051, total=500, concurrency=25
[GrpcStress] Completed
[GrpcStress] Overall Success=500, Failed=0, Duration=142893ms, QPS=3.50
[GrpcStress] Overall Latency(ms): p50=7450.89, p95=12287.77, p99=15891.02, max=19065.03
[GrpcStress:node] Success=500, Failed=0, p95=12287.77ms, p99=15891.02ms

=== Phase: mixed (csredis) ===
dotnet run --project CsredisGrpcStressTests -- --suite csredis --target http://127.0.0.1:50051 --method all --total 20000 --concurrency 200 --key-prefix grpc:phased:csredis:mixed:20260507-225815 --pipeline-key-count 3 --expiry-seconds 300
Log: artifacts\chaos-compare\run-20260507-225815\scale-in\csredis\run-20260507-225815\mixed.log
[GrpcStress] suite=csredis, method=all, target=http://127.0.0.1:50051, total=20000, concurrency=200
[GrpcStress] Completed
[GrpcStress] Overall Success=20000, Failed=0, Duration=134603ms, QPS=148.59
[GrpcStress] Overall Latency(ms): p50=34.08, p95=7409.23, p99=8395.04, max=13307.43
[GrpcStress:cacheshell] Success=4000, Failed=0, p95=327.12ms, p99=1137.60ms
[GrpcStress:get] Success=4000, Failed=0, p95=137.46ms, p99=704.18ms
[GrpcStress:node] Success=4000, Failed=0, p95=8395.04ms, p99=9071.72ms
[GrpcStress:pipeline] Success=4000, Failed=0, p95=218.66ms, p99=939.43ms
[GrpcStress:slot] Success=4000, Failed=0, p95=76.97ms, p99=443.93ms

=== Phased Stress Summary (csredis) ===
Summary CSV: artifacts\chaos-compare\run-20260507-225815\scale-in\csredis\run-20260507-225815\summary.csv
