RunId: iter-05
Suite: csredis
Target: http://127.0.0.1:50051
Output: artifacts\chaos-10x\batch-real5x10\iter-05\run-iter-05\scale-in\csredis\run-iter-05

=== Phase: warmup (csredis) ===
dotnet run --project CsredisGrpcStressTests -- --suite csredis --target http://127.0.0.1:50051 --method all --total 500 --concurrency 10 --key-prefix grpc:phased:csredis:warmup:iter-05 --pipeline-key-count 3 --expiry-seconds 300
Log: artifacts\chaos-10x\batch-real5x10\iter-05\run-iter-05\scale-in\csredis\run-iter-05\warmup.log
[GrpcStress] suite=csredis, method=all, target=http://127.0.0.1:50051, total=500, concurrency=10
[GrpcStress] Completed
[GrpcStress] Overall Success=400, Failed=100, Duration=1692ms, QPS=295.51
[GrpcStress] Overall Latency(ms): p50=7.04, p95=141.61, p99=159.86, max=167.05
[GrpcStress:cacheshell] Success=0, Failed=100, p95=29.00ms, p99=156.78ms
[GrpcStress:get] Success=100, Failed=0, p95=22.48ms, p99=156.26ms
[GrpcStress:node] Success=100, Failed=0, p95=159.86ms, p99=166.25ms
[GrpcStress:pipeline] Success=100, Failed=0, p95=26.74ms, p99=156.79ms
[GrpcStress:slot] Success=100, Failed=0, p95=19.86ms, p99=156.75ms

=== Phase: baseline-get (csredis) ===
dotnet run --project CsredisGrpcStressTests -- --suite csredis --target http://127.0.0.1:50051 --method get --total 2000 --concurrency 40 --key-prefix grpc:phased:csredis:baseline-get:iter-05 --pipeline-key-count 3 --expiry-seconds 300
Log: artifacts\chaos-10x\batch-real5x10\iter-05\run-iter-05\scale-in\csredis\run-iter-05\baseline-get.log
[GrpcStress] suite=csredis, method=get, target=http://127.0.0.1:50051, total=2000, concurrency=40
[GrpcStress] Completed
[GrpcStress] Overall Success=2000, Failed=0, Duration=642ms, QPS=3114.96
[GrpcStress] Overall Latency(ms): p50=7.23, p95=17.19, p99=174.18, max=221.61
[GrpcStress:get] Success=2000, Failed=0, p95=17.19ms, p99=174.18ms

=== Phase: baseline-pipeline (csredis) ===
dotnet run --project CsredisGrpcStressTests -- --suite csredis --target http://127.0.0.1:50051 --method pipeline --total 2000 --concurrency 40 --key-prefix grpc:phased:csredis:baseline-pipeline:iter-05 --pipeline-key-count 3 --expiry-seconds 300
Log: artifacts\chaos-10x\batch-real5x10\iter-05\run-iter-05\scale-in\csredis\run-iter-05\baseline-pipeline.log
[GrpcStress] suite=csredis, method=pipeline, target=http://127.0.0.1:50051, total=2000, concurrency=40
[GrpcStress] Completed
[GrpcStress] Overall Success=2000, Failed=0, Duration=1318ms, QPS=1517.64
[GrpcStress] Overall Latency(ms): p50=12.51, p95=81.47, p99=182.56, max=236.63
[GrpcStress:pipeline] Success=2000, Failed=0, p95=81.47ms, p99=182.56ms

=== Phase: baseline-cacheshell (csredis) ===
dotnet run --project CsredisGrpcStressTests -- --suite csredis --target http://127.0.0.1:50051 --method cacheshell --total 2000 --concurrency 40 --key-prefix grpc:phased:csredis:baseline-cacheshell:iter-05 --pipeline-key-count 3 --expiry-seconds 300
Log: artifacts\chaos-10x\batch-real5x10\iter-05\run-iter-05\scale-in\csredis\run-iter-05\baseline-cacheshell.log
[GrpcStress] suite=csredis, method=cacheshell, target=http://127.0.0.1:50051, total=2000, concurrency=40
[GrpcStress] Completed
[GrpcStress] Overall Success=0, Failed=2000, Duration=1442ms, QPS=1387.36
[GrpcStress] Overall Latency(ms): p50=23.89, p95=52.99, p99=136.34, max=182.02
[GrpcStress:cacheshell] Success=0, Failed=2000, p95=52.99ms, p99=136.34ms

=== Phase: baseline-slot (csredis) ===
dotnet run --project CsredisGrpcStressTests -- --suite csredis --target http://127.0.0.1:50051 --method slot --total 2000 --concurrency 40 --key-prefix grpc:phased:csredis:baseline-slot:iter-05 --pipeline-key-count 3 --expiry-seconds 300
Log: artifacts\chaos-10x\batch-real5x10\iter-05\run-iter-05\scale-in\csredis\run-iter-05\baseline-slot.log
[GrpcStress] suite=csredis, method=slot, target=http://127.0.0.1:50051, total=2000, concurrency=40
[GrpcStress] Completed
[GrpcStress] Overall Success=2000, Failed=0, Duration=505ms, QPS=3959.75
[GrpcStress] Overall Latency(ms): p50=4.29, p95=10.58, p99=203.43, max=253.01
[GrpcStress:slot] Success=2000, Failed=0, p95=10.58ms, p99=203.43ms

=== Phase: baseline-node (csredis) ===
dotnet run --project CsredisGrpcStressTests -- --suite csredis --target http://127.0.0.1:50051 --method node --total 200 --concurrency 10 --key-prefix grpc:phased:csredis:baseline-node:iter-05 --pipeline-key-count 3 --expiry-seconds 300
Log: artifacts\chaos-10x\batch-real5x10\iter-05\run-iter-05\scale-in\csredis\run-iter-05\baseline-node.log
[GrpcStress] suite=csredis, method=node, target=http://127.0.0.1:50051, total=200, concurrency=10
[GrpcStress] Completed
[GrpcStress] Overall Success=200, Failed=0, Duration=4864ms, QPS=41.12
[GrpcStress] Overall Latency(ms): p50=118.03, p95=237.13, p99=2421.81, max=2441.41
[GrpcStress:node] Success=200, Failed=0, p95=237.13ms, p99=2421.81ms

=== Phase: mixed (csredis) ===
dotnet run --project CsredisGrpcStressTests -- --suite csredis --target http://127.0.0.1:50051 --method all --total 8000 --concurrency 80 --key-prefix grpc:phased:csredis:mixed:iter-05 --pipeline-key-count 3 --expiry-seconds 300
Log: artifacts\chaos-10x\batch-real5x10\iter-05\run-iter-05\scale-in\csredis\run-iter-05\mixed.log
[GrpcStress] suite=csredis, method=all, target=http://127.0.0.1:50051, total=8000, concurrency=80
[GrpcStress] Completed
[GrpcStress] Overall Success=6400, Failed=1600, Duration=76388ms, QPS=104.73
[GrpcStress] Overall Latency(ms): p50=16.87, p95=4271.91, p99=10523.55, max=20029.34
[GrpcStress:cacheshell] Success=0, Failed=1600, p95=992.98ms, p99=3036.41ms
[GrpcStress:get] Success=1600, Failed=0, p95=992.28ms, p99=3036.11ms
[GrpcStress:node] Success=1600, Failed=0, p95=10523.55ms, p99=16347.58ms
[GrpcStress:pipeline] Success=1600, Failed=0, p95=1059.13ms, p99=3037.72ms
[GrpcStress:slot] Success=1600, Failed=0, p95=992.89ms, p99=3035.82ms

=== Phased Stress Summary (csredis) ===
Summary CSV: artifacts\chaos-10x\batch-real5x10\iter-05\run-iter-05\scale-in\csredis\run-iter-05\summary.csv
