RunId: iter-04
Suite: csredis
Target: http://127.0.0.1:50051
Output: artifacts\chaos-10x\batch-real5x10\iter-04\run-iter-04\failover\csredis\run-iter-04

=== Phase: warmup (csredis) ===
dotnet run --project CsredisGrpcStressTests -- --suite csredis --target http://127.0.0.1:50051 --method all --total 500 --concurrency 10 --key-prefix grpc:phased:csredis:warmup:iter-04 --pipeline-key-count 3 --expiry-seconds 300
Log: artifacts\chaos-10x\batch-real5x10\iter-04\run-iter-04\failover\csredis\run-iter-04\warmup.log
[GrpcStress] suite=csredis, method=all, target=http://127.0.0.1:50051, total=500, concurrency=10
[GrpcStress] Completed
[GrpcStress] Overall Success=500, Failed=0, Duration=2172ms, QPS=230.23
[GrpcStress] Overall Latency(ms): p50=13.23, p95=164.75, p99=288.77, max=385.42
[GrpcStress:cacheshell] Success=100, Failed=0, p95=51.04ms, p99=288.77ms
[GrpcStress:get] Success=100, Failed=0, p95=27.81ms, p99=288.56ms
[GrpcStress:node] Success=100, Failed=0, p95=187.36ms, p99=385.35ms
[GrpcStress:pipeline] Success=100, Failed=0, p95=35.64ms, p99=288.76ms
[GrpcStress:slot] Success=100, Failed=0, p95=22.02ms, p99=288.74ms

=== Phase: baseline-get (csredis) ===
dotnet run --project CsredisGrpcStressTests -- --suite csredis --target http://127.0.0.1:50051 --method get --total 2000 --concurrency 40 --key-prefix grpc:phased:csredis:baseline-get:iter-04 --pipeline-key-count 3 --expiry-seconds 300
Log: artifacts\chaos-10x\batch-real5x10\iter-04\run-iter-04\failover\csredis\run-iter-04\baseline-get.log
[GrpcStress] suite=csredis, method=get, target=http://127.0.0.1:50051, total=2000, concurrency=40
[GrpcStress] Completed
[GrpcStress] Overall Success=2000, Failed=0, Duration=481ms, QPS=4154.63
[GrpcStress] Overall Latency(ms): p50=5.96, p95=11.30, p99=120.22, max=164.33
[GrpcStress:get] Success=2000, Failed=0, p95=11.30ms, p99=120.22ms

=== Phase: baseline-pipeline (csredis) ===
dotnet run --project CsredisGrpcStressTests -- --suite csredis --target http://127.0.0.1:50051 --method pipeline --total 2000 --concurrency 40 --key-prefix grpc:phased:csredis:baseline-pipeline:iter-04 --pipeline-key-count 3 --expiry-seconds 300
Log: artifacts\chaos-10x\batch-real5x10\iter-04\run-iter-04\failover\csredis\run-iter-04\baseline-pipeline.log
[GrpcStress] suite=csredis, method=pipeline, target=http://127.0.0.1:50051, total=2000, concurrency=40
[GrpcStress] Completed
[GrpcStress] Overall Success=93, Failed=1907, Duration=13590ms, QPS=147.17
[GrpcStress] Overall Latency(ms): p50=8.54, p95=163.23, p99=7875.10, max=7943.82
[GrpcStress:pipeline] Success=93, Failed=1907, p95=163.23ms, p99=7875.10ms

=== Phase: baseline-cacheshell (csredis) ===
dotnet run --project CsredisGrpcStressTests -- --suite csredis --target http://127.0.0.1:50051 --method cacheshell --total 2000 --concurrency 40 --key-prefix grpc:phased:csredis:baseline-cacheshell:iter-04 --pipeline-key-count 3 --expiry-seconds 300
Log: artifacts\chaos-10x\batch-real5x10\iter-04\run-iter-04\failover\csredis\run-iter-04\baseline-cacheshell.log
[GrpcStress] suite=csredis, method=cacheshell, target=http://127.0.0.1:50051, total=2000, concurrency=40
[GrpcStress] Completed
[GrpcStress] Overall Success=0, Failed=2000, Duration=2652ms, QPS=754.18
[GrpcStress] Overall Latency(ms): p50=0.16, p95=5.80, p99=2037.69, max=2039.22
[GrpcStress:cacheshell] Success=0, Failed=2000, p95=5.80ms, p99=2037.69ms

=== Phase: baseline-slot (csredis) ===
dotnet run --project CsredisGrpcStressTests -- --suite csredis --target http://127.0.0.1:50051 --method slot --total 2000 --concurrency 40 --key-prefix grpc:phased:csredis:baseline-slot:iter-04 --pipeline-key-count 3 --expiry-seconds 300
Log: artifacts\chaos-10x\batch-real5x10\iter-04\run-iter-04\failover\csredis\run-iter-04\baseline-slot.log
[GrpcStress] suite=csredis, method=slot, target=http://127.0.0.1:50051, total=2000, concurrency=40
[GrpcStress] Completed
[GrpcStress] Overall Success=0, Failed=2000, Duration=2123ms, QPS=942.02
[GrpcStress] Overall Latency(ms): p50=0.16, p95=1.27, p99=2074.14, max=2118.71
[GrpcStress:slot] Success=0, Failed=2000, p95=1.27ms, p99=2074.14ms

=== Phase: baseline-node (csredis) ===
dotnet run --project CsredisGrpcStressTests -- --suite csredis --target http://127.0.0.1:50051 --method node --total 200 --concurrency 10 --key-prefix grpc:phased:csredis:baseline-node:iter-04 --pipeline-key-count 3 --expiry-seconds 300
Log: artifacts\chaos-10x\batch-real5x10\iter-04\run-iter-04\failover\csredis\run-iter-04\baseline-node.log
[GrpcStress] suite=csredis, method=node, target=http://127.0.0.1:50051, total=200, concurrency=10
[GrpcStress] Completed
[GrpcStress] Overall Success=0, Failed=200, Duration=2085ms, QPS=95.92
[GrpcStress] Overall Latency(ms): p50=0.14, p95=9.73, p99=2067.26, max=2067.33
[GrpcStress:node] Success=0, Failed=200, p95=9.73ms, p99=2067.26ms

=== Phase: mixed (csredis) ===
dotnet run --project CsredisGrpcStressTests -- --suite csredis --target http://127.0.0.1:50051 --method all --total 8000 --concurrency 80 --key-prefix grpc:phased:csredis:mixed:iter-04 --pipeline-key-count 3 --expiry-seconds 300
Log: artifacts\chaos-10x\batch-real5x10\iter-04\run-iter-04\failover\csredis\run-iter-04\mixed.log
[GrpcStress] suite=csredis, method=all, target=http://127.0.0.1:50051, total=8000, concurrency=80
[GrpcStress] Completed
[GrpcStress] Overall Success=0, Failed=8000, Duration=2281ms, QPS=3506.58
[GrpcStress] Overall Latency(ms): p50=0.15, p95=1.18, p99=17.53, max=2269.62
[GrpcStress:cacheshell] Success=0, Failed=1600, p95=1.33ms, p99=14.87ms
[GrpcStress:get] Success=0, Failed=1600, p95=1.14ms, p99=17.53ms
[GrpcStress:node] Success=0, Failed=1600, p95=1.42ms, p99=16.76ms
[GrpcStress:pipeline] Success=0, Failed=1600, p95=1.02ms, p99=11.58ms
[GrpcStress:slot] Success=0, Failed=1600, p95=1.16ms, p99=12.32ms

=== Phased Stress Summary (csredis) ===
Summary CSV: artifacts\chaos-10x\batch-real5x10\iter-04\run-iter-04\failover\csredis\run-iter-04\summary.csv
