RunId: iter-05
Suite: csredis
Target: http://127.0.0.1:50051
Output: artifacts\chaos-10x\batch-real5x10\iter-05\run-iter-05\node-down\csredis\run-iter-05

=== Phase: warmup (csredis) ===
dotnet run --project CsredisGrpcStressTests -- --suite csredis --target http://127.0.0.1:50051 --method all --total 500 --concurrency 10 --key-prefix grpc:phased:csredis:warmup:iter-05 --pipeline-key-count 3 --expiry-seconds 300
Log: artifacts\chaos-10x\batch-real5x10\iter-05\run-iter-05\node-down\csredis\run-iter-05\warmup.log
[GrpcStress] suite=csredis, method=all, target=http://127.0.0.1:50051, total=500, concurrency=10
[GrpcStress] Completed
[GrpcStress] Overall Success=400, Failed=100, Duration=1699ms, QPS=294.26
[GrpcStress] Overall Latency(ms): p50=8.93, p95=143.80, p99=192.43, max=241.17
[GrpcStress:cacheshell] Success=0, Failed=100, p95=30.75ms, p99=143.82ms
[GrpcStress:get] Success=100, Failed=0, p95=27.82ms, p99=143.43ms
[GrpcStress:node] Success=100, Failed=0, p95=192.43ms, p99=236.23ms
[GrpcStress:pipeline] Success=100, Failed=0, p95=34.77ms, p99=143.66ms
[GrpcStress:slot] Success=100, Failed=0, p95=24.09ms, p99=143.47ms

=== Phase: baseline-get (csredis) ===
dotnet run --project CsredisGrpcStressTests -- --suite csredis --target http://127.0.0.1:50051 --method get --total 2000 --concurrency 40 --key-prefix grpc:phased:csredis:baseline-get:iter-05 --pipeline-key-count 3 --expiry-seconds 300
Log: artifacts\chaos-10x\batch-real5x10\iter-05\run-iter-05\node-down\csredis\run-iter-05\baseline-get.log
[GrpcStress] suite=csredis, method=get, target=http://127.0.0.1:50051, total=2000, concurrency=40
[GrpcStress] Completed
[GrpcStress] Overall Success=2000, Failed=0, Duration=602ms, QPS=3324.91
[GrpcStress] Overall Latency(ms): p50=6.66, p95=13.28, p99=173.49, max=240.53
[GrpcStress:get] Success=2000, Failed=0, p95=13.28ms, p99=173.49ms

=== Phase: baseline-pipeline (csredis) ===
dotnet run --project CsredisGrpcStressTests -- --suite csredis --target http://127.0.0.1:50051 --method pipeline --total 2000 --concurrency 40 --key-prefix grpc:phased:csredis:baseline-pipeline:iter-05 --pipeline-key-count 3 --expiry-seconds 300
Log: artifacts\chaos-10x\batch-real5x10\iter-05\run-iter-05\node-down\csredis\run-iter-05\baseline-pipeline.log
[GrpcStress] suite=csredis, method=pipeline, target=http://127.0.0.1:50051, total=2000, concurrency=40
[GrpcStress] Completed
[GrpcStress] Overall Success=2000, Failed=0, Duration=1158ms, QPS=1726.57
[GrpcStress] Overall Latency(ms): p50=8.95, p95=79.43, p99=188.98, max=250.82
[GrpcStress:pipeline] Success=2000, Failed=0, p95=79.43ms, p99=188.98ms

=== Phase: baseline-cacheshell (csredis) ===
dotnet run --project CsredisGrpcStressTests -- --suite csredis --target http://127.0.0.1:50051 --method cacheshell --total 2000 --concurrency 40 --key-prefix grpc:phased:csredis:baseline-cacheshell:iter-05 --pipeline-key-count 3 --expiry-seconds 300
Log: artifacts\chaos-10x\batch-real5x10\iter-05\run-iter-05\node-down\csredis\run-iter-05\baseline-cacheshell.log
[GrpcStress] suite=csredis, method=cacheshell, target=http://127.0.0.1:50051, total=2000, concurrency=40
[GrpcStress] Completed
[GrpcStress] Overall Success=0, Failed=2000, Duration=949ms, QPS=2106.61
[GrpcStress] Overall Latency(ms): p50=15.16, p95=29.05, p99=119.66, max=165.72
[GrpcStress:cacheshell] Success=0, Failed=2000, p95=29.05ms, p99=119.66ms

=== Phase: baseline-slot (csredis) ===
dotnet run --project CsredisGrpcStressTests -- --suite csredis --target http://127.0.0.1:50051 --method slot --total 2000 --concurrency 40 --key-prefix grpc:phased:csredis:baseline-slot:iter-05 --pipeline-key-count 3 --expiry-seconds 300
Log: artifacts\chaos-10x\batch-real5x10\iter-05\run-iter-05\node-down\csredis\run-iter-05\baseline-slot.log
[GrpcStress] suite=csredis, method=slot, target=http://127.0.0.1:50051, total=2000, concurrency=40
[GrpcStress] Completed
[GrpcStress] Overall Success=2000, Failed=0, Duration=412ms, QPS=4859.41
[GrpcStress] Overall Latency(ms): p50=3.97, p95=10.03, p99=132.20, max=181.82
[GrpcStress:slot] Success=2000, Failed=0, p95=10.03ms, p99=132.20ms

=== Phase: baseline-node (csredis) ===
dotnet run --project CsredisGrpcStressTests -- --suite csredis --target http://127.0.0.1:50051 --method node --total 200 --concurrency 10 --key-prefix grpc:phased:csredis:baseline-node:iter-05 --pipeline-key-count 3 --expiry-seconds 300
Log: artifacts\chaos-10x\batch-real5x10\iter-05\run-iter-05\node-down\csredis\run-iter-05\baseline-node.log
[GrpcStress] suite=csredis, method=node, target=http://127.0.0.1:50051, total=200, concurrency=10
[GrpcStress] Completed
[GrpcStress] Overall Success=200, Failed=0, Duration=2246ms, QPS=89.04
[GrpcStress] Overall Latency(ms): p50=103.48, p95=158.48, p99=232.43, max=237.57
[GrpcStress:node] Success=200, Failed=0, p95=158.48ms, p99=232.43ms

=== Phase: mixed (csredis) ===
dotnet run --project CsredisGrpcStressTests -- --suite csredis --target http://127.0.0.1:50051 --method all --total 8000 --concurrency 80 --key-prefix grpc:phased:csredis:mixed:iter-05 --pipeline-key-count 3 --expiry-seconds 300
Log: artifacts\chaos-10x\batch-real5x10\iter-05\run-iter-05\node-down\csredis\run-iter-05\mixed.log
[GrpcStress] suite=csredis, method=all, target=http://127.0.0.1:50051, total=8000, concurrency=80
[GrpcStress] Completed
[GrpcStress] Overall Success=6400, Failed=1600, Duration=88511ms, QPS=90.38
[GrpcStress] Overall Latency(ms): p50=17.14, p95=3922.78, p99=11355.40, max=19462.76
[GrpcStress:cacheshell] Success=0, Failed=1600, p95=2039.96ms, p99=3065.51ms
[GrpcStress:get] Success=1600, Failed=0, p95=2039.46ms, p99=3062.81ms
[GrpcStress:node] Success=1600, Failed=0, p95=11355.40ms, p99=16394.47ms
[GrpcStress:pipeline] Success=1600, Failed=0, p95=2086.54ms, p99=3065.98ms
[GrpcStress:slot] Success=1600, Failed=0, p95=2039.35ms, p99=3062.89ms

=== Phased Stress Summary (csredis) ===
Summary CSV: artifacts\chaos-10x\batch-real5x10\iter-05\run-iter-05\node-down\csredis\run-iter-05\summary.csv
