RunId: iter-05
Suite: stackexchange
Target: http://127.0.0.1:50052
Output: artifacts\chaos-10x\batch-real5x10\iter-05\run-iter-05\scale-in\stackexchange\run-iter-05

=== Phase: warmup (stackexchange) ===
dotnet run --project CsredisGrpcStressTests -- --suite stackexchange --target http://127.0.0.1:50052 --method all --total 500 --concurrency 10 --key-prefix grpc:phased:stackexchange:warmup:iter-05 --pipeline-key-count 3 --expiry-seconds 300
Log: artifacts\chaos-10x\batch-real5x10\iter-05\run-iter-05\scale-in\stackexchange\run-iter-05\warmup.log
[GrpcStress] suite=stackexchange, method=all, target=http://127.0.0.1:50052, total=500, concurrency=10
[GrpcStress] Completed
[GrpcStress] Overall Success=400, Failed=100, Duration=1576ms, QPS=317.22
[GrpcStress] Overall Latency(ms): p50=8.44, p95=120.92, p99=152.34, max=195.65
[GrpcStress:cacheshell] Success=0, Failed=100, p95=51.94ms, p99=152.29ms
[GrpcStress:get] Success=100, Failed=0, p95=36.01ms, p99=151.86ms
[GrpcStress:node] Success=100, Failed=0, p95=140.13ms, p99=185.60ms
[GrpcStress:pipeline] Success=100, Failed=0, p95=46.09ms, p99=152.25ms
[GrpcStress:slot] Success=100, Failed=0, p95=20.08ms, p99=152.29ms

=== Phase: baseline-get (stackexchange) ===
dotnet run --project CsredisGrpcStressTests -- --suite stackexchange --target http://127.0.0.1:50052 --method get --total 2000 --concurrency 40 --key-prefix grpc:phased:stackexchange:baseline-get:iter-05 --pipeline-key-count 3 --expiry-seconds 300
Log: artifacts\chaos-10x\batch-real5x10\iter-05\run-iter-05\scale-in\stackexchange\run-iter-05\baseline-get.log
[GrpcStress] suite=stackexchange, method=get, target=http://127.0.0.1:50052, total=2000, concurrency=40
[GrpcStress] Completed
[GrpcStress] Overall Success=2000, Failed=0, Duration=595ms, QPS=3362.77
[GrpcStress] Overall Latency(ms): p50=7.67, p95=20.50, p99=113.92, max=155.80
[GrpcStress:get] Success=2000, Failed=0, p95=20.50ms, p99=113.92ms

=== Phase: baseline-pipeline (stackexchange) ===
dotnet run --project CsredisGrpcStressTests -- --suite stackexchange --target http://127.0.0.1:50052 --method pipeline --total 2000 --concurrency 40 --key-prefix grpc:phased:stackexchange:baseline-pipeline:iter-05 --pipeline-key-count 3 --expiry-seconds 300
Log: artifacts\chaos-10x\batch-real5x10\iter-05\run-iter-05\scale-in\stackexchange\run-iter-05\baseline-pipeline.log
[GrpcStress] suite=stackexchange, method=pipeline, target=http://127.0.0.1:50052, total=2000, concurrency=40
[GrpcStress] Completed
[GrpcStress] Overall Success=2000, Failed=0, Duration=1062ms, QPS=1884.00
[GrpcStress] Overall Latency(ms): p50=15.42, p95=41.38, p99=132.39, max=180.17
[GrpcStress:pipeline] Success=2000, Failed=0, p95=41.38ms, p99=132.39ms

=== Phase: baseline-cacheshell (stackexchange) ===
dotnet run --project CsredisGrpcStressTests -- --suite stackexchange --target http://127.0.0.1:50052 --method cacheshell --total 2000 --concurrency 40 --key-prefix grpc:phased:stackexchange:baseline-cacheshell:iter-05 --pipeline-key-count 3 --expiry-seconds 300
Log: artifacts\chaos-10x\batch-real5x10\iter-05\run-iter-05\scale-in\stackexchange\run-iter-05\baseline-cacheshell.log
[GrpcStress] suite=stackexchange, method=cacheshell, target=http://127.0.0.1:50052, total=2000, concurrency=40
[GrpcStress] Completed
[GrpcStress] Overall Success=0, Failed=2000, Duration=1298ms, QPS=1540.25
[GrpcStress] Overall Latency(ms): p50=20.88, p95=44.69, p99=135.58, max=185.07
[GrpcStress:cacheshell] Success=0, Failed=2000, p95=44.69ms, p99=135.58ms

=== Phase: baseline-slot (stackexchange) ===
dotnet run --project CsredisGrpcStressTests -- --suite stackexchange --target http://127.0.0.1:50052 --method slot --total 2000 --concurrency 40 --key-prefix grpc:phased:stackexchange:baseline-slot:iter-05 --pipeline-key-count 3 --expiry-seconds 300
Log: artifacts\chaos-10x\batch-real5x10\iter-05\run-iter-05\scale-in\stackexchange\run-iter-05\baseline-slot.log
[GrpcStress] suite=stackexchange, method=slot, target=http://127.0.0.1:50052, total=2000, concurrency=40
[GrpcStress] Completed
[GrpcStress] Overall Success=2000, Failed=0, Duration=467ms, QPS=4283.81
[GrpcStress] Overall Latency(ms): p50=4.87, p95=13.04, p99=129.76, max=176.17
[GrpcStress:slot] Success=2000, Failed=0, p95=13.04ms, p99=129.76ms

=== Phase: baseline-node (stackexchange) ===
dotnet run --project CsredisGrpcStressTests -- --suite stackexchange --target http://127.0.0.1:50052 --method node --total 200 --concurrency 10 --key-prefix grpc:phased:stackexchange:baseline-node:iter-05 --pipeline-key-count 3 --expiry-seconds 300
Log: artifacts\chaos-10x\batch-real5x10\iter-05\run-iter-05\scale-in\stackexchange\run-iter-05\baseline-node.log
[GrpcStress] suite=stackexchange, method=node, target=http://127.0.0.1:50052, total=200, concurrency=10
[GrpcStress] Completed
[GrpcStress] Overall Success=200, Failed=0, Duration=13549ms, QPS=14.76
[GrpcStress] Overall Latency(ms): p50=83.20, p95=5096.59, p99=7177.42, max=7177.45
[GrpcStress:node] Success=200, Failed=0, p95=5096.59ms, p99=7177.42ms

=== Phase: mixed (stackexchange) ===
dotnet run --project CsredisGrpcStressTests -- --suite stackexchange --target http://127.0.0.1:50052 --method all --total 8000 --concurrency 80 --key-prefix grpc:phased:stackexchange:mixed:iter-05 --pipeline-key-count 3 --expiry-seconds 300
Log: artifacts\chaos-10x\batch-real5x10\iter-05\run-iter-05\scale-in\stackexchange\run-iter-05\mixed.log
[GrpcStress] suite=stackexchange, method=all, target=http://127.0.0.1:50052, total=8000, concurrency=80
[GrpcStress] Completed
[GrpcStress] Overall Success=6400, Failed=1600, Duration=16575ms, QPS=482.67
[GrpcStress] Overall Latency(ms): p50=61.31, p95=674.84, p99=898.41, max=1116.20
[GrpcStress:cacheshell] Success=0, Failed=1600, p95=202.75ms, p99=292.20ms
[GrpcStress:get] Success=1600, Failed=0, p95=116.59ms, p99=188.80ms
[GrpcStress:node] Success=1600, Failed=0, p95=898.41ms, p99=1004.64ms
[GrpcStress:pipeline] Success=1600, Failed=0, p95=144.55ms, p99=232.75ms
[GrpcStress:slot] Success=1600, Failed=0, p95=77.63ms, p99=157.89ms

=== Phased Stress Summary (stackexchange) ===
Summary CSV: artifacts\chaos-10x\batch-real5x10\iter-05\run-iter-05\scale-in\stackexchange\run-iter-05\summary.csv
