RunId: iter-05
Suite: stackexchange
Target: http://127.0.0.1:50052
Output: artifacts\chaos-10x\batch-real5x10\iter-05\run-iter-05\failover\stackexchange\run-iter-05

=== Phase: warmup (stackexchange) ===
dotnet run --project CsredisGrpcStressTests -- --suite stackexchange --target http://127.0.0.1:50052 --method all --total 500 --concurrency 10 --key-prefix grpc:phased:stackexchange:warmup:iter-05 --pipeline-key-count 3 --expiry-seconds 300
Log: artifacts\chaos-10x\batch-real5x10\iter-05\run-iter-05\failover\stackexchange\run-iter-05\warmup.log
[GrpcStress] suite=stackexchange, method=all, target=http://127.0.0.1:50052, total=500, concurrency=10
[GrpcStress] Completed
[GrpcStress] Overall Success=500, Failed=0, Duration=1843ms, QPS=271.23
[GrpcStress] Overall Latency(ms): p50=12.03, p95=129.28, p99=290.72, max=305.52
[GrpcStress:cacheshell] Success=100, Failed=0, p95=61.05ms, p99=290.72ms
[GrpcStress:get] Success=100, Failed=0, p95=27.41ms, p99=290.27ms
[GrpcStress:node] Success=100, Failed=0, p95=159.24ms, p99=305.49ms
[GrpcStress:pipeline] Success=100, Failed=0, p95=30.05ms, p99=290.69ms
[GrpcStress:slot] Success=100, Failed=0, p95=16.41ms, p99=290.67ms

=== Phase: baseline-get (stackexchange) ===
dotnet run --project CsredisGrpcStressTests -- --suite stackexchange --target http://127.0.0.1:50052 --method get --total 2000 --concurrency 40 --key-prefix grpc:phased:stackexchange:baseline-get:iter-05 --pipeline-key-count 3 --expiry-seconds 300
Log: artifacts\chaos-10x\batch-real5x10\iter-05\run-iter-05\failover\stackexchange\run-iter-05\baseline-get.log
[GrpcStress] suite=stackexchange, method=get, target=http://127.0.0.1:50052, total=2000, concurrency=40
[GrpcStress] Completed
[GrpcStress] Overall Success=2000, Failed=0, Duration=530ms, QPS=3773.95
[GrpcStress] Overall Latency(ms): p50=6.81, p95=13.73, p99=123.22, max=166.13
[GrpcStress:get] Success=2000, Failed=0, p95=13.73ms, p99=123.22ms

=== Phase: baseline-pipeline (stackexchange) ===
dotnet run --project CsredisGrpcStressTests -- --suite stackexchange --target http://127.0.0.1:50052 --method pipeline --total 2000 --concurrency 40 --key-prefix grpc:phased:stackexchange:baseline-pipeline:iter-05 --pipeline-key-count 3 --expiry-seconds 300
Log: artifacts\chaos-10x\batch-real5x10\iter-05\run-iter-05\failover\stackexchange\run-iter-05\baseline-pipeline.log
[GrpcStress] suite=stackexchange, method=pipeline, target=http://127.0.0.1:50052, total=2000, concurrency=40
[GrpcStress] Completed
[GrpcStress] Overall Success=111, Failed=1889, Duration=12049ms, QPS=165.99
[GrpcStress] Overall Latency(ms): p50=10.64, p95=30.27, p99=5912.19, max=6110.03
[GrpcStress:pipeline] Success=111, Failed=1889, p95=30.27ms, p99=5912.19ms

=== Phase: baseline-cacheshell (stackexchange) ===
dotnet run --project CsredisGrpcStressTests -- --suite stackexchange --target http://127.0.0.1:50052 --method cacheshell --total 2000 --concurrency 40 --key-prefix grpc:phased:stackexchange:baseline-cacheshell:iter-05 --pipeline-key-count 3 --expiry-seconds 300
Log: artifacts\chaos-10x\batch-real5x10\iter-05\run-iter-05\failover\stackexchange\run-iter-05\baseline-cacheshell.log
[GrpcStress] suite=stackexchange, method=cacheshell, target=http://127.0.0.1:50052, total=2000, concurrency=40
[GrpcStress] Completed
[GrpcStress] Overall Success=2000, Failed=0, Duration=1476ms, QPS=1355.06
[GrpcStress] Overall Latency(ms): p50=23.73, p95=43.18, p99=152.00, max=231.93
[GrpcStress:cacheshell] Success=2000, Failed=0, p95=43.18ms, p99=152.00ms

=== Phase: baseline-slot (stackexchange) ===
dotnet run --project CsredisGrpcStressTests -- --suite stackexchange --target http://127.0.0.1:50052 --method slot --total 2000 --concurrency 40 --key-prefix grpc:phased:stackexchange:baseline-slot:iter-05 --pipeline-key-count 3 --expiry-seconds 300
Log: artifacts\chaos-10x\batch-real5x10\iter-05\run-iter-05\failover\stackexchange\run-iter-05\baseline-slot.log
[GrpcStress] suite=stackexchange, method=slot, target=http://127.0.0.1:50052, total=2000, concurrency=40
[GrpcStress] Completed
[GrpcStress] Overall Success=2000, Failed=0, Duration=368ms, QPS=5433.57
[GrpcStress] Overall Latency(ms): p50=3.56, p95=7.07, p99=129.45, max=175.97
[GrpcStress:slot] Success=2000, Failed=0, p95=7.07ms, p99=129.45ms

=== Phase: baseline-node (stackexchange) ===
dotnet run --project CsredisGrpcStressTests -- --suite stackexchange --target http://127.0.0.1:50052 --method node --total 200 --concurrency 10 --key-prefix grpc:phased:stackexchange:baseline-node:iter-05 --pipeline-key-count 3 --expiry-seconds 300
Log: artifacts\chaos-10x\batch-real5x10\iter-05\run-iter-05\failover\stackexchange\run-iter-05\baseline-node.log
[GrpcStress] suite=stackexchange, method=node, target=http://127.0.0.1:50052, total=200, concurrency=10
[GrpcStress] Completed
[GrpcStress] Overall Success=200, Failed=0, Duration=2035ms, QPS=98.29
[GrpcStress] Overall Latency(ms): p50=83.33, p95=187.52, p99=338.60, max=339.48
[GrpcStress:node] Success=200, Failed=0, p95=187.52ms, p99=338.60ms

=== Phase: mixed (stackexchange) ===
dotnet run --project CsredisGrpcStressTests -- --suite stackexchange --target http://127.0.0.1:50052 --method all --total 8000 --concurrency 80 --key-prefix grpc:phased:stackexchange:mixed:iter-05 --pipeline-key-count 3 --expiry-seconds 300
Log: artifacts\chaos-10x\batch-real5x10\iter-05\run-iter-05\failover\stackexchange\run-iter-05\mixed.log
[GrpcStress] suite=stackexchange, method=all, target=http://127.0.0.1:50052, total=8000, concurrency=80
[GrpcStress] Completed
[GrpcStress] Overall Success=7500, Failed=500, Duration=17394ms, QPS=459.92
[GrpcStress] Overall Latency(ms): p50=66.56, p95=642.61, p99=1036.12, max=1420.61
[GrpcStress:cacheshell] Success=1230, Failed=370, p95=350.11ms, p99=468.46ms
[GrpcStress:get] Success=1600, Failed=0, p95=127.36ms, p99=195.37ms
[GrpcStress:node] Success=1600, Failed=0, p95=1036.12ms, p99=1329.99ms
[GrpcStress:pipeline] Success=1470, Failed=130, p95=174.33ms, p99=234.02ms
[GrpcStress:slot] Success=1600, Failed=0, p95=87.89ms, p99=165.51ms

=== Phased Stress Summary (stackexchange) ===
Summary CSV: artifacts\chaos-10x\batch-real5x10\iter-05\run-iter-05\failover\stackexchange\run-iter-05\summary.csv
