RunId: real-all-restart-apps
Suite: stackexchange
Target: http://127.0.0.1:50052
Output: artifacts\chaos-compare\run-real-all-restart-apps\failover\stackexchange\run-real-all-restart-apps

=== Phase: warmup (stackexchange) ===
dotnet run --project CsredisGrpcStressTests -- --suite stackexchange --target http://127.0.0.1:50052 --method all --total 500 --concurrency 20 --key-prefix grpc:phased:stackexchange:warmup:real-all-restart-apps --pipeline-key-count 3 --expiry-seconds 300
Log: artifacts\chaos-compare\run-real-all-restart-apps\failover\stackexchange\run-real-all-restart-apps\warmup.log
[GrpcStress] suite=stackexchange, method=all, target=http://127.0.0.1:50052, total=500, concurrency=20
[GrpcStress] Completed
[GrpcStress] Overall Success=500, Failed=0, Duration=1753ms, QPS=285.30
[GrpcStress] Overall Latency(ms): p50=26.66, p95=292.39, p99=469.57, max=545.80
[GrpcStress:cacheshell] Success=100, Failed=0, p95=104.95ms, p99=291.72ms
[GrpcStress:get] Success=100, Failed=0, p95=49.79ms, p99=225.18ms
[GrpcStress:node] Success=100, Failed=0, p95=469.57ms, p99=536.36ms
[GrpcStress:pipeline] Success=100, Failed=0, p95=68.01ms, p99=294.61ms
[GrpcStress:slot] Success=100, Failed=0, p95=45.10ms, p99=273.52ms

=== Phase: baseline-get (stackexchange) ===
dotnet run --project CsredisGrpcStressTests -- --suite stackexchange --target http://127.0.0.1:50052 --method get --total 5000 --concurrency 100 --key-prefix grpc:phased:stackexchange:baseline-get:real-all-restart-apps --pipeline-key-count 3 --expiry-seconds 300
Log: artifacts\chaos-compare\run-real-all-restart-apps\failover\stackexchange\run-real-all-restart-apps\baseline-get.log
[GrpcStress] suite=stackexchange, method=get, target=http://127.0.0.1:50052, total=5000, concurrency=100
[GrpcStress] Completed
[GrpcStress] Overall Success=5000, Failed=0, Duration=813ms, QPS=6153.38
[GrpcStress] Overall Latency(ms): p50=11.96, p95=22.79, p99=146.24, max=195.74
[GrpcStress:get] Success=5000, Failed=0, p95=22.79ms, p99=146.24ms

=== Phase: baseline-pipeline (stackexchange) ===
dotnet run --project CsredisGrpcStressTests -- --suite stackexchange --target http://127.0.0.1:50052 --method pipeline --total 5000 --concurrency 100 --key-prefix grpc:phased:stackexchange:baseline-pipeline:real-all-restart-apps --pipeline-key-count 3 --expiry-seconds 300
Log: artifacts\chaos-compare\run-real-all-restart-apps\failover\stackexchange\run-real-all-restart-apps\baseline-pipeline.log
[GrpcStress] suite=stackexchange, method=pipeline, target=http://127.0.0.1:50052, total=5000, concurrency=100
[GrpcStress] Completed
[GrpcStress] Overall Success=5000, Failed=0, Duration=1022ms, QPS=4893.85
[GrpcStress] Overall Latency(ms): p50=16.24, p95=33.33, p99=133.18, max=174.10
[GrpcStress:pipeline] Success=5000, Failed=0, p95=33.33ms, p99=133.18ms

=== Phase: baseline-cacheshell (stackexchange) ===
dotnet run --project CsredisGrpcStressTests -- --suite stackexchange --target http://127.0.0.1:50052 --method cacheshell --total 5000 --concurrency 100 --key-prefix grpc:phased:stackexchange:baseline-cacheshell:real-all-restart-apps --pipeline-key-count 3 --expiry-seconds 300
Log: artifacts\chaos-compare\run-real-all-restart-apps\failover\stackexchange\run-real-all-restart-apps\baseline-cacheshell.log
[GrpcStress] suite=stackexchange, method=cacheshell, target=http://127.0.0.1:50052, total=5000, concurrency=100
[GrpcStress] Completed
[GrpcStress] Overall Success=5000, Failed=0, Duration=1800ms, QPS=2777.10
[GrpcStress] Overall Latency(ms): p50=31.11, p95=59.65, p99=130.22, max=175.00
[GrpcStress:cacheshell] Success=5000, Failed=0, p95=59.65ms, p99=130.22ms

=== Phase: baseline-slot (stackexchange) ===
dotnet run --project CsredisGrpcStressTests -- --suite stackexchange --target http://127.0.0.1:50052 --method slot --total 5000 --concurrency 100 --key-prefix grpc:phased:stackexchange:baseline-slot:real-all-restart-apps --pipeline-key-count 3 --expiry-seconds 300
Log: artifacts\chaos-compare\run-real-all-restart-apps\failover\stackexchange\run-real-all-restart-apps\baseline-slot.log
[GrpcStress] suite=stackexchange, method=slot, target=http://127.0.0.1:50052, total=5000, concurrency=100
[GrpcStress] Completed
[GrpcStress] Overall Success=5000, Failed=0, Duration=510ms, QPS=9812.17
[GrpcStress] Overall Latency(ms): p50=6.40, p95=11.47, p99=128.25, max=172.53
[GrpcStress:slot] Success=5000, Failed=0, p95=11.47ms, p99=128.25ms

=== Phase: baseline-node (stackexchange) ===
dotnet run --project CsredisGrpcStressTests -- --suite stackexchange --target http://127.0.0.1:50052 --method node --total 500 --concurrency 25 --key-prefix grpc:phased:stackexchange:baseline-node:real-all-restart-apps --pipeline-key-count 3 --expiry-seconds 300
Log: artifacts\chaos-compare\run-real-all-restart-apps\failover\stackexchange\run-real-all-restart-apps\baseline-node.log
[GrpcStress] suite=stackexchange, method=node, target=http://127.0.0.1:50052, total=500, concurrency=25
[GrpcStress] Completed
[GrpcStress] Overall Success=500, Failed=0, Duration=5611ms, QPS=89.12
[GrpcStress] Overall Latency(ms): p50=227.72, p95=652.17, p99=793.59, max=846.81
[GrpcStress:node] Success=500, Failed=0, p95=652.17ms, p99=793.59ms

=== Phase: mixed (stackexchange) ===
dotnet run --project CsredisGrpcStressTests -- --suite stackexchange --target http://127.0.0.1:50052 --method all --total 20000 --concurrency 200 --key-prefix grpc:phased:stackexchange:mixed:real-all-restart-apps --pipeline-key-count 3 --expiry-seconds 300
Log: artifacts\chaos-compare\run-real-all-restart-apps\failover\stackexchange\run-real-all-restart-apps\mixed.log
[GrpcStress] suite=stackexchange, method=all, target=http://127.0.0.1:50052, total=20000, concurrency=200
[GrpcStress] Completed
[GrpcStress] Overall Success=19994, Failed=6, Duration=100362ms, QPS=199.28
[GrpcStress] Overall Latency(ms): p50=163.92, p95=2654.08, p99=21899.60, max=52419.20
[GrpcStress:cacheshell] Success=3998, Failed=2, p95=1381.40ms, p99=1829.74ms
[GrpcStress:get] Success=4000, Failed=0, p95=413.53ms, p99=744.32ms
[GrpcStress:node] Success=4000, Failed=0, p95=15529.92ms, p99=48841.78ms
[GrpcStress:pipeline] Success=3996, Failed=4, p95=556.56ms, p99=941.56ms
[GrpcStress:slot] Success=4000, Failed=0, p95=246.06ms, p99=545.82ms

=== Phased Stress Summary (stackexchange) ===
Summary CSV: artifacts\chaos-compare\run-real-all-restart-apps\failover\stackexchange\run-real-all-restart-apps\summary.csv
