RunId: iter-01
Suite: csredis
Target: http://127.0.0.1:50051
Output: artifacts\chaos-10x\batch-real10x-4fix\iter-01\run-iter-01\failover\csredis\run-iter-01

=== Phase: warmup (csredis) ===
dotnet run --project CsredisGrpcStressTests -- --suite csredis --target http://127.0.0.1:50051 --method all --total 50 --concurrency 10 --key-prefix grpc:phased:csredis:warmup:iter-01 --pipeline-key-count 3 --expiry-seconds 300
Log: artifacts\chaos-10x\batch-real10x-4fix\iter-01\run-iter-01\failover\csredis\run-iter-01\warmup.log
[GrpcStress] suite=csredis, method=all, target=http://127.0.0.1:50051, total=50, concurrency=10
[GrpcStress] Completed
[GrpcStress] Overall Success=50, Failed=0, Duration=407ms, QPS=122.81
[GrpcStress] Overall Latency(ms): p50=34.68, p95=180.26, p99=248.90, max=248.90
[GrpcStress:cacheshell] Success=10, Failed=0, p95=176.40ms, p99=176.40ms
[GrpcStress:get] Success=10, Failed=0, p95=176.21ms, p99=176.21ms
[GrpcStress:node] Success=10, Failed=0, p95=248.90ms, p99=248.90ms
[GrpcStress:pipeline] Success=10, Failed=0, p95=180.26ms, p99=180.26ms
[GrpcStress:slot] Success=10, Failed=0, p95=175.48ms, p99=175.48ms

=== Phase: baseline-get (csredis) ===
dotnet run --project CsredisGrpcStressTests -- --suite csredis --target http://127.0.0.1:50051 --method get --total 200 --concurrency 40 --key-prefix grpc:phased:csredis:baseline-get:iter-01 --pipeline-key-count 3 --expiry-seconds 300
Log: artifacts\chaos-10x\batch-real10x-4fix\iter-01\run-iter-01\failover\csredis\run-iter-01\baseline-get.log
[GrpcStress] suite=csredis, method=get, target=http://127.0.0.1:50051, total=200, concurrency=40
[GrpcStress] Completed
[GrpcStress] Overall Success=200, Failed=0, Duration=201ms, QPS=995.43
[GrpcStress] Overall Latency(ms): p50=5.19, p95=174.72, p99=175.94, max=176.29
[GrpcStress:get] Success=200, Failed=0, p95=174.72ms, p99=175.94ms

=== Phase: baseline-pipeline (csredis) ===
dotnet run --project CsredisGrpcStressTests -- --suite csredis --target http://127.0.0.1:50051 --method pipeline --total 200 --concurrency 40 --key-prefix grpc:phased:csredis:baseline-pipeline:iter-01 --pipeline-key-count 3 --expiry-seconds 300
Log: artifacts\chaos-10x\batch-real10x-4fix\iter-01\run-iter-01\failover\csredis\run-iter-01\baseline-pipeline.log
[GrpcStress] suite=csredis, method=pipeline, target=http://127.0.0.1:50051, total=200, concurrency=40
[GrpcStress] Completed
[GrpcStress] Overall Success=200, Failed=0, Duration=224ms, QPS=891.63
[GrpcStress] Overall Latency(ms): p50=7.13, p95=188.73, p99=190.56, max=190.69
[GrpcStress:pipeline] Success=200, Failed=0, p95=188.73ms, p99=190.56ms

=== Phase: baseline-cacheshell (csredis) ===
dotnet run --project CsredisGrpcStressTests -- --suite csredis --target http://127.0.0.1:50051 --method cacheshell --total 200 --concurrency 40 --key-prefix grpc:phased:csredis:baseline-cacheshell:iter-01 --pipeline-key-count 3 --expiry-seconds 300
Log: artifacts\chaos-10x\batch-real10x-4fix\iter-01\run-iter-01\failover\csredis\run-iter-01\baseline-cacheshell.log
[GrpcStress] suite=csredis, method=cacheshell, target=http://127.0.0.1:50051, total=200, concurrency=40
[GrpcStress] Completed
[GrpcStress] Overall Success=200, Failed=0, Duration=435ms, QPS=460.30
[GrpcStress] Overall Latency(ms): p50=29.75, p95=315.10, p99=324.05, max=324.22
[GrpcStress:cacheshell] Success=200, Failed=0, p95=315.10ms, p99=324.05ms

=== Phase: baseline-slot (csredis) ===
dotnet run --project CsredisGrpcStressTests -- --suite csredis --target http://127.0.0.1:50051 --method slot --total 200 --concurrency 40 --key-prefix grpc:phased:csredis:baseline-slot:iter-01 --pipeline-key-count 3 --expiry-seconds 300
Log: artifacts\chaos-10x\batch-real10x-4fix\iter-01\run-iter-01\failover\csredis\run-iter-01\baseline-slot.log
[GrpcStress] suite=csredis, method=slot, target=http://127.0.0.1:50051, total=200, concurrency=40
[GrpcStress] Completed
[GrpcStress] Overall Success=200, Failed=0, Duration=172ms, QPS=1159.44
[GrpcStress] Overall Latency(ms): p50=3.71, p95=154.26, p99=155.57, max=156.00
[GrpcStress:slot] Success=200, Failed=0, p95=154.26ms, p99=155.57ms

=== Phase: baseline-node (csredis) ===
dotnet run --project CsredisGrpcStressTests -- --suite csredis --target http://127.0.0.1:50051 --method node --total 100 --concurrency 10 --key-prefix grpc:phased:csredis:baseline-node:iter-01 --pipeline-key-count 3 --expiry-seconds 300
Log: artifacts\chaos-10x\batch-real10x-4fix\iter-01\run-iter-01\failover\csredis\run-iter-01\baseline-node.log
[GrpcStress] suite=csredis, method=node, target=http://127.0.0.1:50051, total=100, concurrency=10
[GrpcStress] Completed
[GrpcStress] Overall Success=43, Failed=57, Duration=25812ms, QPS=3.87
[GrpcStress] Overall Latency(ms): p50=760.53, p95=9608.75, p99=17977.60, max=22481.51
[GrpcStress:node] Success=43, Failed=57, p95=9608.75ms, p99=17977.60ms

=== Phase: mixed (csredis) ===
dotnet run --project CsredisGrpcStressTests -- --suite csredis --target http://127.0.0.1:50051 --method all --total 800 --concurrency 80 --key-prefix grpc:phased:csredis:mixed:iter-01 --pipeline-key-count 3 --expiry-seconds 300
Log: artifacts\chaos-10x\batch-real10x-4fix\iter-01\run-iter-01\failover\csredis\run-iter-01\mixed.log
[GrpcStress] suite=csredis, method=all, target=http://127.0.0.1:50051, total=800, concurrency=80
[GrpcStress] Completed
[GrpcStress] Overall Success=0, Failed=800, Duration=2084ms, QPS=383.92
[GrpcStress] Overall Latency(ms): p50=0.16, p95=2032.95, p99=2066.51, max=2075.36
[GrpcStress:cacheshell] Success=0, Failed=160, p95=2033.01ms, p99=2066.57ms
[GrpcStress:get] Success=0, Failed=160, p95=2032.90ms, p99=2065.96ms
[GrpcStress:node] Success=0, Failed=160, p95=2032.85ms, p99=2066.64ms
[GrpcStress:pipeline] Success=0, Failed=160, p95=2032.95ms, p99=2066.56ms
[GrpcStress:slot] Success=0, Failed=160, p95=2032.89ms, p99=2066.51ms

=== Phased Stress Summary (csredis) ===
Summary CSV: artifacts\chaos-10x\batch-real10x-4fix\iter-01\run-iter-01\failover\csredis\run-iter-01\summary.csv
