RunId: iter-02
Suite: csredis
Target: http://127.0.0.1:50051
Output: artifacts\chaos-10x\batch-real5x10\iter-02\run-iter-02\failover\csredis\run-iter-02

=== Phase: warmup (csredis) ===
dotnet run --project CsredisGrpcStressTests -- --suite csredis --target http://127.0.0.1:50051 --method all --total 500 --concurrency 10 --key-prefix grpc:phased:csredis:warmup:iter-02 --pipeline-key-count 3 --expiry-seconds 300
Log: artifacts\chaos-10x\batch-real5x10\iter-02\run-iter-02\failover\csredis\run-iter-02\warmup.log
[GrpcStress] suite=csredis, method=all, target=http://127.0.0.1:50051, total=500, concurrency=10
[GrpcStress] Completed
[GrpcStress] Overall Success=500, Failed=0, Duration=3063ms, QPS=163.23
[GrpcStress] Overall Latency(ms): p50=24.19, p95=224.38, p99=291.05, max=389.48
[GrpcStress:cacheshell] Success=100, Failed=0, p95=81.75ms, p99=290.95ms
[GrpcStress:get] Success=100, Failed=0, p95=48.99ms, p99=290.29ms
[GrpcStress:node] Success=100, Failed=0, p95=284.90ms, p99=340.87ms
[GrpcStress:pipeline] Success=100, Failed=0, p95=59.22ms, p99=290.98ms
[GrpcStress:slot] Success=100, Failed=0, p95=42.25ms, p99=291.03ms

=== Phase: baseline-get (csredis) ===
dotnet run --project CsredisGrpcStressTests -- --suite csredis --target http://127.0.0.1:50051 --method get --total 2000 --concurrency 40 --key-prefix grpc:phased:csredis:baseline-get:iter-02 --pipeline-key-count 3 --expiry-seconds 300
Log: artifacts\chaos-10x\batch-real5x10\iter-02\run-iter-02\failover\csredis\run-iter-02\baseline-get.log
[GrpcStress] suite=csredis, method=get, target=http://127.0.0.1:50051, total=2000, concurrency=40
[GrpcStress] Completed
[GrpcStress] Overall Success=2000, Failed=0, Duration=903ms, QPS=2215.26
[GrpcStress] Overall Latency(ms): p50=12.13, p95=29.53, p99=182.62, max=231.97
[GrpcStress:get] Success=2000, Failed=0, p95=29.53ms, p99=182.62ms

=== Phase: baseline-pipeline (csredis) ===
dotnet run --project CsredisGrpcStressTests -- --suite csredis --target http://127.0.0.1:50051 --method pipeline --total 2000 --concurrency 40 --key-prefix grpc:phased:csredis:baseline-pipeline:iter-02 --pipeline-key-count 3 --expiry-seconds 300
Log: artifacts\chaos-10x\batch-real5x10\iter-02\run-iter-02\failover\csredis\run-iter-02\baseline-pipeline.log
[GrpcStress] suite=csredis, method=pipeline, target=http://127.0.0.1:50051, total=2000, concurrency=40
[GrpcStress] Completed
[GrpcStress] Overall Success=123, Failed=1877, Duration=16992ms, QPS=117.70
[GrpcStress] Overall Latency(ms): p50=4.27, p95=2744.61, p99=6938.21, max=16744.54
[GrpcStress:pipeline] Success=123, Failed=1877, p95=2744.61ms, p99=6938.21ms

=== Phase: baseline-cacheshell (csredis) ===
dotnet run --project CsredisGrpcStressTests -- --suite csredis --target http://127.0.0.1:50051 --method cacheshell --total 2000 --concurrency 40 --key-prefix grpc:phased:csredis:baseline-cacheshell:iter-02 --pipeline-key-count 3 --expiry-seconds 300
Log: artifacts\chaos-10x\batch-real5x10\iter-02\run-iter-02\failover\csredis\run-iter-02\baseline-cacheshell.log
[GrpcStress] suite=csredis, method=cacheshell, target=http://127.0.0.1:50051, total=2000, concurrency=40
[GrpcStress] Completed
[GrpcStress] Overall Success=0, Failed=2000, Duration=2135ms, QPS=936.97
[GrpcStress] Overall Latency(ms): p50=0.15, p95=1.07, p99=2067.32, max=2130.07
[GrpcStress:cacheshell] Success=0, Failed=2000, p95=1.07ms, p99=2067.32ms

=== Phase: baseline-slot (csredis) ===
dotnet run --project CsredisGrpcStressTests -- --suite csredis --target http://127.0.0.1:50051 --method slot --total 2000 --concurrency 40 --key-prefix grpc:phased:csredis:baseline-slot:iter-02 --pipeline-key-count 3 --expiry-seconds 300
Log: artifacts\chaos-10x\batch-real5x10\iter-02\run-iter-02\failover\csredis\run-iter-02\baseline-slot.log
[GrpcStress] suite=csredis, method=slot, target=http://127.0.0.1:50051, total=2000, concurrency=40
[GrpcStress] Completed
[GrpcStress] Overall Success=0, Failed=2000, Duration=2167ms, QPS=923.10
[GrpcStress] Overall Latency(ms): p50=0.16, p95=2.11, p99=2092.11, max=2129.03
[GrpcStress:slot] Success=0, Failed=2000, p95=2.11ms, p99=2092.11ms

=== Phase: baseline-node (csredis) ===
dotnet run --project CsredisGrpcStressTests -- --suite csredis --target http://127.0.0.1:50051 --method node --total 200 --concurrency 10 --key-prefix grpc:phased:csredis:baseline-node:iter-02 --pipeline-key-count 3 --expiry-seconds 300
Log: artifacts\chaos-10x\batch-real5x10\iter-02\run-iter-02\failover\csredis\run-iter-02\baseline-node.log
[GrpcStress] suite=csredis, method=node, target=http://127.0.0.1:50051, total=200, concurrency=10
[GrpcStress] Completed
[GrpcStress] Overall Success=0, Failed=200, Duration=2107ms, QPS=94.94
[GrpcStress] Overall Latency(ms): p50=0.16, p95=1.08, p99=2097.44, max=2097.82
[GrpcStress:node] Success=0, Failed=200, p95=1.08ms, p99=2097.44ms

=== Phase: mixed (csredis) ===
dotnet run --project CsredisGrpcStressTests -- --suite csredis --target http://127.0.0.1:50051 --method all --total 8000 --concurrency 80 --key-prefix grpc:phased:csredis:mixed:iter-02 --pipeline-key-count 3 --expiry-seconds 300
Log: artifacts\chaos-10x\batch-real5x10\iter-02\run-iter-02\failover\csredis\run-iter-02\mixed.log
[GrpcStress] suite=csredis, method=all, target=http://127.0.0.1:50051, total=8000, concurrency=80
[GrpcStress] Completed
[GrpcStress] Overall Success=0, Failed=8000, Duration=2299ms, QPS=3480.19
[GrpcStress] Overall Latency(ms): p50=0.14, p95=1.29, p99=29.40, max=2290.44
[GrpcStress:cacheshell] Success=0, Failed=1600, p95=1.05ms, p99=24.14ms
[GrpcStress:get] Success=0, Failed=1600, p95=1.46ms, p99=29.40ms
[GrpcStress:node] Success=0, Failed=1600, p95=1.15ms, p99=16.55ms
[GrpcStress:pipeline] Success=0, Failed=1600, p95=1.23ms, p99=18.41ms
[GrpcStress:slot] Success=0, Failed=1600, p95=1.56ms, p99=27.08ms

=== Phased Stress Summary (csredis) ===
Summary CSV: artifacts\chaos-10x\batch-real5x10\iter-02\run-iter-02\failover\csredis\run-iter-02\summary.csv
