RunId: iter-04
Suite: stackexchange
Target: http://127.0.0.1:50052
Output: artifacts\chaos-10x\batch-real5x10\iter-04\run-iter-04\node-down\stackexchange\run-iter-04

=== Phase: warmup (stackexchange) ===
dotnet run --project CsredisGrpcStressTests -- --suite stackexchange --target http://127.0.0.1:50052 --method all --total 500 --concurrency 10 --key-prefix grpc:phased:stackexchange:warmup:iter-04 --pipeline-key-count 3 --expiry-seconds 300
Log: artifacts\chaos-10x\batch-real5x10\iter-04\run-iter-04\node-down\stackexchange\run-iter-04\warmup.log
[GrpcStress] suite=stackexchange, method=all, target=http://127.0.0.1:50052, total=500, concurrency=10
[GrpcStress] Completed
[GrpcStress] Overall Success=392, Failed=108, Duration=1149ms, QPS=435.06
[GrpcStress] Overall Latency(ms): p50=6.90, p95=96.74, p99=144.78, max=156.70
[GrpcStress:cacheshell] Success=0, Failed=100, p95=22.50ms, p99=144.73ms
[GrpcStress:get] Success=100, Failed=0, p95=17.51ms, p99=144.18ms
[GrpcStress:node] Success=100, Failed=0, p95=128.09ms, p99=154.10ms
[GrpcStress:pipeline] Success=92, Failed=8, p95=22.85ms, p99=144.72ms
[GrpcStress:slot] Success=100, Failed=0, p95=13.47ms, p99=144.49ms

=== Phase: baseline-get (stackexchange) ===
dotnet run --project CsredisGrpcStressTests -- --suite stackexchange --target http://127.0.0.1:50052 --method get --total 2000 --concurrency 40 --key-prefix grpc:phased:stackexchange:baseline-get:iter-04 --pipeline-key-count 3 --expiry-seconds 300
Log: artifacts\chaos-10x\batch-real5x10\iter-04\run-iter-04\node-down\stackexchange\run-iter-04\baseline-get.log
[GrpcStress] suite=stackexchange, method=get, target=http://127.0.0.1:50052, total=2000, concurrency=40
[GrpcStress] Completed
[GrpcStress] Overall Success=2000, Failed=0, Duration=682ms, QPS=2933.73
[GrpcStress] Overall Latency(ms): p50=8.30, p95=27.70, p99=126.07, max=175.15
[GrpcStress:get] Success=2000, Failed=0, p95=27.70ms, p99=126.07ms

=== Phase: baseline-pipeline (stackexchange) ===
dotnet run --project CsredisGrpcStressTests -- --suite stackexchange --target http://127.0.0.1:50052 --method pipeline --total 2000 --concurrency 40 --key-prefix grpc:phased:stackexchange:baseline-pipeline:iter-04 --pipeline-key-count 3 --expiry-seconds 300
Log: artifacts\chaos-10x\batch-real5x10\iter-04\run-iter-04\node-down\stackexchange\run-iter-04\baseline-pipeline.log
[GrpcStress] suite=stackexchange, method=pipeline, target=http://127.0.0.1:50052, total=2000, concurrency=40
[GrpcStress] Completed
[GrpcStress] Overall Success=1839, Failed=161, Duration=870ms, QPS=2299.82
[GrpcStress] Overall Latency(ms): p50=12.41, p95=30.56, p99=140.49, max=191.91
[GrpcStress:pipeline] Success=1839, Failed=161, p95=30.56ms, p99=140.49ms

=== Phase: baseline-cacheshell (stackexchange) ===
dotnet run --project CsredisGrpcStressTests -- --suite stackexchange --target http://127.0.0.1:50052 --method cacheshell --total 2000 --concurrency 40 --key-prefix grpc:phased:stackexchange:baseline-cacheshell:iter-04 --pipeline-key-count 3 --expiry-seconds 300
Log: artifacts\chaos-10x\batch-real5x10\iter-04\run-iter-04\node-down\stackexchange\run-iter-04\baseline-cacheshell.log
[GrpcStress] suite=stackexchange, method=cacheshell, target=http://127.0.0.1:50052, total=2000, concurrency=40
[GrpcStress] Completed
[GrpcStress] Overall Success=0, Failed=2000, Duration=902ms, QPS=2216.08
[GrpcStress] Overall Latency(ms): p50=13.91, p95=28.96, p99=121.35, max=165.20
[GrpcStress:cacheshell] Success=0, Failed=2000, p95=28.96ms, p99=121.35ms

=== Phase: baseline-slot (stackexchange) ===
dotnet run --project CsredisGrpcStressTests -- --suite stackexchange --target http://127.0.0.1:50052 --method slot --total 2000 --concurrency 40 --key-prefix grpc:phased:stackexchange:baseline-slot:iter-04 --pipeline-key-count 3 --expiry-seconds 300
Log: artifacts\chaos-10x\batch-real5x10\iter-04\run-iter-04\node-down\stackexchange\run-iter-04\baseline-slot.log
[GrpcStress] suite=stackexchange, method=slot, target=http://127.0.0.1:50052, total=2000, concurrency=40
[GrpcStress] Completed
[GrpcStress] Overall Success=2000, Failed=0, Duration=376ms, QPS=5314.63
[GrpcStress] Overall Latency(ms): p50=3.80, p95=8.31, p99=119.96, max=163.40
[GrpcStress:slot] Success=2000, Failed=0, p95=8.31ms, p99=119.96ms

=== Phase: baseline-node (stackexchange) ===
dotnet run --project CsredisGrpcStressTests -- --suite stackexchange --target http://127.0.0.1:50052 --method node --total 200 --concurrency 10 --key-prefix grpc:phased:stackexchange:baseline-node:iter-04 --pipeline-key-count 3 --expiry-seconds 300
Log: artifacts\chaos-10x\batch-real5x10\iter-04\run-iter-04\node-down\stackexchange\run-iter-04\baseline-node.log
[GrpcStress] suite=stackexchange, method=node, target=http://127.0.0.1:50052, total=200, concurrency=10
[GrpcStress] Completed
[GrpcStress] Overall Success=200, Failed=0, Duration=14895ms, QPS=13.43
[GrpcStress] Overall Latency(ms): p50=88.40, p95=6083.23, p99=7189.90, max=7189.95
[GrpcStress:node] Success=200, Failed=0, p95=6083.23ms, p99=7189.90ms

=== Phase: mixed (stackexchange) ===
dotnet run --project CsredisGrpcStressTests -- --suite stackexchange --target http://127.0.0.1:50052 --method all --total 8000 --concurrency 80 --key-prefix grpc:phased:stackexchange:mixed:iter-04 --pipeline-key-count 3 --expiry-seconds 300
Log: artifacts\chaos-10x\batch-real5x10\iter-04\run-iter-04\node-down\stackexchange\run-iter-04\mixed.log
[GrpcStress] suite=stackexchange, method=all, target=http://127.0.0.1:50052, total=8000, concurrency=80
[GrpcStress] Completed
[GrpcStress] Overall Success=6529, Failed=1471, Duration=13548ms, QPS=590.50
[GrpcStress] Overall Latency(ms): p50=50.06, p95=559.22, p99=743.79, max=886.03
[GrpcStress:cacheshell] Success=129, Failed=1471, p95=182.21ms, p99=240.68ms
[GrpcStress:get] Success=1600, Failed=0, p95=88.67ms, p99=190.39ms
[GrpcStress:node] Success=1600, Failed=0, p95=743.79ms, p99=819.50ms
[GrpcStress:pipeline] Success=1600, Failed=0, p95=115.96ms, p99=191.88ms
[GrpcStress:slot] Success=1600, Failed=0, p95=63.98ms, p99=166.59ms

=== Phased Stress Summary (stackexchange) ===
Summary CSV: artifacts\chaos-10x\batch-real5x10\iter-04\run-iter-04\node-down\stackexchange\run-iter-04\summary.csv
