RunId: iter-03
Suite: stackexchange
Target: http://127.0.0.1:50052
Output: artifacts\chaos-10x\batch-real5x10\iter-03\run-iter-03\failover\stackexchange\run-iter-03

=== Phase: warmup (stackexchange) ===
dotnet run --project CsredisGrpcStressTests -- --suite stackexchange --target http://127.0.0.1:50052 --method all --total 500 --concurrency 10 --key-prefix grpc:phased:stackexchange:warmup:iter-03 --pipeline-key-count 3 --expiry-seconds 300
Log: artifacts\chaos-10x\batch-real5x10\iter-03\run-iter-03\failover\stackexchange\run-iter-03\warmup.log
[GrpcStress] suite=stackexchange, method=all, target=http://127.0.0.1:50052, total=500, concurrency=10
[GrpcStress] Completed
[GrpcStress] Overall Success=500, Failed=0, Duration=2393ms, QPS=208.97
[GrpcStress] Overall Latency(ms): p50=16.24, p95=184.44, p99=338.93, max=399.02
[GrpcStress:cacheshell] Success=100, Failed=0, p95=72.40ms, p99=338.90ms
[GrpcStress:get] Success=100, Failed=0, p95=24.08ms, p99=338.41ms
[GrpcStress:node] Success=100, Failed=0, p95=230.39ms, p99=398.87ms
[GrpcStress:pipeline] Success=100, Failed=0, p95=40.08ms, p99=338.89ms
[GrpcStress:slot] Success=100, Failed=0, p95=23.42ms, p99=338.93ms

=== Phase: baseline-get (stackexchange) ===
dotnet run --project CsredisGrpcStressTests -- --suite stackexchange --target http://127.0.0.1:50052 --method get --total 2000 --concurrency 40 --key-prefix grpc:phased:stackexchange:baseline-get:iter-03 --pipeline-key-count 3 --expiry-seconds 300
Log: artifacts\chaos-10x\batch-real5x10\iter-03\run-iter-03\failover\stackexchange\run-iter-03\baseline-get.log
[GrpcStress] suite=stackexchange, method=get, target=http://127.0.0.1:50052, total=2000, concurrency=40
[GrpcStress] Completed
[GrpcStress] Overall Success=2000, Failed=0, Duration=540ms, QPS=3706.32
[GrpcStress] Overall Latency(ms): p50=7.14, p95=14.62, p99=117.30, max=162.40
[GrpcStress:get] Success=2000, Failed=0, p95=14.62ms, p99=117.30ms

=== Phase: baseline-pipeline (stackexchange) ===
dotnet run --project CsredisGrpcStressTests -- --suite stackexchange --target http://127.0.0.1:50052 --method pipeline --total 2000 --concurrency 40 --key-prefix grpc:phased:stackexchange:baseline-pipeline:iter-03 --pipeline-key-count 3 --expiry-seconds 300
Log: artifacts\chaos-10x\batch-real5x10\iter-03\run-iter-03\failover\stackexchange\run-iter-03\baseline-pipeline.log
[GrpcStress] suite=stackexchange, method=pipeline, target=http://127.0.0.1:50052, total=2000, concurrency=40
[GrpcStress] Completed
[GrpcStress] Overall Success=1920, Failed=80, Duration=11731ms, QPS=170.49
[GrpcStress] Overall Latency(ms): p50=4.43, p95=130.61, p99=5960.61, max=6007.04
[GrpcStress:pipeline] Success=1920, Failed=80, p95=130.61ms, p99=5960.61ms

=== Phase: baseline-cacheshell (stackexchange) ===
dotnet run --project CsredisGrpcStressTests -- --suite stackexchange --target http://127.0.0.1:50052 --method cacheshell --total 2000 --concurrency 40 --key-prefix grpc:phased:stackexchange:baseline-cacheshell:iter-03 --pipeline-key-count 3 --expiry-seconds 300
Log: artifacts\chaos-10x\batch-real5x10\iter-03\run-iter-03\failover\stackexchange\run-iter-03\baseline-cacheshell.log
[GrpcStress] suite=stackexchange, method=cacheshell, target=http://127.0.0.1:50052, total=2000, concurrency=40
[GrpcStress] Completed
[GrpcStress] Overall Success=2000, Failed=0, Duration=1286ms, QPS=1555.08
[GrpcStress] Overall Latency(ms): p50=21.93, p95=34.17, p99=134.38, max=182.83
[GrpcStress:cacheshell] Success=2000, Failed=0, p95=34.17ms, p99=134.38ms

=== Phase: baseline-slot (stackexchange) ===
dotnet run --project CsredisGrpcStressTests -- --suite stackexchange --target http://127.0.0.1:50052 --method slot --total 2000 --concurrency 40 --key-prefix grpc:phased:stackexchange:baseline-slot:iter-03 --pipeline-key-count 3 --expiry-seconds 300
Log: artifacts\chaos-10x\batch-real5x10\iter-03\run-iter-03\failover\stackexchange\run-iter-03\baseline-slot.log
[GrpcStress] suite=stackexchange, method=slot, target=http://127.0.0.1:50052, total=2000, concurrency=40
[GrpcStress] Completed
[GrpcStress] Overall Success=2000, Failed=0, Duration=410ms, QPS=4873.91
[GrpcStress] Overall Latency(ms): p50=4.18, p95=9.55, p99=131.55, max=179.29
[GrpcStress:slot] Success=2000, Failed=0, p95=9.55ms, p99=131.55ms

=== Phase: baseline-node (stackexchange) ===
dotnet run --project CsredisGrpcStressTests -- --suite stackexchange --target http://127.0.0.1:50052 --method node --total 200 --concurrency 10 --key-prefix grpc:phased:stackexchange:baseline-node:iter-03 --pipeline-key-count 3 --expiry-seconds 300
Log: artifacts\chaos-10x\batch-real5x10\iter-03\run-iter-03\failover\stackexchange\run-iter-03\baseline-node.log
[GrpcStress] suite=stackexchange, method=node, target=http://127.0.0.1:50052, total=200, concurrency=10
[GrpcStress] Completed
[GrpcStress] Overall Success=200, Failed=0, Duration=2075ms, QPS=96.39
[GrpcStress] Overall Latency(ms): p50=89.15, p95=207.89, p99=269.16, max=269.19
[GrpcStress:node] Success=200, Failed=0, p95=207.89ms, p99=269.16ms

=== Phase: mixed (stackexchange) ===
dotnet run --project CsredisGrpcStressTests -- --suite stackexchange --target http://127.0.0.1:50052 --method all --total 8000 --concurrency 80 --key-prefix grpc:phased:stackexchange:mixed:iter-03 --pipeline-key-count 3 --expiry-seconds 300
Log: artifacts\chaos-10x\batch-real5x10\iter-03\run-iter-03\failover\stackexchange\run-iter-03\mixed.log
[GrpcStress] suite=stackexchange, method=all, target=http://127.0.0.1:50052, total=8000, concurrency=80
[GrpcStress] Completed
[GrpcStress] Overall Success=7511, Failed=489, Duration=17902ms, QPS=446.88
[GrpcStress] Overall Latency(ms): p50=65.50, p95=713.85, p99=1151.75, max=1803.15
[GrpcStress:cacheshell] Success=1249, Failed=351, p95=409.21ms, p99=594.64ms
[GrpcStress:get] Success=1600, Failed=0, p95=121.86ms, p99=251.29ms
[GrpcStress:node] Success=1600, Failed=0, p95=1151.75ms, p99=1572.95ms
[GrpcStress:pipeline] Success=1462, Failed=138, p95=157.77ms, p99=313.31ms
[GrpcStress:slot] Success=1600, Failed=0, p95=95.60ms, p99=173.07ms

=== Phased Stress Summary (stackexchange) ===
Summary CSV: artifacts\chaos-10x\batch-real5x10\iter-03\run-iter-03\failover\stackexchange\run-iter-03\summary.csv
