RunId: 20260507-005012
Suite: stackexchange
Target: http://127.0.0.1:50052
Output: artifacts\chaos-compare\run-20260507-005012\node-down\stackexchange\run-20260507-005012

=== Phase: warmup (stackexchange) ===
dotnet run --project CsredisGrpcStressTests -- --suite stackexchange --target http://127.0.0.1:50052 --method all --total 500 --concurrency 20 --key-prefix grpc:phased:stackexchange:warmup:20260507-005012 --pipeline-key-count 3 --expiry-seconds 300
Log: artifacts\chaos-compare\run-20260507-005012\node-down\stackexchange\run-20260507-005012\warmup.log
[GrpcStress] suite=stackexchange, method=all, target=http://127.0.0.1:50052, total=500, concurrency=20
[GrpcStress] Completed
[GrpcStress] Overall Success=500, Failed=0, Duration=68089ms, QPS=7.34
[GrpcStress] Overall Latency(ms): p50=10.15, p95=11504.98, p99=23955.79, max=24132.90
[GrpcStress:cacheshell] Success=100, Failed=0, p95=783.82ms, p99=813.48ms
[GrpcStress:get] Success=100, Failed=0, p95=177.19ms, p99=778.38ms
[GrpcStress:node] Success=100, Failed=0, p95=23955.79ms, p99=24132.53ms
[GrpcStress:pipeline] Success=100, Failed=0, p95=177.04ms, p99=779.06ms
[GrpcStress:slot] Success=100, Failed=0, p95=30.15ms, p99=178.82ms

=== Phase: baseline-get (stackexchange) ===
dotnet run --project CsredisGrpcStressTests -- --suite stackexchange --target http://127.0.0.1:50052 --method get --total 5000 --concurrency 100 --key-prefix grpc:phased:stackexchange:baseline-get:20260507-005012 --pipeline-key-count 3 --expiry-seconds 300
Log: artifacts\chaos-compare\run-20260507-005012\node-down\stackexchange\run-20260507-005012\baseline-get.log
[GrpcStress] suite=stackexchange, method=get, target=http://127.0.0.1:50052, total=5000, concurrency=100
[GrpcStress] Completed
[GrpcStress] Overall Success=5000, Failed=0, Duration=705ms, QPS=7087.72
[GrpcStress] Overall Latency(ms): p50=10.41, p95=19.75, p99=114.73, max=162.36
[GrpcStress:get] Success=5000, Failed=0, p95=19.75ms, p99=114.73ms

=== Phase: baseline-pipeline (stackexchange) ===
dotnet run --project CsredisGrpcStressTests -- --suite stackexchange --target http://127.0.0.1:50052 --method pipeline --total 5000 --concurrency 100 --key-prefix grpc:phased:stackexchange:baseline-pipeline:20260507-005012 --pipeline-key-count 3 --expiry-seconds 300
Log: artifacts\chaos-compare\run-20260507-005012\node-down\stackexchange\run-20260507-005012\baseline-pipeline.log
[GrpcStress] suite=stackexchange, method=pipeline, target=http://127.0.0.1:50052, total=5000, concurrency=100
[GrpcStress] Completed
[GrpcStress] Overall Success=5000, Failed=0, Duration=1858ms, QPS=2690.78
[GrpcStress] Overall Latency(ms): p50=29.03, p95=78.55, p99=189.98, max=250.17
[GrpcStress:pipeline] Success=5000, Failed=0, p95=78.55ms, p99=189.98ms

=== Phase: baseline-cacheshell (stackexchange) ===
dotnet run --project CsredisGrpcStressTests -- --suite stackexchange --target http://127.0.0.1:50052 --method cacheshell --total 5000 --concurrency 100 --key-prefix grpc:phased:stackexchange:baseline-cacheshell:20260507-005012 --pipeline-key-count 3 --expiry-seconds 300
Log: artifacts\chaos-compare\run-20260507-005012\node-down\stackexchange\run-20260507-005012\baseline-cacheshell.log
[GrpcStress] suite=stackexchange, method=cacheshell, target=http://127.0.0.1:50052, total=5000, concurrency=100
[GrpcStress] Completed
[GrpcStress] Overall Success=5000, Failed=0, Duration=2127ms, QPS=2351.09
[GrpcStress] Overall Latency(ms): p50=37.46, p95=65.11, p99=138.07, max=192.22
[GrpcStress:cacheshell] Success=5000, Failed=0, p95=65.11ms, p99=138.07ms

=== Phase: baseline-slot (stackexchange) ===
dotnet run --project CsredisGrpcStressTests -- --suite stackexchange --target http://127.0.0.1:50052 --method slot --total 5000 --concurrency 100 --key-prefix grpc:phased:stackexchange:baseline-slot:20260507-005012 --pipeline-key-count 3 --expiry-seconds 300
Log: artifacts\chaos-compare\run-20260507-005012\node-down\stackexchange\run-20260507-005012\baseline-slot.log
[GrpcStress] suite=stackexchange, method=slot, target=http://127.0.0.1:50052, total=5000, concurrency=100
[GrpcStress] Completed
[GrpcStress] Overall Success=5000, Failed=0, Duration=598ms, QPS=8360.30
[GrpcStress] Overall Latency(ms): p50=8.32, p95=15.54, p99=122.06, max=160.11
[GrpcStress:slot] Success=5000, Failed=0, p95=15.54ms, p99=122.06ms

=== Phase: baseline-node (stackexchange) ===
dotnet run --project CsredisGrpcStressTests -- --suite stackexchange --target http://127.0.0.1:50052 --method node --total 500 --concurrency 25 --key-prefix grpc:phased:stackexchange:baseline-node:20260507-005012 --pipeline-key-count 3 --expiry-seconds 300
Log: artifacts\chaos-compare\run-20260507-005012\node-down\stackexchange\run-20260507-005012\baseline-node.log
[GrpcStress] suite=stackexchange, method=node, target=http://127.0.0.1:50052, total=500, concurrency=25
[GrpcStress] Completed
[GrpcStress] Overall Success=500, Failed=0, Duration=206597ms, QPS=2.42
[GrpcStress] Overall Latency(ms): p50=10027.46, p95=11727.08, p99=12442.11, max=12754.63
[GrpcStress:node] Success=500, Failed=0, p95=11727.08ms, p99=12442.11ms

=== Phase: mixed (stackexchange) ===
dotnet run --project CsredisGrpcStressTests -- --suite stackexchange --target http://127.0.0.1:50052 --method all --total 20000 --concurrency 200 --key-prefix grpc:phased:stackexchange:mixed:20260507-005012 --pipeline-key-count 3 --expiry-seconds 300
Log: artifacts\chaos-compare\run-20260507-005012\node-down\stackexchange\run-20260507-005012\mixed.log
[GrpcStress] suite=stackexchange, method=all, target=http://127.0.0.1:50052, total=20000, concurrency=200
[GrpcStress] Completed
[GrpcStress] Overall Success=19977, Failed=23, Duration=674054ms, QPS=29.67
[GrpcStress] Overall Latency(ms): p50=53.17, p95=38451.71, p99=79927.55, max=129407.47
[GrpcStress:cacheshell] Success=3979, Failed=21, p95=1886.78ms, p99=10152.37ms
[GrpcStress:get] Success=4000, Failed=0, p95=262.52ms, p99=3418.36ms
[GrpcStress:node] Success=4000, Failed=0, p95=79927.55ms, p99=129218.14ms
[GrpcStress:pipeline] Success=3998, Failed=2, p95=404.88ms, p99=4708.97ms
[GrpcStress:slot] Success=4000, Failed=0, p95=138.90ms, p99=2387.51ms

=== Phased Stress Summary (stackexchange) ===
Summary CSV: artifacts\chaos-compare\run-20260507-005012\node-down\stackexchange\run-20260507-005012\summary.csv
