RunId: iter-04
Suite: csredis
Target: http://127.0.0.1:50051
Output: artifacts\chaos-10x\batch-real5x10\iter-04\run-iter-04\node-down\csredis\run-iter-04

=== Phase: warmup (csredis) ===
dotnet run --project CsredisGrpcStressTests -- --suite csredis --target http://127.0.0.1:50051 --method all --total 500 --concurrency 10 --key-prefix grpc:phased:csredis:warmup:iter-04 --pipeline-key-count 3 --expiry-seconds 300
Log: artifacts\chaos-10x\batch-real5x10\iter-04\run-iter-04\node-down\csredis\run-iter-04\warmup.log
[GrpcStress] suite=csredis, method=all, target=http://127.0.0.1:50051, total=500, concurrency=10
[GrpcStress] Completed
[GrpcStress] Overall Success=0, Failed=500, Duration=2074ms, QPS=241.08
[GrpcStress] Overall Latency(ms): p50=0.14, p95=0.24, p99=2061.56, max=2061.85
[GrpcStress:cacheshell] Success=0, Failed=100, p95=0.20ms, p99=2061.53ms
[GrpcStress:get] Success=0, Failed=100, p95=0.24ms, p99=2061.31ms
[GrpcStress:node] Success=0, Failed=100, p95=0.23ms, p99=2061.58ms
[GrpcStress:pipeline] Success=0, Failed=100, p95=0.20ms, p99=2061.49ms
[GrpcStress:slot] Success=0, Failed=100, p95=0.24ms, p99=2061.54ms

=== Phase: baseline-get (csredis) ===
dotnet run --project CsredisGrpcStressTests -- --suite csredis --target http://127.0.0.1:50051 --method get --total 2000 --concurrency 40 --key-prefix grpc:phased:csredis:baseline-get:iter-04 --pipeline-key-count 3 --expiry-seconds 300
Log: artifacts\chaos-10x\batch-real5x10\iter-04\run-iter-04\node-down\csredis\run-iter-04\baseline-get.log
[GrpcStress] suite=csredis, method=get, target=http://127.0.0.1:50051, total=2000, concurrency=40
[GrpcStress] Completed
[GrpcStress] Overall Success=0, Failed=2000, Duration=2111ms, QPS=947.37
[GrpcStress] Overall Latency(ms): p50=0.15, p95=1.75, p99=2064.71, max=2107.22
[GrpcStress:get] Success=0, Failed=2000, p95=1.75ms, p99=2064.71ms

=== Phase: baseline-pipeline (csredis) ===
dotnet run --project CsredisGrpcStressTests -- --suite csredis --target http://127.0.0.1:50051 --method pipeline --total 2000 --concurrency 40 --key-prefix grpc:phased:csredis:baseline-pipeline:iter-04 --pipeline-key-count 3 --expiry-seconds 300
Log: artifacts\chaos-10x\batch-real5x10\iter-04\run-iter-04\node-down\csredis\run-iter-04\baseline-pipeline.log
[GrpcStress] suite=csredis, method=pipeline, target=http://127.0.0.1:50051, total=2000, concurrency=40
[GrpcStress] Completed
[GrpcStress] Overall Success=0, Failed=2000, Duration=2113ms, QPS=946.61
[GrpcStress] Overall Latency(ms): p50=0.15, p95=1.61, p99=2063.61, max=2107.41
[GrpcStress:pipeline] Success=0, Failed=2000, p95=1.61ms, p99=2063.61ms

=== Phase: baseline-cacheshell (csredis) ===
dotnet run --project CsredisGrpcStressTests -- --suite csredis --target http://127.0.0.1:50051 --method cacheshell --total 2000 --concurrency 40 --key-prefix grpc:phased:csredis:baseline-cacheshell:iter-04 --pipeline-key-count 3 --expiry-seconds 300
Log: artifacts\chaos-10x\batch-real5x10\iter-04\run-iter-04\node-down\csredis\run-iter-04\baseline-cacheshell.log
[GrpcStress] suite=csredis, method=cacheshell, target=http://127.0.0.1:50051, total=2000, concurrency=40
[GrpcStress] Completed
[GrpcStress] Overall Success=0, Failed=2000, Duration=2120ms, QPS=943.51
[GrpcStress] Overall Latency(ms): p50=0.15, p95=1.28, p99=2068.89, max=2115.42
[GrpcStress:cacheshell] Success=0, Failed=2000, p95=1.28ms, p99=2068.89ms

=== Phase: baseline-slot (csredis) ===
dotnet run --project CsredisGrpcStressTests -- --suite csredis --target http://127.0.0.1:50051 --method slot --total 2000 --concurrency 40 --key-prefix grpc:phased:csredis:baseline-slot:iter-04 --pipeline-key-count 3 --expiry-seconds 300
Log: artifacts\chaos-10x\batch-real5x10\iter-04\run-iter-04\node-down\csredis\run-iter-04\baseline-slot.log
[GrpcStress] suite=csredis, method=slot, target=http://127.0.0.1:50051, total=2000, concurrency=40
[GrpcStress] Completed
[GrpcStress] Overall Success=0, Failed=2000, Duration=2116ms, QPS=945.06
[GrpcStress] Overall Latency(ms): p50=0.16, p95=1.36, p99=2068.23, max=2111.88
[GrpcStress:slot] Success=0, Failed=2000, p95=1.36ms, p99=2068.23ms

=== Phase: baseline-node (csredis) ===
dotnet run --project CsredisGrpcStressTests -- --suite csredis --target http://127.0.0.1:50051 --method node --total 200 --concurrency 10 --key-prefix grpc:phased:csredis:baseline-node:iter-04 --pipeline-key-count 3 --expiry-seconds 300
Log: artifacts\chaos-10x\batch-real5x10\iter-04\run-iter-04\node-down\csredis\run-iter-04\baseline-node.log
[GrpcStress] suite=csredis, method=node, target=http://127.0.0.1:50051, total=200, concurrency=10
[GrpcStress] Completed
[GrpcStress] Overall Success=0, Failed=200, Duration=2068ms, QPS=96.70
[GrpcStress] Overall Latency(ms): p50=0.14, p95=0.28, p99=2060.99, max=2061.04
[GrpcStress:node] Success=0, Failed=200, p95=0.28ms, p99=2060.99ms

=== Phase: mixed (csredis) ===
dotnet run --project CsredisGrpcStressTests -- --suite csredis --target http://127.0.0.1:50051 --method all --total 8000 --concurrency 80 --key-prefix grpc:phased:csredis:mixed:iter-04 --pipeline-key-count 3 --expiry-seconds 300
Log: artifacts\chaos-10x\batch-real5x10\iter-04\run-iter-04\node-down\csredis\run-iter-04\mixed.log
[GrpcStress] suite=csredis, method=all, target=http://127.0.0.1:50051, total=8000, concurrency=80
[GrpcStress] Completed
[GrpcStress] Overall Success=0, Failed=8000, Duration=2262ms, QPS=3535.97
[GrpcStress] Overall Latency(ms): p50=0.16, p95=1.19, p99=12.10, max=2256.19
[GrpcStress:cacheshell] Success=0, Failed=1600, p95=1.32ms, p99=10.71ms
[GrpcStress:get] Success=0, Failed=1600, p95=1.08ms, p99=12.10ms
[GrpcStress:node] Success=0, Failed=1600, p95=1.34ms, p99=10.46ms
[GrpcStress:pipeline] Success=0, Failed=1600, p95=1.05ms, p99=9.97ms
[GrpcStress:slot] Success=0, Failed=1600, p95=1.13ms, p99=11.87ms

=== Phased Stress Summary (csredis) ===
Summary CSV: artifacts\chaos-10x\batch-real5x10\iter-04\run-iter-04\node-down\csredis\run-iter-04\summary.csv
