RunId: real-all-restart-apps
Suite: csredis
Target: http://127.0.0.1:50051
Output: artifacts\chaos-compare\run-real-all-restart-apps\scale-in\csredis\run-real-all-restart-apps

=== Phase: warmup (csredis) ===
dotnet run --project CsredisGrpcStressTests -- --suite csredis --target http://127.0.0.1:50051 --method all --total 500 --concurrency 20 --key-prefix grpc:phased:csredis:warmup:real-all-restart-apps --pipeline-key-count 3 --expiry-seconds 300
Log: artifacts\chaos-compare\run-real-all-restart-apps\scale-in\csredis\run-real-all-restart-apps\warmup.log
[GrpcStress] suite=csredis, method=all, target=http://127.0.0.1:50051, total=500, concurrency=20
[GrpcStress] Completed
[GrpcStress] Overall Success=500, Failed=0, Duration=14809ms, QPS=33.76
[GrpcStress] Overall Latency(ms): p50=21.30, p95=3151.72, p99=8903.26, max=10824.00
[GrpcStress:cacheshell] Success=100, Failed=0, p95=932.74ms, p99=2167.76ms
[GrpcStress:get] Success=100, Failed=0, p95=1815.82ms, p99=2152.28ms
[GrpcStress:node] Success=100, Failed=0, p95=8903.26ms, p99=9987.35ms
[GrpcStress:pipeline] Success=100, Failed=0, p95=955.76ms, p99=2152.42ms
[GrpcStress:slot] Success=100, Failed=0, p95=955.05ms, p99=2152.45ms

=== Phase: baseline-get (csredis) ===
dotnet run --project CsredisGrpcStressTests -- --suite csredis --target http://127.0.0.1:50051 --method get --total 5000 --concurrency 100 --key-prefix grpc:phased:csredis:baseline-get:real-all-restart-apps --pipeline-key-count 3 --expiry-seconds 300
Log: artifacts\chaos-compare\run-real-all-restart-apps\scale-in\csredis\run-real-all-restart-apps\baseline-get.log
[GrpcStress] suite=csredis, method=get, target=http://127.0.0.1:50051, total=5000, concurrency=100
[GrpcStress] Completed
[GrpcStress] Overall Success=5000, Failed=0, Duration=842ms, QPS=5938.34
[GrpcStress] Overall Latency(ms): p50=12.28, p95=25.98, p99=133.46, max=184.11
[GrpcStress:get] Success=5000, Failed=0, p95=25.98ms, p99=133.46ms

=== Phase: baseline-pipeline (csredis) ===
dotnet run --project CsredisGrpcStressTests -- --suite csredis --target http://127.0.0.1:50051 --method pipeline --total 5000 --concurrency 100 --key-prefix grpc:phased:csredis:baseline-pipeline:real-all-restart-apps --pipeline-key-count 3 --expiry-seconds 300
Log: artifacts\chaos-compare\run-real-all-restart-apps\scale-in\csredis\run-real-all-restart-apps\baseline-pipeline.log
[GrpcStress] suite=csredis, method=pipeline, target=http://127.0.0.1:50051, total=5000, concurrency=100
[GrpcStress] Completed
[GrpcStress] Overall Success=5000, Failed=0, Duration=2360ms, QPS=2118.52
[GrpcStress] Overall Latency(ms): p50=38.14, p95=90.77, p99=220.93, max=274.22
[GrpcStress:pipeline] Success=5000, Failed=0, p95=90.77ms, p99=220.93ms

=== Phase: baseline-cacheshell (csredis) ===
dotnet run --project CsredisGrpcStressTests -- --suite csredis --target http://127.0.0.1:50051 --method cacheshell --total 5000 --concurrency 100 --key-prefix grpc:phased:csredis:baseline-cacheshell:real-all-restart-apps --pipeline-key-count 3 --expiry-seconds 300
Log: artifacts\chaos-compare\run-real-all-restart-apps\scale-in\csredis\run-real-all-restart-apps\baseline-cacheshell.log
[GrpcStress] suite=csredis, method=cacheshell, target=http://127.0.0.1:50051, total=5000, concurrency=100
[GrpcStress] Completed
[GrpcStress] Overall Success=5000, Failed=0, Duration=2515ms, QPS=1988.30
[GrpcStress] Overall Latency(ms): p50=44.34, p95=97.85, p99=145.70, max=201.90
[GrpcStress:cacheshell] Success=5000, Failed=0, p95=97.85ms, p99=145.70ms

=== Phase: baseline-slot (csredis) ===
dotnet run --project CsredisGrpcStressTests -- --suite csredis --target http://127.0.0.1:50051 --method slot --total 5000 --concurrency 100 --key-prefix grpc:phased:csredis:baseline-slot:real-all-restart-apps --pipeline-key-count 3 --expiry-seconds 300
Log: artifacts\chaos-compare\run-real-all-restart-apps\scale-in\csredis\run-real-all-restart-apps\baseline-slot.log
[GrpcStress] suite=csredis, method=slot, target=http://127.0.0.1:50051, total=5000, concurrency=100
[GrpcStress] Completed
[GrpcStress] Overall Success=5000, Failed=0, Duration=861ms, QPS=5809.04
[GrpcStress] Overall Latency(ms): p50=9.81, p95=32.90, p99=187.39, max=248.74
[GrpcStress:slot] Success=5000, Failed=0, p95=32.90ms, p99=187.39ms

=== Phase: baseline-node (csredis) ===
dotnet run --project CsredisGrpcStressTests -- --suite csredis --target http://127.0.0.1:50051 --method node --total 500 --concurrency 25 --key-prefix grpc:phased:csredis:baseline-node:real-all-restart-apps --pipeline-key-count 3 --expiry-seconds 300
Log: artifacts\chaos-compare\run-real-all-restart-apps\scale-in\csredis\run-real-all-restart-apps\baseline-node.log
[GrpcStress] suite=csredis, method=node, target=http://127.0.0.1:50051, total=500, concurrency=25
[GrpcStress] Completed
[GrpcStress] Overall Success=500, Failed=0, Duration=9513ms, QPS=52.56
[GrpcStress] Overall Latency(ms): p50=238.43, p95=1204.27, p99=3357.69, max=3366.40
[GrpcStress:node] Success=500, Failed=0, p95=1204.27ms, p99=3357.69ms

=== Phase: mixed (csredis) ===
dotnet run --project CsredisGrpcStressTests -- --suite csredis --target http://127.0.0.1:50051 --method all --total 20000 --concurrency 200 --key-prefix grpc:phased:csredis:mixed:real-all-restart-apps --pipeline-key-count 3 --expiry-seconds 300
Log: artifacts\chaos-compare\run-real-all-restart-apps\scale-in\csredis\run-real-all-restart-apps\mixed.log
[GrpcStress] suite=csredis, method=all, target=http://127.0.0.1:50051, total=20000, concurrency=200
[GrpcStress] Completed
[GrpcStress] Overall Success=19602, Failed=398, Duration=234398ms, QPS=85.32
[GrpcStress] Overall Latency(ms): p50=79.60, p95=10533.29, p99=27517.21, max=36123.75
[GrpcStress:cacheshell] Success=3602, Failed=398, p95=3814.41ms, p99=6034.19ms
[GrpcStress:get] Success=4000, Failed=0, p95=3521.03ms, p99=6033.88ms
[GrpcStress:node] Success=4000, Failed=0, p95=27517.21ms, p99=29854.12ms
[GrpcStress:pipeline] Success=4000, Failed=0, p95=3614.14ms, p99=6034.08ms
[GrpcStress:slot] Success=4000, Failed=0, p95=3520.50ms, p99=6033.96ms

=== Phased Stress Summary (csredis) ===
Summary CSV: artifacts\chaos-compare\run-real-all-restart-apps\scale-in\csredis\run-real-all-restart-apps\summary.csv
