RunId: iter-03
Suite: stackexchange
Target: http://127.0.0.1:50052
Output: artifacts\chaos-10x\batch-real5x10\iter-03\run-iter-03\scale-in\stackexchange\run-iter-03

=== Phase: warmup (stackexchange) ===
dotnet run --project CsredisGrpcStressTests -- --suite stackexchange --target http://127.0.0.1:50052 --method all --total 500 --concurrency 10 --key-prefix grpc:phased:stackexchange:warmup:iter-03 --pipeline-key-count 3 --expiry-seconds 300
Log: artifacts\chaos-10x\batch-real5x10\iter-03\run-iter-03\scale-in\stackexchange\run-iter-03\warmup.log
[GrpcStress] suite=stackexchange, method=all, target=http://127.0.0.1:50052, total=500, concurrency=10
[GrpcStress] Completed
[GrpcStress] Overall Success=400, Failed=100, Duration=1585ms, QPS=315.50
[GrpcStress] Overall Latency(ms): p50=9.49, p95=130.01, p99=173.70, max=205.53
[GrpcStress:cacheshell] Success=0, Failed=100, p95=46.62ms, p99=166.37ms
[GrpcStress:get] Success=100, Failed=0, p95=38.10ms, p99=165.85ms
[GrpcStress:node] Success=100, Failed=0, p95=173.70ms, p99=204.36ms
[GrpcStress:pipeline] Success=100, Failed=0, p95=41.77ms, p99=166.40ms
[GrpcStress:slot] Success=100, Failed=0, p95=29.67ms, p99=166.41ms

=== Phase: baseline-get (stackexchange) ===
dotnet run --project CsredisGrpcStressTests -- --suite stackexchange --target http://127.0.0.1:50052 --method get --total 2000 --concurrency 40 --key-prefix grpc:phased:stackexchange:baseline-get:iter-03 --pipeline-key-count 3 --expiry-seconds 300
Log: artifacts\chaos-10x\batch-real5x10\iter-03\run-iter-03\scale-in\stackexchange\run-iter-03\baseline-get.log
[GrpcStress] suite=stackexchange, method=get, target=http://127.0.0.1:50052, total=2000, concurrency=40
[GrpcStress] Completed
[GrpcStress] Overall Success=2000, Failed=0, Duration=539ms, QPS=3713.27
[GrpcStress] Overall Latency(ms): p50=6.29, p95=14.76, p99=139.66, max=186.86
[GrpcStress:get] Success=2000, Failed=0, p95=14.76ms, p99=139.66ms

=== Phase: baseline-pipeline (stackexchange) ===
dotnet run --project CsredisGrpcStressTests -- --suite stackexchange --target http://127.0.0.1:50052 --method pipeline --total 2000 --concurrency 40 --key-prefix grpc:phased:stackexchange:baseline-pipeline:iter-03 --pipeline-key-count 3 --expiry-seconds 300
Log: artifacts\chaos-10x\batch-real5x10\iter-03\run-iter-03\scale-in\stackexchange\run-iter-03\baseline-pipeline.log
[GrpcStress] suite=stackexchange, method=pipeline, target=http://127.0.0.1:50052, total=2000, concurrency=40
[GrpcStress] Completed
[GrpcStress] Overall Success=2000, Failed=0, Duration=760ms, QPS=2632.68
[GrpcStress] Overall Latency(ms): p50=10.84, p95=22.63, p99=133.03, max=180.12
[GrpcStress:pipeline] Success=2000, Failed=0, p95=22.63ms, p99=133.03ms

=== Phase: baseline-cacheshell (stackexchange) ===
dotnet run --project CsredisGrpcStressTests -- --suite stackexchange --target http://127.0.0.1:50052 --method cacheshell --total 2000 --concurrency 40 --key-prefix grpc:phased:stackexchange:baseline-cacheshell:iter-03 --pipeline-key-count 3 --expiry-seconds 300
Log: artifacts\chaos-10x\batch-real5x10\iter-03\run-iter-03\scale-in\stackexchange\run-iter-03\baseline-cacheshell.log
[GrpcStress] suite=stackexchange, method=cacheshell, target=http://127.0.0.1:50052, total=2000, concurrency=40
[GrpcStress] Completed
[GrpcStress] Overall Success=0, Failed=2000, Duration=767ms, QPS=2607.77
[GrpcStress] Overall Latency(ms): p50=11.36, p95=20.01, p99=131.47, max=182.39
[GrpcStress:cacheshell] Success=0, Failed=2000, p95=20.01ms, p99=131.47ms

=== Phase: baseline-slot (stackexchange) ===
dotnet run --project CsredisGrpcStressTests -- --suite stackexchange --target http://127.0.0.1:50052 --method slot --total 2000 --concurrency 40 --key-prefix grpc:phased:stackexchange:baseline-slot:iter-03 --pipeline-key-count 3 --expiry-seconds 300
Log: artifacts\chaos-10x\batch-real5x10\iter-03\run-iter-03\scale-in\stackexchange\run-iter-03\baseline-slot.log
[GrpcStress] suite=stackexchange, method=slot, target=http://127.0.0.1:50052, total=2000, concurrency=40
[GrpcStress] Completed
[GrpcStress] Overall Success=2000, Failed=0, Duration=358ms, QPS=5580.14
[GrpcStress] Overall Latency(ms): p50=3.36, p95=6.43, p99=127.06, max=177.11
[GrpcStress:slot] Success=2000, Failed=0, p95=6.43ms, p99=127.06ms

=== Phase: baseline-node (stackexchange) ===
dotnet run --project CsredisGrpcStressTests -- --suite stackexchange --target http://127.0.0.1:50052 --method node --total 200 --concurrency 10 --key-prefix grpc:phased:stackexchange:baseline-node:iter-03 --pipeline-key-count 3 --expiry-seconds 300
Log: artifacts\chaos-10x\batch-real5x10\iter-03\run-iter-03\scale-in\stackexchange\run-iter-03\baseline-node.log
[GrpcStress] suite=stackexchange, method=node, target=http://127.0.0.1:50052, total=200, concurrency=10
[GrpcStress] Completed
[GrpcStress] Overall Success=200, Failed=0, Duration=14999ms, QPS=13.33
[GrpcStress] Overall Latency(ms): p50=93.15, p95=6142.86, p99=7170.69, max=7170.73
[GrpcStress:node] Success=200, Failed=0, p95=6142.86ms, p99=7170.69ms

=== Phase: mixed (stackexchange) ===
dotnet run --project CsredisGrpcStressTests -- --suite stackexchange --target http://127.0.0.1:50052 --method all --total 8000 --concurrency 80 --key-prefix grpc:phased:stackexchange:mixed:iter-03 --pipeline-key-count 3 --expiry-seconds 300
Log: artifacts\chaos-10x\batch-real5x10\iter-03\run-iter-03\scale-in\stackexchange\run-iter-03\mixed.log
[GrpcStress] suite=stackexchange, method=all, target=http://127.0.0.1:50052, total=8000, concurrency=80
[GrpcStress] Completed
[GrpcStress] Overall Success=6400, Failed=1600, Duration=13629ms, QPS=586.97
[GrpcStress] Overall Latency(ms): p50=52.92, p95=513.83, p99=749.40, max=917.07
[GrpcStress:cacheshell] Success=0, Failed=1600, p95=152.93ms, p99=202.72ms
[GrpcStress:get] Success=1600, Failed=0, p95=84.21ms, p99=133.38ms
[GrpcStress:node] Success=1600, Failed=0, p95=749.40ms, p99=852.35ms
[GrpcStress:pipeline] Success=1600, Failed=0, p95=123.59ms, p99=157.04ms
[GrpcStress:slot] Success=1600, Failed=0, p95=62.90ms, p99=130.14ms

=== Phased Stress Summary (stackexchange) ===
Summary CSV: artifacts\chaos-10x\batch-real5x10\iter-03\run-iter-03\scale-in\stackexchange\run-iter-03\summary.csv
