RunId: iter-04
Suite: stackexchange
Target: http://127.0.0.1:50052
Output: artifacts\chaos-10x\batch-real5x10\iter-04\run-iter-04\scale-in\stackexchange\run-iter-04

=== Phase: warmup (stackexchange) ===
dotnet run --project CsredisGrpcStressTests -- --suite stackexchange --target http://127.0.0.1:50052 --method all --total 500 --concurrency 10 --key-prefix grpc:phased:stackexchange:warmup:iter-04 --pipeline-key-count 3 --expiry-seconds 300
Log: artifacts\chaos-10x\batch-real5x10\iter-04\run-iter-04\scale-in\stackexchange\run-iter-04\warmup.log
[GrpcStress] suite=stackexchange, method=all, target=http://127.0.0.1:50052, total=500, concurrency=10
[GrpcStress] Completed
[GrpcStress] Overall Success=400, Failed=100, Duration=1122ms, QPS=445.53
[GrpcStress] Overall Latency(ms): p50=5.60, p95=88.38, p99=164.14, max=252.84
[GrpcStress:cacheshell] Success=0, Failed=100, p95=21.10ms, p99=141.80ms
[GrpcStress:get] Success=100, Failed=0, p95=19.68ms, p99=141.19ms
[GrpcStress:node] Success=100, Failed=0, p95=164.14ms, p99=205.11ms
[GrpcStress:pipeline] Success=100, Failed=0, p95=19.37ms, p99=141.81ms
[GrpcStress:slot] Success=100, Failed=0, p95=12.12ms, p99=141.83ms

=== Phase: baseline-get (stackexchange) ===
dotnet run --project CsredisGrpcStressTests -- --suite stackexchange --target http://127.0.0.1:50052 --method get --total 2000 --concurrency 40 --key-prefix grpc:phased:stackexchange:baseline-get:iter-04 --pipeline-key-count 3 --expiry-seconds 300
Log: artifacts\chaos-10x\batch-real5x10\iter-04\run-iter-04\scale-in\stackexchange\run-iter-04\baseline-get.log
[GrpcStress] suite=stackexchange, method=get, target=http://127.0.0.1:50052, total=2000, concurrency=40
[GrpcStress] Completed
[GrpcStress] Overall Success=2000, Failed=0, Duration=479ms, QPS=4173.05
[GrpcStress] Overall Latency(ms): p50=5.94, p95=13.95, p99=117.15, max=160.43
[GrpcStress:get] Success=2000, Failed=0, p95=13.95ms, p99=117.15ms

=== Phase: baseline-pipeline (stackexchange) ===
dotnet run --project CsredisGrpcStressTests -- --suite stackexchange --target http://127.0.0.1:50052 --method pipeline --total 2000 --concurrency 40 --key-prefix grpc:phased:stackexchange:baseline-pipeline:iter-04 --pipeline-key-count 3 --expiry-seconds 300
Log: artifacts\chaos-10x\batch-real5x10\iter-04\run-iter-04\scale-in\stackexchange\run-iter-04\baseline-pipeline.log
[GrpcStress] suite=stackexchange, method=pipeline, target=http://127.0.0.1:50052, total=2000, concurrency=40
[GrpcStress] Completed
[GrpcStress] Overall Success=2000, Failed=0, Duration=801ms, QPS=2497.54
[GrpcStress] Overall Latency(ms): p50=10.85, p95=26.56, p99=142.22, max=189.48
[GrpcStress:pipeline] Success=2000, Failed=0, p95=26.56ms, p99=142.22ms

=== Phase: baseline-cacheshell (stackexchange) ===
dotnet run --project CsredisGrpcStressTests -- --suite stackexchange --target http://127.0.0.1:50052 --method cacheshell --total 2000 --concurrency 40 --key-prefix grpc:phased:stackexchange:baseline-cacheshell:iter-04 --pipeline-key-count 3 --expiry-seconds 300
Log: artifacts\chaos-10x\batch-real5x10\iter-04\run-iter-04\scale-in\stackexchange\run-iter-04\baseline-cacheshell.log
[GrpcStress] suite=stackexchange, method=cacheshell, target=http://127.0.0.1:50052, total=2000, concurrency=40
[GrpcStress] Completed
[GrpcStress] Overall Success=0, Failed=2000, Duration=832ms, QPS=2403.51
[GrpcStress] Overall Latency(ms): p50=12.10, p95=31.05, p99=119.19, max=162.07
[GrpcStress:cacheshell] Success=0, Failed=2000, p95=31.05ms, p99=119.19ms

=== Phase: baseline-slot (stackexchange) ===
dotnet run --project CsredisGrpcStressTests -- --suite stackexchange --target http://127.0.0.1:50052 --method slot --total 2000 --concurrency 40 --key-prefix grpc:phased:stackexchange:baseline-slot:iter-04 --pipeline-key-count 3 --expiry-seconds 300
Log: artifacts\chaos-10x\batch-real5x10\iter-04\run-iter-04\scale-in\stackexchange\run-iter-04\baseline-slot.log
[GrpcStress] suite=stackexchange, method=slot, target=http://127.0.0.1:50052, total=2000, concurrency=40
[GrpcStress] Completed
[GrpcStress] Overall Success=2000, Failed=0, Duration=372ms, QPS=5378.18
[GrpcStress] Overall Latency(ms): p50=3.72, p95=9.29, p99=123.22, max=169.51
[GrpcStress:slot] Success=2000, Failed=0, p95=9.29ms, p99=123.22ms

=== Phase: baseline-node (stackexchange) ===
dotnet run --project CsredisGrpcStressTests -- --suite stackexchange --target http://127.0.0.1:50052 --method node --total 200 --concurrency 10 --key-prefix grpc:phased:stackexchange:baseline-node:iter-04 --pipeline-key-count 3 --expiry-seconds 300
Log: artifacts\chaos-10x\batch-real5x10\iter-04\run-iter-04\scale-in\stackexchange\run-iter-04\baseline-node.log
[GrpcStress] suite=stackexchange, method=node, target=http://127.0.0.1:50052, total=200, concurrency=10
[GrpcStress] Completed
[GrpcStress] Overall Success=200, Failed=0, Duration=15245ms, QPS=13.12
[GrpcStress] Overall Latency(ms): p50=70.80, p95=6969.12, p99=7287.75, max=7289.38
[GrpcStress:node] Success=200, Failed=0, p95=6969.12ms, p99=7287.75ms

=== Phase: mixed (stackexchange) ===
dotnet run --project CsredisGrpcStressTests -- --suite stackexchange --target http://127.0.0.1:50052 --method all --total 8000 --concurrency 80 --key-prefix grpc:phased:stackexchange:mixed:iter-04 --pipeline-key-count 3 --expiry-seconds 300
Log: artifacts\chaos-10x\batch-real5x10\iter-04\run-iter-04\scale-in\stackexchange\run-iter-04\mixed.log
[GrpcStress] suite=stackexchange, method=all, target=http://127.0.0.1:50052, total=8000, concurrency=80
[GrpcStress] Completed
[GrpcStress] Overall Success=6400, Failed=1600, Duration=13883ms, QPS=576.24
[GrpcStress] Overall Latency(ms): p50=51.33, p95=559.58, p99=812.06, max=1108.12
[GrpcStress:cacheshell] Success=0, Failed=1600, p95=178.97ms, p99=261.43ms
[GrpcStress:get] Success=1600, Failed=0, p95=102.97ms, p99=183.72ms
[GrpcStress:node] Success=1600, Failed=0, p95=812.06ms, p99=1008.52ms
[GrpcStress:pipeline] Success=1600, Failed=0, p95=133.75ms, p99=209.93ms
[GrpcStress:slot] Success=1600, Failed=0, p95=69.35ms, p99=159.46ms

=== Phased Stress Summary (stackexchange) ===
Summary CSV: artifacts\chaos-10x\batch-real5x10\iter-04\run-iter-04\scale-in\stackexchange\run-iter-04\summary.csv
