RunId: iter-01
Suite: csredis
Target: http://127.0.0.1:50051
Output: artifacts\chaos-10x\batch-real5x10\iter-01\run-iter-01\failover\csredis\run-iter-01

=== Phase: warmup (csredis) ===
dotnet run --project CsredisGrpcStressTests -- --suite csredis --target http://127.0.0.1:50051 --method all --total 500 --concurrency 10 --key-prefix grpc:phased:csredis:warmup:iter-01 --pipeline-key-count 3 --expiry-seconds 300
Log: artifacts\chaos-10x\batch-real5x10\iter-01\run-iter-01\failover\csredis\run-iter-01\warmup.log
[GrpcStress] suite=csredis, method=all, target=http://127.0.0.1:50051, total=500, concurrency=10
[GrpcStress] Completed
[GrpcStress] Overall Success=500, Failed=0, Duration=2839ms, QPS=176.12
[GrpcStress] Overall Latency(ms): p50=14.63, p95=174.64, p99=833.91, max=900.10
[GrpcStress:cacheshell] Success=100, Failed=0, p95=39.55ms, p99=264.71ms
[GrpcStress:get] Success=100, Failed=0, p95=31.59ms, p99=264.85ms
[GrpcStress:node] Success=100, Failed=0, p95=833.91ms, p99=866.51ms
[GrpcStress:pipeline] Success=100, Failed=0, p95=32.47ms, p99=264.68ms
[GrpcStress:slot] Success=100, Failed=0, p95=27.23ms, p99=264.69ms

=== Phase: baseline-get (csredis) ===
dotnet run --project CsredisGrpcStressTests -- --suite csredis --target http://127.0.0.1:50051 --method get --total 2000 --concurrency 40 --key-prefix grpc:phased:csredis:baseline-get:iter-01 --pipeline-key-count 3 --expiry-seconds 300
Log: artifacts\chaos-10x\batch-real5x10\iter-01\run-iter-01\failover\csredis\run-iter-01\baseline-get.log
[GrpcStress] suite=csredis, method=get, target=http://127.0.0.1:50051, total=2000, concurrency=40
[GrpcStress] Completed
[GrpcStress] Overall Success=2000, Failed=0, Duration=491ms, QPS=4074.60
[GrpcStress] Overall Latency(ms): p50=5.59, p95=20.79, p99=118.19, max=160.44
[GrpcStress:get] Success=2000, Failed=0, p95=20.79ms, p99=118.19ms

=== Phase: baseline-pipeline (csredis) ===
dotnet run --project CsredisGrpcStressTests -- --suite csredis --target http://127.0.0.1:50051 --method pipeline --total 2000 --concurrency 40 --key-prefix grpc:phased:csredis:baseline-pipeline:iter-01 --pipeline-key-count 3 --expiry-seconds 300
Log: artifacts\chaos-10x\batch-real5x10\iter-01\run-iter-01\failover\csredis\run-iter-01\baseline-pipeline.log
[GrpcStress] suite=csredis, method=pipeline, target=http://127.0.0.1:50051, total=2000, concurrency=40
[GrpcStress] Completed
[GrpcStress] Overall Success=139, Failed=1861, Duration=15593ms, QPS=128.26
[GrpcStress] Overall Latency(ms): p50=3.35, p95=2968.69, p99=7278.46, max=15442.31
[GrpcStress:pipeline] Success=139, Failed=1861, p95=2968.69ms, p99=7278.46ms

=== Phase: baseline-cacheshell (csredis) ===
dotnet run --project CsredisGrpcStressTests -- --suite csredis --target http://127.0.0.1:50051 --method cacheshell --total 2000 --concurrency 40 --key-prefix grpc:phased:csredis:baseline-cacheshell:iter-01 --pipeline-key-count 3 --expiry-seconds 300
Log: artifacts\chaos-10x\batch-real5x10\iter-01\run-iter-01\failover\csredis\run-iter-01\baseline-cacheshell.log
[GrpcStress] suite=csredis, method=cacheshell, target=http://127.0.0.1:50051, total=2000, concurrency=40
[GrpcStress] Completed
[GrpcStress] Overall Success=0, Failed=2000, Duration=2118ms, QPS=944.23
[GrpcStress] Overall Latency(ms): p50=0.15, p95=1.48, p99=2067.96, max=2112.66
[GrpcStress:cacheshell] Success=0, Failed=2000, p95=1.48ms, p99=2067.96ms

=== Phase: baseline-slot (csredis) ===
dotnet run --project CsredisGrpcStressTests -- --suite csredis --target http://127.0.0.1:50051 --method slot --total 2000 --concurrency 40 --key-prefix grpc:phased:csredis:baseline-slot:iter-01 --pipeline-key-count 3 --expiry-seconds 300
Log: artifacts\chaos-10x\batch-real5x10\iter-01\run-iter-01\failover\csredis\run-iter-01\baseline-slot.log
[GrpcStress] suite=csredis, method=slot, target=http://127.0.0.1:50051, total=2000, concurrency=40
[GrpcStress] Completed
[GrpcStress] Overall Success=0, Failed=2000, Duration=2127ms, QPS=940.29
[GrpcStress] Overall Latency(ms): p50=0.15, p95=2.26, p99=2081.49, max=2123.34
[GrpcStress:slot] Success=0, Failed=2000, p95=2.26ms, p99=2081.49ms

=== Phase: baseline-node (csredis) ===
dotnet run --project CsredisGrpcStressTests -- --suite csredis --target http://127.0.0.1:50051 --method node --total 200 --concurrency 10 --key-prefix grpc:phased:csredis:baseline-node:iter-01 --pipeline-key-count 3 --expiry-seconds 300
Log: artifacts\chaos-10x\batch-real5x10\iter-01\run-iter-01\failover\csredis\run-iter-01\baseline-node.log
[GrpcStress] suite=csredis, method=node, target=http://127.0.0.1:50051, total=200, concurrency=10
[GrpcStress] Completed
[GrpcStress] Overall Success=0, Failed=200, Duration=2081ms, QPS=96.10
[GrpcStress] Overall Latency(ms): p50=0.15, p95=0.48, p99=2071.53, max=2071.62
[GrpcStress:node] Success=0, Failed=200, p95=0.48ms, p99=2071.53ms

=== Phase: mixed (csredis) ===
dotnet run --project CsredisGrpcStressTests -- --suite csredis --target http://127.0.0.1:50051 --method all --total 8000 --concurrency 80 --key-prefix grpc:phased:csredis:mixed:iter-01 --pipeline-key-count 3 --expiry-seconds 300
Log: artifacts\chaos-10x\batch-real5x10\iter-01\run-iter-01\failover\csredis\run-iter-01\mixed.log
[GrpcStress] suite=csredis, method=all, target=http://127.0.0.1:50051, total=8000, concurrency=80
[GrpcStress] Completed
[GrpcStress] Overall Success=0, Failed=8000, Duration=2275ms, QPS=3516.81
[GrpcStress] Overall Latency(ms): p50=0.15, p95=1.22, p99=14.78, max=2266.18
[GrpcStress:cacheshell] Success=0, Failed=1600, p95=1.39ms, p99=14.78ms
[GrpcStress:get] Success=0, Failed=1600, p95=1.13ms, p99=13.68ms
[GrpcStress:node] Success=0, Failed=1600, p95=1.28ms, p99=14.50ms
[GrpcStress:pipeline] Success=0, Failed=1600, p95=0.79ms, p99=9.25ms
[GrpcStress:slot] Success=0, Failed=1600, p95=1.36ms, p99=11.78ms

=== Phased Stress Summary (csredis) ===
Summary CSV: artifacts\chaos-10x\batch-real5x10\iter-01\run-iter-01\failover\csredis\run-iter-01\summary.csv
