RunId: 20260507-234447
Suite: csredis
Target: http://127.0.0.1:50051
Output: artifacts\chaos-compare\run-20260507-234447\node-down\csredis\run-20260507-234447

=== Phase: warmup (csredis) ===
dotnet run --project CsredisGrpcStressTests -- --suite csredis --target http://127.0.0.1:50051 --method all --total 500 --concurrency 20 --key-prefix grpc:phased:csredis:warmup:20260507-234447 --pipeline-key-count 3 --expiry-seconds 300
Log: artifacts\chaos-compare\run-20260507-234447\node-down\csredis\run-20260507-234447\warmup.log
[GrpcStress] suite=csredis, method=all, target=http://127.0.0.1:50051, total=500, concurrency=20
[GrpcStress] Completed
[GrpcStress] Overall Success=309, Failed=191, Duration=183301ms, QPS=2.73
[GrpcStress] Overall Latency(ms): p50=6689.90, p95=16754.56, p99=23370.59, max=26738.22
[GrpcStress:cacheshell] Success=17, Failed=83, p95=21745.20ms, p99=23439.95ms
[GrpcStress:get] Success=45, Failed=55, p95=15063.23ms, p99=20028.53ms
[GrpcStress:node] Success=100, Failed=0, p95=15026.55ms, p99=15049.10ms
[GrpcStress:pipeline] Success=47, Failed=53, p95=20059.48ms, p99=25036.45ms
[GrpcStress:slot] Success=100, Failed=0, p95=10018.16ms, p99=15018.95ms

=== Phase: baseline-get (csredis) ===
dotnet run --project CsredisGrpcStressTests -- --suite csredis --target http://127.0.0.1:50051 --method get --total 5000 --concurrency 100 --key-prefix grpc:phased:csredis:baseline-get:20260507-234447 --pipeline-key-count 3 --expiry-seconds 300
Log: artifacts\chaos-compare\run-20260507-234447\node-down\csredis\run-20260507-234447\baseline-get.log
[GrpcStress] suite=csredis, method=get, target=http://127.0.0.1:50051, total=5000, concurrency=100
[GrpcStress] Completed
[GrpcStress] Overall Success=4525, Failed=475, Duration=132400ms, QPS=37.76
[GrpcStress] Overall Latency(ms): p50=130.33, p95=11660.32, p99=15712.78, max=21288.35
[GrpcStress:get] Success=4525, Failed=475, p95=11660.32ms, p99=15712.78ms

=== Phase: baseline-pipeline (csredis) ===
dotnet run --project CsredisGrpcStressTests -- --suite csredis --target http://127.0.0.1:50051 --method pipeline --total 5000 --concurrency 100 --key-prefix grpc:phased:csredis:baseline-pipeline:20260507-234447 --pipeline-key-count 3 --expiry-seconds 300
Log: artifacts\chaos-compare\run-20260507-234447\node-down\csredis\run-20260507-234447\baseline-pipeline.log
[GrpcStress] suite=csredis, method=pipeline, target=http://127.0.0.1:50051, total=5000, concurrency=100
[GrpcStress] Completed
[GrpcStress] Overall Success=5000, Failed=0, Duration=5666ms, QPS=882.47
[GrpcStress] Overall Latency(ms): p50=61.73, p95=388.01, p99=515.84, max=605.11
[GrpcStress:pipeline] Success=5000, Failed=0, p95=388.01ms, p99=515.84ms

=== Phase: baseline-cacheshell (csredis) ===
dotnet run --project CsredisGrpcStressTests -- --suite csredis --target http://127.0.0.1:50051 --method cacheshell --total 5000 --concurrency 100 --key-prefix grpc:phased:csredis:baseline-cacheshell:20260507-234447 --pipeline-key-count 3 --expiry-seconds 300
Log: artifacts\chaos-compare\run-20260507-234447\node-down\csredis\run-20260507-234447\baseline-cacheshell.log
[GrpcStress] suite=csredis, method=cacheshell, target=http://127.0.0.1:50051, total=5000, concurrency=100
[GrpcStress] Completed
[GrpcStress] Overall Success=5000, Failed=0, Duration=4014ms, QPS=1245.62
[GrpcStress] Overall Latency(ms): p50=72.30, p95=187.05, p99=235.31, max=309.65
[GrpcStress:cacheshell] Success=5000, Failed=0, p95=187.05ms, p99=235.31ms

=== Phase: baseline-slot (csredis) ===
dotnet run --project CsredisGrpcStressTests -- --suite csredis --target http://127.0.0.1:50051 --method slot --total 5000 --concurrency 100 --key-prefix grpc:phased:csredis:baseline-slot:20260507-234447 --pipeline-key-count 3 --expiry-seconds 300
Log: artifacts\chaos-compare\run-20260507-234447\node-down\csredis\run-20260507-234447\baseline-slot.log
[GrpcStress] suite=csredis, method=slot, target=http://127.0.0.1:50051, total=5000, concurrency=100
[GrpcStress] Completed
[GrpcStress] Overall Success=5000, Failed=0, Duration=877ms, QPS=5703.97
[GrpcStress] Overall Latency(ms): p50=10.69, p95=47.94, p99=109.95, max=162.74
[GrpcStress:slot] Success=5000, Failed=0, p95=47.94ms, p99=109.95ms

=== Phase: baseline-node (csredis) ===
dotnet run --project CsredisGrpcStressTests -- --suite csredis --target http://127.0.0.1:50051 --method node --total 500 --concurrency 25 --key-prefix grpc:phased:csredis:baseline-node:20260507-234447 --pipeline-key-count 3 --expiry-seconds 300
Log: artifacts\chaos-compare\run-20260507-234447\node-down\csredis\run-20260507-234447\baseline-node.log
[GrpcStress] suite=csredis, method=node, target=http://127.0.0.1:50051, total=500, concurrency=25
[GrpcStress] Completed
[GrpcStress] Overall Success=500, Failed=0, Duration=38347ms, QPS=13.04
[GrpcStress] Overall Latency(ms): p50=1677.92, p95=1885.70, p99=4099.85, max=6166.36
[GrpcStress:node] Success=500, Failed=0, p95=1885.70ms, p99=4099.85ms

=== Phase: mixed (csredis) ===
dotnet run --project CsredisGrpcStressTests -- --suite csredis --target http://127.0.0.1:50051 --method all --total 20000 --concurrency 200 --key-prefix grpc:phased:csredis:mixed:20260507-234447 --pipeline-key-count 3 --expiry-seconds 300
Log: artifacts\chaos-compare\run-20260507-234447\node-down\csredis\run-20260507-234447\mixed.log
[GrpcStress] suite=csredis, method=all, target=http://127.0.0.1:50051, total=20000, concurrency=200
[GrpcStress] Completed
[GrpcStress] Overall Success=20000, Failed=0, Duration=43098ms, QPS=464.06
[GrpcStress] Overall Latency(ms): p50=5.21, p95=1675.17, p99=2192.13, max=6604.57
[GrpcStress:cacheshell] Success=4000, Failed=0, p95=284.48ms, p99=454.11ms
[GrpcStress:get] Success=4000, Failed=0, p95=282.79ms, p99=455.97ms
[GrpcStress:node] Success=4000, Failed=0, p95=2192.13ms, p99=3937.91ms
[GrpcStress:pipeline] Success=4000, Failed=0, p95=286.46ms, p99=476.33ms
[GrpcStress:slot] Success=4000, Failed=0, p95=282.09ms, p99=433.76ms

=== Phased Stress Summary (csredis) ===
Summary CSV: artifacts\chaos-compare\run-20260507-234447\node-down\csredis\run-20260507-234447\summary.csv
