RunId: iter-01
Suite: stackexchange
Target: http://127.0.0.1:50052
Output: artifacts\chaos-10x\batch-real5x10\iter-01\run-iter-01\failover\stackexchange\run-iter-01

=== Phase: warmup (stackexchange) ===
dotnet run --project CsredisGrpcStressTests -- --suite stackexchange --target http://127.0.0.1:50052 --method all --total 500 --concurrency 10 --key-prefix grpc:phased:stackexchange:warmup:iter-01 --pipeline-key-count 3 --expiry-seconds 300
Log: artifacts\chaos-10x\batch-real5x10\iter-01\run-iter-01\failover\stackexchange\run-iter-01\warmup.log
[GrpcStress] suite=stackexchange, method=all, target=http://127.0.0.1:50052, total=500, concurrency=10
[GrpcStress] Completed
[GrpcStress] Overall Success=500, Failed=0, Duration=2116ms, QPS=236.34
[GrpcStress] Overall Latency(ms): p50=16.48, p95=146.19, p99=305.66, max=378.81
[GrpcStress:cacheshell] Success=100, Failed=0, p95=68.04ms, p99=305.55ms
[GrpcStress:get] Success=100, Failed=0, p95=27.25ms, p99=304.98ms
[GrpcStress:node] Success=100, Failed=0, p95=185.63ms, p99=378.25ms
[GrpcStress:pipeline] Success=100, Failed=0, p95=35.68ms, p99=305.69ms
[GrpcStress:slot] Success=100, Failed=0, p95=18.11ms, p99=305.23ms

=== Phase: baseline-get (stackexchange) ===
dotnet run --project CsredisGrpcStressTests -- --suite stackexchange --target http://127.0.0.1:50052 --method get --total 2000 --concurrency 40 --key-prefix grpc:phased:stackexchange:baseline-get:iter-01 --pipeline-key-count 3 --expiry-seconds 300
Log: artifacts\chaos-10x\batch-real5x10\iter-01\run-iter-01\failover\stackexchange\run-iter-01\baseline-get.log
[GrpcStress] suite=stackexchange, method=get, target=http://127.0.0.1:50052, total=2000, concurrency=40
[GrpcStress] Completed
[GrpcStress] Overall Success=2000, Failed=0, Duration=664ms, QPS=3012.62
[GrpcStress] Overall Latency(ms): p50=8.27, p95=37.18, p99=113.44, max=151.06
[GrpcStress:get] Success=2000, Failed=0, p95=37.18ms, p99=113.44ms

=== Phase: baseline-pipeline (stackexchange) ===
dotnet run --project CsredisGrpcStressTests -- --suite stackexchange --target http://127.0.0.1:50052 --method pipeline --total 2000 --concurrency 40 --key-prefix grpc:phased:stackexchange:baseline-pipeline:iter-01 --pipeline-key-count 3 --expiry-seconds 300
Log: artifacts\chaos-10x\batch-real5x10\iter-01\run-iter-01\failover\stackexchange\run-iter-01\baseline-pipeline.log
[GrpcStress] suite=stackexchange, method=pipeline, target=http://127.0.0.1:50052, total=2000, concurrency=40
[GrpcStress] Completed
[GrpcStress] Overall Success=1920, Failed=80, Duration=11667ms, QPS=171.42
[GrpcStress] Overall Latency(ms): p50=5.75, p95=140.03, p99=5943.16, max=5995.13
[GrpcStress:pipeline] Success=1920, Failed=80, p95=140.03ms, p99=5943.16ms

=== Phase: baseline-cacheshell (stackexchange) ===
dotnet run --project CsredisGrpcStressTests -- --suite stackexchange --target http://127.0.0.1:50052 --method cacheshell --total 2000 --concurrency 40 --key-prefix grpc:phased:stackexchange:baseline-cacheshell:iter-01 --pipeline-key-count 3 --expiry-seconds 300
Log: artifacts\chaos-10x\batch-real5x10\iter-01\run-iter-01\failover\stackexchange\run-iter-01\baseline-cacheshell.log
[GrpcStress] suite=stackexchange, method=cacheshell, target=http://127.0.0.1:50052, total=2000, concurrency=40
[GrpcStress] Completed
[GrpcStress] Overall Success=2000, Failed=0, Duration=1278ms, QPS=1565.29
[GrpcStress] Overall Latency(ms): p50=21.43, p95=35.78, p99=133.58, max=179.61
[GrpcStress:cacheshell] Success=2000, Failed=0, p95=35.78ms, p99=133.58ms

=== Phase: baseline-slot (stackexchange) ===
dotnet run --project CsredisGrpcStressTests -- --suite stackexchange --target http://127.0.0.1:50052 --method slot --total 2000 --concurrency 40 --key-prefix grpc:phased:stackexchange:baseline-slot:iter-01 --pipeline-key-count 3 --expiry-seconds 300
Log: artifacts\chaos-10x\batch-real5x10\iter-01\run-iter-01\failover\stackexchange\run-iter-01\baseline-slot.log
[GrpcStress] suite=stackexchange, method=slot, target=http://127.0.0.1:50052, total=2000, concurrency=40
[GrpcStress] Completed
[GrpcStress] Overall Success=2000, Failed=0, Duration=429ms, QPS=4659.88
[GrpcStress] Overall Latency(ms): p50=5.11, p95=10.86, p99=113.51, max=153.08
[GrpcStress:slot] Success=2000, Failed=0, p95=10.86ms, p99=113.51ms

=== Phase: baseline-node (stackexchange) ===
dotnet run --project CsredisGrpcStressTests -- --suite stackexchange --target http://127.0.0.1:50052 --method node --total 200 --concurrency 10 --key-prefix grpc:phased:stackexchange:baseline-node:iter-01 --pipeline-key-count 3 --expiry-seconds 300
Log: artifacts\chaos-10x\batch-real5x10\iter-01\run-iter-01\failover\stackexchange\run-iter-01\baseline-node.log
[GrpcStress] suite=stackexchange, method=node, target=http://127.0.0.1:50052, total=200, concurrency=10
[GrpcStress] Completed
[GrpcStress] Overall Success=200, Failed=0, Duration=2761ms, QPS=72.43
[GrpcStress] Overall Latency(ms): p50=99.55, p95=231.75, p99=834.61, max=840.72
[GrpcStress:node] Success=200, Failed=0, p95=231.75ms, p99=834.61ms

=== Phase: mixed (stackexchange) ===
dotnet run --project CsredisGrpcStressTests -- --suite stackexchange --target http://127.0.0.1:50052 --method all --total 8000 --concurrency 80 --key-prefix grpc:phased:stackexchange:mixed:iter-01 --pipeline-key-count 3 --expiry-seconds 300
Log: artifacts\chaos-10x\batch-real5x10\iter-01\run-iter-01\failover\stackexchange\run-iter-01\mixed.log
[GrpcStress] suite=stackexchange, method=all, target=http://127.0.0.1:50052, total=8000, concurrency=80
[GrpcStress] Completed
[GrpcStress] Overall Success=7496, Failed=504, Duration=17941ms, QPS=445.90
[GrpcStress] Overall Latency(ms): p50=68.25, p95=728.01, p99=1133.55, max=3604.90
[GrpcStress:cacheshell] Success=1234, Failed=366, p95=351.10ms, p99=528.90ms
[GrpcStress:get] Success=1600, Failed=0, p95=129.98ms, p99=188.19ms
[GrpcStress:node] Success=1600, Failed=0, p95=1133.55ms, p99=1378.23ms
[GrpcStress:pipeline] Success=1462, Failed=138, p95=163.27ms, p99=237.94ms
[GrpcStress:slot] Success=1600, Failed=0, p95=96.05ms, p99=149.34ms

=== Phased Stress Summary (stackexchange) ===
Summary CSV: artifacts\chaos-10x\batch-real5x10\iter-01\run-iter-01\failover\stackexchange\run-iter-01\summary.csv
