RunId: real-all-restart-apps
Suite: csredis
Target: http://127.0.0.1:50051
Output: artifacts\chaos-compare\run-real-all-restart-apps\node-down\csredis\run-real-all-restart-apps

=== Phase: warmup (csredis) ===
dotnet run --project CsredisGrpcStressTests -- --suite csredis --target http://127.0.0.1:50051 --method all --total 500 --concurrency 20 --key-prefix grpc:phased:csredis:warmup:real-all-restart-apps --pipeline-key-count 3 --expiry-seconds 300
Log: artifacts\chaos-compare\run-real-all-restart-apps\node-down\csredis\run-real-all-restart-apps\warmup.log
[GrpcStress] suite=csredis, method=all, target=http://127.0.0.1:50051, total=500, concurrency=20
[GrpcStress] Completed
[GrpcStress] Overall Success=500, Failed=0, Duration=17405ms, QPS=28.73
[GrpcStress] Overall Latency(ms): p50=15.32, p95=2781.16, p99=14950.02, max=14995.70
[GrpcStress:cacheshell] Success=100, Failed=0, p95=654.13ms, p99=1998.03ms
[GrpcStress:get] Success=100, Failed=0, p95=1733.37ms, p99=2772.78ms
[GrpcStress:node] Success=100, Failed=0, p95=14950.02ms, p99=14986.91ms
[GrpcStress:pipeline] Success=100, Failed=0, p95=728.88ms, p99=1998.59ms
[GrpcStress:slot] Success=100, Failed=0, p95=1732.42ms, p99=2773.96ms

=== Phase: baseline-get (csredis) ===
dotnet run --project CsredisGrpcStressTests -- --suite csredis --target http://127.0.0.1:50051 --method get --total 5000 --concurrency 100 --key-prefix grpc:phased:csredis:baseline-get:real-all-restart-apps --pipeline-key-count 3 --expiry-seconds 300
Log: artifacts\chaos-compare\run-real-all-restart-apps\node-down\csredis\run-real-all-restart-apps\baseline-get.log
[GrpcStress] suite=csredis, method=get, target=http://127.0.0.1:50051, total=5000, concurrency=100
[GrpcStress] Completed
[GrpcStress] Overall Success=5000, Failed=0, Duration=1160ms, QPS=4308.50
[GrpcStress] Overall Latency(ms): p50=17.06, p95=44.59, p99=126.12, max=171.85
[GrpcStress:get] Success=5000, Failed=0, p95=44.59ms, p99=126.12ms

=== Phase: baseline-pipeline (csredis) ===
dotnet run --project CsredisGrpcStressTests -- --suite csredis --target http://127.0.0.1:50051 --method pipeline --total 5000 --concurrency 100 --key-prefix grpc:phased:csredis:baseline-pipeline:real-all-restart-apps --pipeline-key-count 3 --expiry-seconds 300
Log: artifacts\chaos-compare\run-real-all-restart-apps\node-down\csredis\run-real-all-restart-apps\baseline-pipeline.log
[GrpcStress] suite=csredis, method=pipeline, target=http://127.0.0.1:50051, total=5000, concurrency=100
[GrpcStress] Completed
[GrpcStress] Overall Success=5000, Failed=0, Duration=1700ms, QPS=2941.88
[GrpcStress] Overall Latency(ms): p50=25.38, p95=58.02, p99=212.21, max=278.26
[GrpcStress:pipeline] Success=5000, Failed=0, p95=58.02ms, p99=212.21ms

=== Phase: baseline-cacheshell (csredis) ===
dotnet run --project CsredisGrpcStressTests -- --suite csredis --target http://127.0.0.1:50051 --method cacheshell --total 5000 --concurrency 100 --key-prefix grpc:phased:csredis:baseline-cacheshell:real-all-restart-apps --pipeline-key-count 3 --expiry-seconds 300
Log: artifacts\chaos-compare\run-real-all-restart-apps\node-down\csredis\run-real-all-restart-apps\baseline-cacheshell.log
[GrpcStress] suite=csredis, method=cacheshell, target=http://127.0.0.1:50051, total=5000, concurrency=100
[GrpcStress] Completed
[GrpcStress] Overall Success=5000, Failed=0, Duration=3170ms, QPS=1577.53
[GrpcStress] Overall Latency(ms): p50=55.65, p95=127.28, p99=200.41, max=306.07
[GrpcStress:cacheshell] Success=5000, Failed=0, p95=127.28ms, p99=200.41ms

=== Phase: baseline-slot (csredis) ===
dotnet run --project CsredisGrpcStressTests -- --suite csredis --target http://127.0.0.1:50051 --method slot --total 5000 --concurrency 100 --key-prefix grpc:phased:csredis:baseline-slot:real-all-restart-apps --pipeline-key-count 3 --expiry-seconds 300
Log: artifacts\chaos-compare\run-real-all-restart-apps\node-down\csredis\run-real-all-restart-apps\baseline-slot.log
[GrpcStress] suite=csredis, method=slot, target=http://127.0.0.1:50051, total=5000, concurrency=100
[GrpcStress] Completed
[GrpcStress] Overall Success=5000, Failed=0, Duration=635ms, QPS=7875.03
[GrpcStress] Overall Latency(ms): p50=8.77, p95=23.61, p99=119.65, max=159.28
[GrpcStress:slot] Success=5000, Failed=0, p95=23.61ms, p99=119.65ms

=== Phase: baseline-node (csredis) ===
dotnet run --project CsredisGrpcStressTests -- --suite csredis --target http://127.0.0.1:50051 --method node --total 500 --concurrency 25 --key-prefix grpc:phased:csredis:baseline-node:real-all-restart-apps --pipeline-key-count 3 --expiry-seconds 300
Log: artifacts\chaos-compare\run-real-all-restart-apps\node-down\csredis\run-real-all-restart-apps\baseline-node.log
[GrpcStress] suite=csredis, method=node, target=http://127.0.0.1:50051, total=500, concurrency=25
[GrpcStress] Completed
[GrpcStress] Overall Success=500, Failed=0, Duration=21131ms, QPS=23.66
[GrpcStress] Overall Latency(ms): p50=261.77, p95=3283.16, p99=9382.18, max=9424.03
[GrpcStress:node] Success=500, Failed=0, p95=3283.16ms, p99=9382.18ms

=== Phase: mixed (csredis) ===
dotnet run --project CsredisGrpcStressTests -- --suite csredis --target http://127.0.0.1:50051 --method all --total 20000 --concurrency 200 --key-prefix grpc:phased:csredis:mixed:real-all-restart-apps --pipeline-key-count 3 --expiry-seconds 300
Log: artifacts\chaos-compare\run-real-all-restart-apps\node-down\csredis\run-real-all-restart-apps\mixed.log
[GrpcStress] suite=csredis, method=all, target=http://127.0.0.1:50051, total=20000, concurrency=200
[GrpcStress] Completed
[GrpcStress] Overall Success=19835, Failed=165, Duration=260806ms, QPS=76.69
[GrpcStress] Overall Latency(ms): p50=139.71, p95=12383.74, p99=24848.78, max=36728.20
[GrpcStress:cacheshell] Success=3835, Failed=165, p95=3102.72ms, p99=5998.14ms
[GrpcStress:get] Success=4000, Failed=0, p95=3044.43ms, p99=5972.42ms
[GrpcStress:node] Success=4000, Failed=0, p95=24848.78ms, p99=30887.82ms
[GrpcStress:pipeline] Success=4000, Failed=0, p95=3044.71ms, p99=5996.79ms
[GrpcStress:slot] Success=4000, Failed=0, p95=3044.46ms, p99=5972.41ms

=== Phased Stress Summary (csredis) ===
Summary CSV: artifacts\chaos-compare\run-real-all-restart-apps\node-down\csredis\run-real-all-restart-apps\summary.csv
