RunId: iter-02
Suite: stackexchange
Target: http://127.0.0.1:50052
Output: artifacts\chaos-10x\batch-real5x10\iter-02\run-iter-02\node-down\stackexchange\run-iter-02

=== Phase: warmup (stackexchange) ===
dotnet run --project CsredisGrpcStressTests -- --suite stackexchange --target http://127.0.0.1:50052 --method all --total 500 --concurrency 10 --key-prefix grpc:phased:stackexchange:warmup:iter-02 --pipeline-key-count 3 --expiry-seconds 300
Log: artifacts\chaos-10x\batch-real5x10\iter-02\run-iter-02\node-down\stackexchange\run-iter-02\warmup.log
[GrpcStress] suite=stackexchange, method=all, target=http://127.0.0.1:50052, total=500, concurrency=10
[GrpcStress] Completed
[GrpcStress] Overall Success=392, Failed=108, Duration=1207ms, QPS=414.29
[GrpcStress] Overall Latency(ms): p50=7.41, p95=90.65, p99=147.48, max=148.81
[GrpcStress:cacheshell] Success=0, Failed=100, p95=24.34ms, p99=147.44ms
[GrpcStress:get] Success=100, Failed=0, p95=21.04ms, p99=147.28ms
[GrpcStress:node] Success=100, Failed=0, p95=97.94ms, p99=148.76ms
[GrpcStress:pipeline] Success=92, Failed=8, p95=20.16ms, p99=147.46ms
[GrpcStress:slot] Success=100, Failed=0, p95=17.19ms, p99=147.47ms

=== Phase: baseline-get (stackexchange) ===
dotnet run --project CsredisGrpcStressTests -- --suite stackexchange --target http://127.0.0.1:50052 --method get --total 2000 --concurrency 40 --key-prefix grpc:phased:stackexchange:baseline-get:iter-02 --pipeline-key-count 3 --expiry-seconds 300
Log: artifacts\chaos-10x\batch-real5x10\iter-02\run-iter-02\node-down\stackexchange\run-iter-02\baseline-get.log
[GrpcStress] suite=stackexchange, method=get, target=http://127.0.0.1:50052, total=2000, concurrency=40
[GrpcStress] Completed
[GrpcStress] Overall Success=2000, Failed=0, Duration=708ms, QPS=2824.00
[GrpcStress] Overall Latency(ms): p50=8.48, p95=19.38, p99=132.75, max=174.89
[GrpcStress:get] Success=2000, Failed=0, p95=19.38ms, p99=132.75ms

=== Phase: baseline-pipeline (stackexchange) ===
dotnet run --project CsredisGrpcStressTests -- --suite stackexchange --target http://127.0.0.1:50052 --method pipeline --total 2000 --concurrency 40 --key-prefix grpc:phased:stackexchange:baseline-pipeline:iter-02 --pipeline-key-count 3 --expiry-seconds 300
Log: artifacts\chaos-10x\batch-real5x10\iter-02\run-iter-02\node-down\stackexchange\run-iter-02\baseline-pipeline.log
[GrpcStress] suite=stackexchange, method=pipeline, target=http://127.0.0.1:50052, total=2000, concurrency=40
[GrpcStress] Completed
[GrpcStress] Overall Success=1842, Failed=158, Duration=752ms, QPS=2660.13
[GrpcStress] Overall Latency(ms): p50=10.71, p95=20.79, p99=138.06, max=189.56
[GrpcStress:pipeline] Success=1842, Failed=158, p95=20.79ms, p99=138.06ms

=== Phase: baseline-cacheshell (stackexchange) ===
dotnet run --project CsredisGrpcStressTests -- --suite stackexchange --target http://127.0.0.1:50052 --method cacheshell --total 2000 --concurrency 40 --key-prefix grpc:phased:stackexchange:baseline-cacheshell:iter-02 --pipeline-key-count 3 --expiry-seconds 300
Log: artifacts\chaos-10x\batch-real5x10\iter-02\run-iter-02\node-down\stackexchange\run-iter-02\baseline-cacheshell.log
[GrpcStress] suite=stackexchange, method=cacheshell, target=http://127.0.0.1:50052, total=2000, concurrency=40
[GrpcStress] Completed
[GrpcStress] Overall Success=0, Failed=2000, Duration=785ms, QPS=2548.11
[GrpcStress] Overall Latency(ms): p50=12.20, p95=21.90, p99=115.45, max=159.94
[GrpcStress:cacheshell] Success=0, Failed=2000, p95=21.90ms, p99=115.45ms

=== Phase: baseline-slot (stackexchange) ===
dotnet run --project CsredisGrpcStressTests -- --suite stackexchange --target http://127.0.0.1:50052 --method slot --total 2000 --concurrency 40 --key-prefix grpc:phased:stackexchange:baseline-slot:iter-02 --pipeline-key-count 3 --expiry-seconds 300
Log: artifacts\chaos-10x\batch-real5x10\iter-02\run-iter-02\node-down\stackexchange\run-iter-02\baseline-slot.log
[GrpcStress] suite=stackexchange, method=slot, target=http://127.0.0.1:50052, total=2000, concurrency=40
[GrpcStress] Completed
[GrpcStress] Overall Success=2000, Failed=0, Duration=351ms, QPS=5691.21
[GrpcStress] Overall Latency(ms): p50=3.19, p95=8.15, p99=123.75, max=172.98
[GrpcStress:slot] Success=2000, Failed=0, p95=8.15ms, p99=123.75ms

=== Phase: baseline-node (stackexchange) ===
dotnet run --project CsredisGrpcStressTests -- --suite stackexchange --target http://127.0.0.1:50052 --method node --total 200 --concurrency 10 --key-prefix grpc:phased:stackexchange:baseline-node:iter-02 --pipeline-key-count 3 --expiry-seconds 300
Log: artifacts\chaos-10x\batch-real5x10\iter-02\run-iter-02\node-down\stackexchange\run-iter-02\baseline-node.log
[GrpcStress] suite=stackexchange, method=node, target=http://127.0.0.1:50052, total=200, concurrency=10
[GrpcStress] Completed
[GrpcStress] Overall Success=200, Failed=0, Duration=13651ms, QPS=14.65
[GrpcStress] Overall Latency(ms): p50=74.93, p95=6018.39, p99=7224.05, max=7248.78
[GrpcStress:node] Success=200, Failed=0, p95=6018.39ms, p99=7224.05ms

=== Phase: mixed (stackexchange) ===
dotnet run --project CsredisGrpcStressTests -- --suite stackexchange --target http://127.0.0.1:50052 --method all --total 8000 --concurrency 80 --key-prefix grpc:phased:stackexchange:mixed:iter-02 --pipeline-key-count 3 --expiry-seconds 300
Log: artifacts\chaos-10x\batch-real5x10\iter-02\run-iter-02\node-down\stackexchange\run-iter-02\mixed.log
[GrpcStress] suite=stackexchange, method=all, target=http://127.0.0.1:50052, total=8000, concurrency=80
[GrpcStress] Completed
[GrpcStress] Overall Success=6554, Failed=1446, Duration=15975ms, QPS=500.79
[GrpcStress] Overall Latency(ms): p50=54.21, p95=660.24, p99=1116.04, max=1698.80
[GrpcStress:cacheshell] Success=154, Failed=1446, p95=238.24ms, p99=362.89ms
[GrpcStress:get] Success=1600, Failed=0, p95=108.36ms, p99=183.65ms
[GrpcStress:node] Success=1600, Failed=0, p95=1116.04ms, p99=1433.51ms
[GrpcStress:pipeline] Success=1600, Failed=0, p95=146.22ms, p99=233.91ms
[GrpcStress:slot] Success=1600, Failed=0, p95=71.93ms, p99=142.91ms

=== Phased Stress Summary (stackexchange) ===
Summary CSV: artifacts\chaos-10x\batch-real5x10\iter-02\run-iter-02\node-down\stackexchange\run-iter-02\summary.csv
