RunId: real-all-restart-apps
Suite: csredis
Target: http://127.0.0.1:50051
Output: artifacts\chaos-compare\run-real-all-restart-apps\failover\csredis\run-real-all-restart-apps

=== Phase: warmup (csredis) ===
dotnet run --project CsredisGrpcStressTests -- --suite csredis --target http://127.0.0.1:50051 --method all --total 500 --concurrency 20 --key-prefix grpc:phased:csredis:warmup:real-all-restart-apps --pipeline-key-count 3 --expiry-seconds 300
Log: artifacts\chaos-compare\run-real-all-restart-apps\failover\csredis\run-real-all-restart-apps\warmup.log
[GrpcStress] suite=csredis, method=all, target=http://127.0.0.1:50051, total=500, concurrency=20
[GrpcStress] Completed
[GrpcStress] Overall Success=500, Failed=0, Duration=16801ms, QPS=29.76
[GrpcStress] Overall Latency(ms): p50=19.77, p95=3803.55, p99=7800.42, max=10015.95
[GrpcStress:cacheshell] Success=100, Failed=0, p95=1980.94ms, p99=3030.77ms
[GrpcStress:get] Success=100, Failed=0, p95=1973.65ms, p99=3028.08ms
[GrpcStress:node] Success=100, Failed=0, p95=7800.42ms, p99=10007.09ms
[GrpcStress:pipeline] Success=100, Failed=0, p95=1987.36ms, p99=3031.90ms
[GrpcStress:slot] Success=100, Failed=0, p95=1980.62ms, p99=3029.75ms

=== Phase: baseline-get (csredis) ===
dotnet run --project CsredisGrpcStressTests -- --suite csredis --target http://127.0.0.1:50051 --method get --total 5000 --concurrency 100 --key-prefix grpc:phased:csredis:baseline-get:real-all-restart-apps --pipeline-key-count 3 --expiry-seconds 300
Log: artifacts\chaos-compare\run-real-all-restart-apps\failover\csredis\run-real-all-restart-apps\baseline-get.log
[GrpcStress] suite=csredis, method=get, target=http://127.0.0.1:50051, total=5000, concurrency=100
[GrpcStress] Completed
[GrpcStress] Overall Success=5000, Failed=0, Duration=1297ms, QPS=3855.53
[GrpcStress] Overall Latency(ms): p50=17.97, p95=40.83, p99=220.36, max=285.74
[GrpcStress:get] Success=5000, Failed=0, p95=40.83ms, p99=220.36ms

=== Phase: baseline-pipeline (csredis) ===
dotnet run --project CsredisGrpcStressTests -- --suite csredis --target http://127.0.0.1:50051 --method pipeline --total 5000 --concurrency 100 --key-prefix grpc:phased:csredis:baseline-pipeline:real-all-restart-apps --pipeline-key-count 3 --expiry-seconds 300
Log: artifacts\chaos-compare\run-real-all-restart-apps\failover\csredis\run-real-all-restart-apps\baseline-pipeline.log
[GrpcStress] suite=csredis, method=pipeline, target=http://127.0.0.1:50051, total=5000, concurrency=100
[GrpcStress] Completed
[GrpcStress] Overall Success=5000, Failed=0, Duration=1443ms, QPS=3464.65
[GrpcStress] Overall Latency(ms): p50=23.33, p95=52.19, p99=118.91, max=159.58
[GrpcStress:pipeline] Success=5000, Failed=0, p95=52.19ms, p99=118.91ms

=== Phase: baseline-cacheshell (csredis) ===
dotnet run --project CsredisGrpcStressTests -- --suite csredis --target http://127.0.0.1:50051 --method cacheshell --total 5000 --concurrency 100 --key-prefix grpc:phased:csredis:baseline-cacheshell:real-all-restart-apps --pipeline-key-count 3 --expiry-seconds 300
Log: artifacts\chaos-compare\run-real-all-restart-apps\failover\csredis\run-real-all-restart-apps\baseline-cacheshell.log
[GrpcStress] suite=csredis, method=cacheshell, target=http://127.0.0.1:50051, total=5000, concurrency=100
[GrpcStress] Completed
[GrpcStress] Overall Success=5000, Failed=0, Duration=3905ms, QPS=1280.41
[GrpcStress] Overall Latency(ms): p50=61.50, p95=193.25, p99=247.52, max=297.32
[GrpcStress:cacheshell] Success=5000, Failed=0, p95=193.25ms, p99=247.52ms

=== Phase: baseline-slot (csredis) ===
dotnet run --project CsredisGrpcStressTests -- --suite csredis --target http://127.0.0.1:50051 --method slot --total 5000 --concurrency 100 --key-prefix grpc:phased:csredis:baseline-slot:real-all-restart-apps --pipeline-key-count 3 --expiry-seconds 300
Log: artifacts\chaos-compare\run-real-all-restart-apps\failover\csredis\run-real-all-restart-apps\baseline-slot.log
[GrpcStress] suite=csredis, method=slot, target=http://127.0.0.1:50051, total=5000, concurrency=100
[GrpcStress] Completed
[GrpcStress] Overall Success=5000, Failed=0, Duration=588ms, QPS=8496.37
[GrpcStress] Overall Latency(ms): p50=7.67, p95=14.87, p99=119.20, max=177.30
[GrpcStress:slot] Success=5000, Failed=0, p95=14.87ms, p99=119.20ms

=== Phase: baseline-node (csredis) ===
dotnet run --project CsredisGrpcStressTests -- --suite csredis --target http://127.0.0.1:50051 --method node --total 500 --concurrency 25 --key-prefix grpc:phased:csredis:baseline-node:real-all-restart-apps --pipeline-key-count 3 --expiry-seconds 300
Log: artifacts\chaos-compare\run-real-all-restart-apps\failover\csredis\run-real-all-restart-apps\baseline-node.log
[GrpcStress] suite=csredis, method=node, target=http://127.0.0.1:50051, total=500, concurrency=25
[GrpcStress] Completed
[GrpcStress] Overall Success=500, Failed=0, Duration=68597ms, QPS=7.29
[GrpcStress] Overall Latency(ms): p50=2406.45, p95=9518.17, p99=11673.19, max=12754.42
[GrpcStress:node] Success=500, Failed=0, p95=9518.17ms, p99=11673.19ms

=== Phase: mixed (csredis) ===
dotnet run --project CsredisGrpcStressTests -- --suite csredis --target http://127.0.0.1:50051 --method all --total 20000 --concurrency 200 --key-prefix grpc:phased:csredis:mixed:real-all-restart-apps --pipeline-key-count 3 --expiry-seconds 300
Log: artifacts\chaos-compare\run-real-all-restart-apps\failover\csredis\run-real-all-restart-apps\mixed.log
[GrpcStress] suite=csredis, method=all, target=http://127.0.0.1:50051, total=20000, concurrency=200
[GrpcStress] Completed
[GrpcStress] Overall Success=20000, Failed=0, Duration=228938ms, QPS=87.36
[GrpcStress] Overall Latency(ms): p50=109.59, p95=10611.30, p99=20732.28, max=36040.30
[GrpcStress:cacheshell] Success=4000, Failed=0, p95=2990.98ms, p99=4833.27ms
[GrpcStress:get] Success=4000, Failed=0, p95=2988.59ms, p99=4833.79ms
[GrpcStress:node] Success=4000, Failed=0, p95=20732.28ms, p99=26545.29ms
[GrpcStress:pipeline] Success=4000, Failed=0, p95=2989.67ms, p99=4834.46ms
[GrpcStress:slot] Success=4000, Failed=0, p95=2980.48ms, p99=4822.28ms

=== Phased Stress Summary (csredis) ===
Summary CSV: artifacts\chaos-compare\run-real-all-restart-apps\failover\csredis\run-real-all-restart-apps\summary.csv
